[13:44:13] --- Logging Initialized for model.py ---
[13:44:13] Log file: logs/model.py@2026-02-26_13-44-13.log
[13:44:13] [MySQL] Connecting to root@localhost/ml_model

[13:44:13] ============================== CRASH DETECTED ==============================
[13:44:13] Timestamp: 2026-02-26 13:44:13.825020
[13:44:13] Traceback (most recent call last):
[13:44:13]   File "/home/sarrveshwer/Documents/codes/chumma/Machine_risk_eval_proj/.venv/lib/python3.14/site-packages/sqlalchemy/engine/base.py", line 1967, in _exec_single_context
[13:44:13]     self.dialect.do_execute(
[13:44:13]     ~~~~~~~~~~~~~~~~~~~~~~~^
[13:44:13]         cursor, str_statement, effective_parameters, context
[13:44:13]         ^^^^^^^^^^^^^^^^^^^^^^^^^^^^^^^^^^^^^^^^^^^^^^^^^^^^
[13:44:13]     )
[13:44:13]     ^
[13:44:13]   File "/home/sarrveshwer/Documents/codes/chumma/Machine_risk_eval_proj/.venv/lib/python3.14/site-packages/sqlalchemy/engine/default.py", line 952, in do_execute
[13:44:13]     cursor.execute(statement, parameters)
[13:44:13]     ~~~~~~~~~~~~~~^^^^^^^^^^^^^^^^^^^^^^^
[13:44:13]   File "/home/sarrveshwer/Documents/codes/chumma/Machine_risk_eval_proj/.venv/lib/python3.14/site-packages/pymysql/cursors.py", line 153, in execute
[13:44:13]     result = self._query(query)
[13:44:13]   File "/home/sarrveshwer/Documents/codes/chumma/Machine_risk_eval_proj/.venv/lib/python3.14/site-packages/pymysql/cursors.py", line 322, in _query
[13:44:13]     conn.query(q)
[13:44:13]     ~~~~~~~~~~^^^
[13:44:13]   File "/home/sarrveshwer/Documents/codes/chumma/Machine_risk_eval_proj/.venv/lib/python3.14/site-packages/pymysql/connections.py", line 575, in query
[13:44:13]     self._affected_rows = self._read_query_result(unbuffered=unbuffered)
[13:44:13]                           ~~~~~~~~~~~~~~~~~~~~~~~^^^^^^^^^^^^^^^^^^^^^^^
[13:44:13]   File "/home/sarrveshwer/Documents/codes/chumma/Machine_risk_eval_proj/.venv/lib/python3.14/site-packages/pymysql/connections.py", line 826, in _read_query_result
[13:44:13]     result.read()
[13:44:13]     ~~~~~~~~~~~^^
[13:44:13]   File "/home/sarrveshwer/Documents/codes/chumma/Machine_risk_eval_proj/.venv/lib/python3.14/site-packages/pymysql/connections.py", line 1203, in read
[13:44:13]     first_packet = self.connection._read_packet()
[13:44:13]   File "/home/sarrveshwer/Documents/codes/chumma/Machine_risk_eval_proj/.venv/lib/python3.14/site-packages/pymysql/connections.py", line 782, in _read_packet
[13:44:13]     packet.raise_for_error()
[13:44:13]     ~~~~~~~~~~~~~~~~~~~~~~^^
[13:44:13]   File "/home/sarrveshwer/Documents/codes/chumma/Machine_risk_eval_proj/.venv/lib/python3.14/site-packages/pymysql/protocol.py", line 219, in raise_for_error
[13:44:13]     err.raise_mysql_exception(self._data)
[13:44:13]     ~~~~~~~~~~~~~~~~~~~~~~~~~^^^^^^^^^^^^
[13:44:13]   File "/home/sarrveshwer/Documents/codes/chumma/Machine_risk_eval_proj/.venv/lib/python3.14/site-packages/pymysql/err.py", line 150, in raise_mysql_exception
[13:44:13]     raise errorclass(errno, errval)
[13:44:13] pymysql.err.ProgrammingError: (1146, "Table 'ml_model.ai4i2024' doesn't exist")

[13:44:13] The above exception was the direct cause of the following exception:

[13:44:13] Traceback (most recent call last):
[13:44:13]   File "/home/sarrveshwer/Documents/codes/chumma/Machine_risk_eval_proj/model.py", line 824, in <module>
[13:44:13]     training_df = load_dataframe()
[13:44:13]   File "/home/sarrveshwer/Documents/codes/chumma/Machine_risk_eval_proj/model.py", line 40, in load_dataframe
[13:44:13]     df = pd.read_sql(f"SELECT * FROM `{SOURCE_TABLE}`", conn)
[13:44:13]   File "/home/sarrveshwer/Documents/codes/chumma/Machine_risk_eval_proj/.venv/lib/python3.14/site-packages/pandas/io/sql.py", line 736, in read_sql
[13:44:13]     return pandas_sql.read_query(
[13:44:13]            ~~~~~~~~~~~~~~~~~~~~~^
[13:44:13]         sql,
[13:44:13]         ^^^^
[13:44:13]     ...<6 lines>...
[13:44:13]         dtype=dtype,
[13:44:13]         ^^^^^^^^^^^^
[13:44:13]     )
[13:44:13]     ^
[13:44:13]   File "/home/sarrveshwer/Documents/codes/chumma/Machine_risk_eval_proj/.venv/lib/python3.14/site-packages/pandas/io/sql.py", line 1848, in read_query
[13:44:13]     result = self.execute(sql, params)
[13:44:13]   File "/home/sarrveshwer/Documents/codes/chumma/Machine_risk_eval_proj/.venv/lib/python3.14/site-packages/pandas/io/sql.py", line 1671, in execute
[13:44:13]     return self.con.exec_driver_sql(sql, *args)
[13:44:13]            ~~~~~~~~~~~~~~~~~~~~~~~~^^^^^^^^^^^^
[13:44:13]   File "/home/sarrveshwer/Documents/codes/chumma/Machine_risk_eval_proj/.venv/lib/python3.14/site-packages/sqlalchemy/engine/base.py", line 1779, in exec_driver_sql
[13:44:13]     ret = self._execute_context(
[13:44:13]         dialect,
[13:44:13]     ...<5 lines>...
[13:44:13]         distilled_parameters,
[13:44:13]     )
[13:44:13]   File "/home/sarrveshwer/Documents/codes/chumma/Machine_risk_eval_proj/.venv/lib/python3.14/site-packages/sqlalchemy/engine/base.py", line 1846, in _execute_context
[13:44:13]     return self._exec_single_context(
[13:44:13]            ~~~~~~~~~~~~~~~~~~~~~~~~~^
[13:44:13]         dialect, context, statement, parameters
[13:44:13]         ^^^^^^^^^^^^^^^^^^^^^^^^^^^^^^^^^^^^^^^
[13:44:13]     )
[13:44:13]     ^
[13:44:13]   File "/home/sarrveshwer/Documents/codes/chumma/Machine_risk_eval_proj/.venv/lib/python3.14/site-packages/sqlalchemy/engine/base.py", line 1986, in _exec_single_context
[13:44:13]     self._handle_dbapi_exception(
[13:44:13]     ~~~~~~~~~~~~~~~~~~~~~~~~~~~~^
[13:44:13]         e, str_statement, effective_parameters, cursor, context
[13:44:13]         ^^^^^^^^^^^^^^^^^^^^^^^^^^^^^^^^^^^^^^^^^^^^^^^^^^^^^^^
[13:44:13]     )
[13:44:13]     ^
[13:44:13]   File "/home/sarrveshwer/Documents/codes/chumma/Machine_risk_eval_proj/.venv/lib/python3.14/site-packages/sqlalchemy/engine/base.py", line 2363, in _handle_dbapi_exception
[13:44:13]     raise sqlalchemy_exception.with_traceback(exc_info[2]) from e
[13:44:13]   File "/home/sarrveshwer/Documents/codes/chumma/Machine_risk_eval_proj/.venv/lib/python3.14/site-packages/sqlalchemy/engine/base.py", line 1967, in _exec_single_context
[13:44:13]     self.dialect.do_execute(
[13:44:13]     ~~~~~~~~~~~~~~~~~~~~~~~^
[13:44:13]         cursor, str_statement, effective_parameters, context
[13:44:13]         ^^^^^^^^^^^^^^^^^^^^^^^^^^^^^^^^^^^^^^^^^^^^^^^^^^^^
[13:44:13]     )
[13:44:13]     ^
[13:44:13]   File "/home/sarrveshwer/Documents/codes/chumma/Machine_risk_eval_proj/.venv/lib/python3.14/site-packages/sqlalchemy/engine/default.py", line 952, in do_execute
[13:44:13]     cursor.execute(statement, parameters)
[13:44:13]     ~~~~~~~~~~~~~~^^^^^^^^^^^^^^^^^^^^^^^
[13:44:13]   File "/home/sarrveshwer/Documents/codes/chumma/Machine_risk_eval_proj/.venv/lib/python3.14/site-packages/pymysql/cursors.py", line 153, in execute
[13:44:13]     result = self._query(query)
[13:44:13]   File "/home/sarrveshwer/Documents/codes/chumma/Machine_risk_eval_proj/.venv/lib/python3.14/site-packages/pymysql/cursors.py", line 322, in _query
[13:44:13]     conn.query(q)
[13:44:13]     ~~~~~~~~~~^^^
[13:44:13]   File "/home/sarrveshwer/Documents/codes/chumma/Machine_risk_eval_proj/.venv/lib/python3.14/site-packages/pymysql/connections.py", line 575, in query
[13:44:13]     self._affected_rows = self._read_query_result(unbuffered=unbuffered)
[13:44:13]                           ~~~~~~~~~~~~~~~~~~~~~~~^^^^^^^^^^^^^^^^^^^^^^^
[13:44:13]   File "/home/sarrveshwer/Documents/codes/chumma/Machine_risk_eval_proj/.venv/lib/python3.14/site-packages/pymysql/connections.py", line 826, in _read_query_result
[13:44:13]     result.read()
[13:44:13]     ~~~~~~~~~~~^^
[13:44:13]   File "/home/sarrveshwer/Documents/codes/chumma/Machine_risk_eval_proj/.venv/lib/python3.14/site-packages/pymysql/connections.py", line 1203, in read
[13:44:13]     first_packet = self.connection._read_packet()
[13:44:13]   File "/home/sarrveshwer/Documents/codes/chumma/Machine_risk_eval_proj/.venv/lib/python3.14/site-packages/pymysql/connections.py", line 782, in _read_packet
[13:44:13]     packet.raise_for_error()
[13:44:13]     ~~~~~~~~~~~~~~~~~~~~~~^^
[13:44:13]   File "/home/sarrveshwer/Documents/codes/chumma/Machine_risk_eval_proj/.venv/lib/python3.14/site-packages/pymysql/protocol.py", line 219, in raise_for_error
[13:44:13]     err.raise_mysql_exception(self._data)
[13:44:13]     ~~~~~~~~~~~~~~~~~~~~~~~~~^^^^^^^^^^^^
[13:44:13]   File "/home/sarrveshwer/Documents/codes/chumma/Machine_risk_eval_proj/.venv/lib/python3.14/site-packages/pymysql/err.py", line 150, in raise_mysql_exception
[13:44:13]     raise errorclass(errno, errval)
[13:44:13] sqlalchemy.exc.ProgrammingError: (pymysql.err.ProgrammingError) (1146, "Table 'ml_model.ai4i2024' doesn't exist")
[13:44:13] [SQL: SELECT * FROM `ai4i2024`]
[13:44:13] (Background on this error at: https://sqlalche.me/e/20/f405)

[13:44:13] ============================================================================

