[11:35:51] --- Logging Initialized for model.py ---
[11:35:51] Log file: logs/model.py@2026-02-26_11-35-51.log
[11:35:51] Fitting 3 folds for each of 50 candidates, totalling 150 fits
[11:37:44] ========== Model Features =========
[11:37:44] Air temperature [K]
[11:37:44] Process temperature [K]
[11:37:44] Rotational speed [rpm]
[11:37:44] Torque [Nm]
[11:37:44] Tool wear [min]
[11:37:44] Air temperature [K]_Rolling_Mean
[11:37:44] Air temperature [K]_Volatility
[11:37:44] Air temperature [K]_Delta
[11:37:44] Process temperature [K]_Rolling_Mean
[11:37:44] Process temperature [K]_Volatility
[11:37:44] Process temperature [K]_Delta
[11:37:44] Rotational speed [rpm]_Rolling_Mean
[11:37:44] Rotational speed [rpm]_Volatility
[11:37:44] Rotational speed [rpm]_Delta
[11:37:44] Torque [Nm]_Rolling_Mean
[11:37:44] Torque [Nm]_Volatility
[11:37:44] Torque [Nm]_Delta
[11:37:44] Tool wear [min]_Rolling_Mean
[11:37:44] Tool wear [min]_Volatility
[11:37:44] Tool wear [min]_Delta
[11:37:44] Air temperature [K]_Rolling_Delta
[11:37:44] Process temperature [K]_Rolling_Delta
[11:37:44] Rotational speed [rpm]_Rolling_Delta
[11:37:44] Torque [Nm]_Rolling_Delta
[11:37:44] Tool wear [min]_Rolling_Delta

[11:37:44] === Model Evaluation (Test Set) ===
[11:37:44] ROC-AUC score :0.901
[11:37:44] Risk Tolerance used : 0.304
[11:37:44] TP: 30 | FP: 192
[11:37:44] FN: 9 | TN: 1768

[11:37:44] Rates:
[11:37:44] Recall (TPR) : 0.769
[11:37:44] Precision    : 0.135
[11:37:44] False PosRate: 0.098
[11:37:44] ====================================
[11:37:44] Classification dataset: 339 failure rows, class distribution:
[11:37:44] _failure_class
[11:37:44] TWF     46
[11:37:44] HDF    115
[11:37:44] PWF     91
[11:37:44] OSF     87
[11:37:44] Name: count, dtype: int64
[11:38:06] ========== Softmax Model Features =========
[11:38:06] Air temperature [K]
[11:38:06] Process temperature [K]
[11:38:06] Rotational speed [rpm]
[11:38:06] Torque [Nm]
[11:38:06] Tool wear [min]
[11:38:06] Air temperature [K]_Rolling_Mean
[11:38:06] Air temperature [K]_Volatility
[11:38:06] Air temperature [K]_Delta
[11:38:06] Process temperature [K]_Rolling_Mean
[11:38:06] Process temperature [K]_Volatility
[11:38:06] Process temperature [K]_Delta
[11:38:06] Rotational speed [rpm]_Rolling_Mean
[11:38:06] Rotational speed [rpm]_Volatility
[11:38:06] Rotational speed [rpm]_Delta
[11:38:06] Torque [Nm]_Rolling_Mean
[11:38:06] Torque [Nm]_Volatility
[11:38:06] Torque [Nm]_Delta
[11:38:06] Tool wear [min]_Rolling_Mean
[11:38:06] Tool wear [min]_Volatility
[11:38:06] Tool wear [min]_Delta
[11:38:06] Air temperature [K]_Rolling_Delta
[11:38:06] Process temperature [K]_Rolling_Delta
[11:38:06] Rotational speed [rpm]_Rolling_Delta
[11:38:06] Torque [Nm]_Rolling_Delta
[11:38:06] Tool wear [min]_Rolling_Delta

[11:38:06] === Model Evaluation (Test Set) ===
[11:38:06]               precision    recall  f1-score   support

[11:38:06]            0       0.53      0.89      0.67         9
[11:38:06]            1       0.95      0.83      0.88        23
[11:38:06]            2       0.94      0.94      0.94        18
[11:38:06]            3       0.87      0.72      0.79        18

[11:38:06]     accuracy                           0.84        68
[11:38:06]    macro avg       0.82      0.85      0.82        68
[11:38:06] weighted avg       0.87      0.84      0.85        68

[11:38:06] ====================================
[11:38:06] Loaded all FailureClassification Models from disk
[11:38:14] --------------------------------------------------
[11:38:14] Optimal Parameters: {'warning_sensitivity': np.float64(0.1), 'diagnosis_sensitivity': np.float64(0.1)}
[11:38:14] --------------------------------------------------

[11:38:14] Step  | Risk     | Alert      | Failure Type
[11:38:14] --------------------------------------------------
[11:38:15] 1     | 0.0429   | HEALTHY    | None
[11:38:15] 2     | 0.1707   | HEALTHY    | None
[11:38:15] 3     | 0.3653   | HEALTHY    | None
[11:38:15] 4     | 0.6803   | WARNING    | TWF
[11:38:15] 5     | 0.9136   | CRITICAL   | TWF
[11:38:15] 6     | 0.9953   | CRITICAL   | TWF
[11:38:15] 7     | 0.9990   | CRITICAL   | TWF
[11:38:15] 8     | 0.9983   | CRITICAL   | TWF
[11:38:15] 9     | 0.9985   | CRITICAL   | TWF
[11:38:15] 10    | 0.9988   | CRITICAL   | HDF
