[21:46:27] Step 1   | Risk: 0.0546 | Alert: HEALTHY  | Failure: None            | Air: 299.6 | ProcT: 308.5 | RPM: 1492 | Torque: 38.7 | Wear: 50
[21:46:28] Step 2   | Risk: 0.5217 | Alert: HEALTHY  | Failure: None            | Air: 299.4 | ProcT: 310.9 | RPM: 1482 | Torque: 39.5 | Wear: 52
[21:46:29] Step 3   | Risk: 0.3478 | Alert: HEALTHY  | Failure: None            | Air: 298.2 | ProcT: 308.2 | RPM: 1496 | Torque: 41.1 | Wear: 54
[21:46:30] Step 4   | Risk: 0.6609 | Alert: WARNING  | Failure: OSF             | Air: 299.9 | ProcT: 311.6 | RPM: 1453 | Torque: 39.6 | Wear: 56
[21:46:31] Step 5   | Risk: 0.3342 | Alert: HEALTHY  | Failure: None            | Air: 300.5 | ProcT: 309.2 | RPM: 1517 | Torque: 41.6 | Wear: 58
[21:46:32] Step 6   | Risk: 0.4431 | Alert: HEALTHY  | Failure: None            | Air: 299.5 | ProcT: 310.4 | RPM: 1519 | Torque: 39.5 | Wear: 60
[21:46:33] Step 7   | Risk: 0.3552 | Alert: HEALTHY  | Failure: None            | Air: 300.6 | ProcT: 310.8 | RPM: 1471 | Torque: 39.1 | Wear: 62
[21:46:34] Step 8   | Risk: 0.3587 | Alert: HEALTHY  | Failure: None            | Air: 301.9 | ProcT: 309.2 | RPM: 1537 | Torque: 38.3 | Wear: 64
[21:46:35] Step 9   | Risk: 0.5809 | Alert: HEALTHY  | Failure: None            | Air: 301.3 | ProcT: 311.8 | RPM: 1528 | Torque: 40.4 | Wear: 66
[21:46:36] Step 10  | Risk: 0.3384 | Alert: HEALTHY  | Failure: None            | Air: 298.1 | ProcT: 310.4 | RPM: 1508 | Torque: 40.1 | Wear: 68
[21:46:37] Step 11  | Risk: 0.3854 | Alert: HEALTHY  | Failure: None            | Air: 301.0 | ProcT: 310.2 | RPM: 1452 | Torque: 41.5 | Wear: 70
[21:46:38] Step 12  | Risk: 0.1924 | Alert: HEALTHY  | Failure: None            | Air: 300.2 | ProcT: 310.9 | RPM: 1403 | Torque: 44.3 | Wear: 78
[21:46:39] Step 13  | Risk: 0.5145 | Alert: HEALTHY  | Failure: None            | Air: 303.1 | ProcT: 312.1 | RPM: 1365 | Torque: 45.3 | Wear: 86
[21:46:40] Step 14  | Risk: 0.7945 | Alert: CRITICAL | Failure: TWF             | Air: 305.0 | ProcT: 316.2 | RPM: 1324 | Torque: 49.4 | Wear: 94
[21:46:41] Step 15  | Risk: 0.9897 | Alert: CRITICAL | Failure: TWF             | Air: 306.0 | ProcT: 317.8 | RPM: 1244 | Torque: 52.6 | Wear: 101
[21:46:42] Step 16  | Risk: 1.0000 | Alert: CRITICAL | Failure: TWF             | Air: 309.0 | ProcT: 318.0 | RPM: 1175 | Torque: 57.3 | Wear: 108
[21:46:43] Step 17  | Risk: 1.0000 | Alert: CRITICAL | Failure: TWF             | Air: 310.0 | ProcT: 320.2 | RPM: 1094 | Torque: 60.1 | Wear: 114
[21:46:44] Step 18  | Risk: 1.0000 | Alert: CRITICAL | Failure: TWF             | Air: 311.4 | ProcT: 321.7 | RPM: 1027 | Torque: 63.2 | Wear: 120
[21:46:45] Step 19  | Risk: 1.0000 | Alert: CRITICAL | Failure: TWF             | Air: 313.3 | ProcT: 323.3 | RPM: 963 | Torque: 66.5 | Wear: 125
[21:46:46] Step 20  | Risk: 1.0000 | Alert: CRITICAL | Failure: HDF             | Air: 315.0 | ProcT: 325.0 | RPM: 900 | Torque: 70.0 | Wear: 130
[21:47:06] --- Session Reset ---
[21:47:07] Step 1   | Risk: 0.0035 | Alert: HEALTHY  | Failure: None            | Air: 299.0 | ProcT: 310.9 | RPM: 1515 | Torque: 39.5 | Wear: 50
[21:47:08] Step 2   | Risk: 0.0018 | Alert: HEALTHY  | Failure: None            | Air: 299.0 | ProcT: 309.6 | RPM: 1452 | Torque: 41.3 | Wear: 52
[21:47:09] Step 3   | Risk: 0.0015 | Alert: HEALTHY  | Failure: None            | Air: 298.3 | ProcT: 309.0 | RPM: 1540 | Torque: 41.6 | Wear: 54
[21:47:10] Step 4   | Risk: 0.3289 | Alert: HEALTHY  | Failure: None            | Air: 300.9 | ProcT: 311.7 | RPM: 1519 | Torque: 38.1 | Wear: 56
[21:47:11] Step 5   | Risk: 0.3336 | Alert: HEALTHY  | Failure: None            | Air: 299.2 | ProcT: 311.0 | RPM: 1466 | Torque: 41.9 | Wear: 58
[21:47:12] Step 6   | Risk: 0.3337 | Alert: HEALTHY  | Failure: None            | Air: 300.7 | ProcT: 308.1 | RPM: 1497 | Torque: 39.5 | Wear: 60
[21:47:13] Step 7   | Risk: 0.3383 | Alert: HEALTHY  | Failure: None            | Air: 301.9 | ProcT: 311.1 | RPM: 1451 | Torque: 39.0 | Wear: 62
[21:47:14] Step 8   | Risk: 0.3341 | Alert: HEALTHY  | Failure: None            | Air: 299.3 | ProcT: 309.9 | RPM: 1516 | Torque: 38.0 | Wear: 64
[21:47:15] Step 9   | Risk: 0.5921 | Alert: HEALTHY  | Failure: None            | Air: 299.8 | ProcT: 311.4 | RPM: 1539 | Torque: 38.4 | Wear: 66
[21:47:16] Step 10  | Risk: 0.3794 | Alert: HEALTHY  | Failure: None            | Air: 300.6 | ProcT: 311.2 | RPM: 1495 | Torque: 40.9 | Wear: 68
[21:47:17] Step 11  | Risk: 0.3840 | Alert: HEALTHY  | Failure: None            | Air: 302.0 | ProcT: 309.7 | RPM: 1512 | Torque: 40.9 | Wear: 70
[21:47:18] Step 12  | Risk: 0.3919 | Alert: HEALTHY  | Failure: None            | Air: 301.5 | ProcT: 310.7 | RPM: 1482 | Torque: 38.0 | Wear: 72
[21:47:19] Step 13  | Risk: 0.2792 | Alert: HEALTHY  | Failure: None            | Air: 298.7 | ProcT: 310.6 | RPM: 1473 | Torque: 41.4 | Wear: 74
[21:47:20] Step 14  | Risk: 0.2904 | Alert: HEALTHY  | Failure: None            | Air: 300.2 | ProcT: 310.5 | RPM: 1486 | Torque: 39.1 | Wear: 76
[21:47:21] Step 15  | Risk: 0.3060 | Alert: HEALTHY  | Failure: None            | Air: 301.9 | ProcT: 311.3 | RPM: 1437 | Torque: 43.8 | Wear: 87
[21:47:22] Step 16  | Risk: 0.6316 | Alert: WARNING  | Failure: TWF             | Air: 304.9 | ProcT: 313.8 | RPM: 1276 | Torque: 50.8 | Wear: 97
[21:47:23] Step 17  | Risk: 0.9486 | Alert: CRITICAL | Failure: TWF             | Air: 308.3 | ProcT: 318.5 | RPM: 1182 | Torque: 54.6 | Wear: 106
[21:47:24] Step 18  | Risk: 1.0000 | Alert: CRITICAL | Failure: TWF             | Air: 309.7 | ProcT: 320.3 | RPM: 1105 | Torque: 60.6 | Wear: 115
[21:47:25] Step 19  | Risk: 1.0000 | Alert: CRITICAL | Failure: TWF             | Air: 312.2 | ProcT: 322.7 | RPM: 1004 | Torque: 64.7 | Wear: 123
[21:47:26] Step 20  | Risk: 1.0000 | Alert: CRITICAL | Failure: TWF             | Air: 315.0 | ProcT: 325.0 | RPM: 900 | Torque: 70.0 | Wear: 130
[21:47:30] --- Session Reset ---
[21:47:31] Step 1   | Risk: 0.0064 | Alert: HEALTHY  | Failure: None            | Air: 300.3 | ProcT: 311.6 | RPM: 1526 | Torque: 39.4 | Wear: 50
[21:47:32] Step 2   | Risk: 0.0032 | Alert: HEALTHY  | Failure: None            | Air: 300.3 | ProcT: 309.0 | RPM: 1472 | Torque: 39.7 | Wear: 52
[21:47:33] Step 3   | Risk: 0.0022 | Alert: HEALTHY  | Failure: None            | Air: 299.1 | ProcT: 308.2 | RPM: 1503 | Torque: 41.1 | Wear: 54
[21:47:34] Step 4   | Risk: 0.0338 | Alert: HEALTHY  | Failure: None            | Air: 300.2 | ProcT: 309.0 | RPM: 1478 | Torque: 40.4 | Wear: 56
[21:47:35] Step 5   | Risk: 0.1375 | Alert: HEALTHY  | Failure: None            | Air: 301.4 | ProcT: 309.5 | RPM: 1466 | Torque: 39.3 | Wear: 58
[21:47:36] Step 6   | Risk: 0.4688 | Alert: HEALTHY  | Failure: None            | Air: 301.1 | ProcT: 311.7 | RPM: 1531 | Torque: 41.0 | Wear: 60
[21:47:37] Step 7   | Risk: 0.4476 | Alert: HEALTHY  | Failure: None            | Air: 298.6 | ProcT: 310.9 | RPM: 1459 | Torque: 38.8 | Wear: 62
[21:47:38] Step 8   | Risk: 0.6485 | Alert: WARNING  | Failure: TWF             | Air: 302.6 | ProcT: 310.8 | RPM: 1446 | Torque: 43.8 | Wear: 69
[21:47:39] Step 9   | Risk: 0.6502 | Alert: WARNING  | Failure: OSF             | Air: 302.3 | ProcT: 313.6 | RPM: 1433 | Torque: 45.6 | Wear: 76
[21:47:40] Step 10  | Risk: 0.7563 | Alert: WARNING  | Failure: TWF             | Air: 302.6 | ProcT: 312.6 | RPM: 1344 | Torque: 48.0 | Wear: 82
[21:47:41] Step 11  | Risk: 0.7850 | Alert: CRITICAL | Failure: TWF             | Air: 304.7 | ProcT: 313.7 | RPM: 1309 | Torque: 50.3 | Wear: 88
[21:47:42] Step 12  | Risk: 0.7852 | Alert: CRITICAL | Failure: OSF             | Air: 305.1 | ProcT: 315.7 | RPM: 1290 | Torque: 51.7 | Wear: 94
[21:47:43] Step 13  | Risk: 0.9999 | Alert: CRITICAL | Failure: TWF             | Air: 307.8 | ProcT: 317.3 | RPM: 1245 | Torque: 53.5 | Wear: 100
[21:47:44] Step 14  | Risk: 0.9999 | Alert: CRITICAL | Failure: TWF             | Air: 308.5 | ProcT: 317.3 | RPM: 1193 | Torque: 56.0 | Wear: 105
[21:47:45] Step 15  | Risk: 1.0000 | Alert: CRITICAL | Failure: HDF             | Air: 309.9 | ProcT: 319.5 | RPM: 1147 | Torque: 58.0 | Wear: 110
[21:47:46] Step 16  | Risk: 1.0000 | Alert: CRITICAL | Failure: TWF             | Air: 310.8 | ProcT: 320.1 | RPM: 1097 | Torque: 60.4 | Wear: 115
[21:47:47] Step 17  | Risk: 1.0000 | Alert: CRITICAL | Failure: HDF             | Air: 311.2 | ProcT: 321.4 | RPM: 1046 | Torque: 63.1 | Wear: 119
[21:47:48] Step 18  | Risk: 1.0000 | Alert: CRITICAL | Failure: HDF             | Air: 312.9 | ProcT: 322.5 | RPM: 1000 | Torque: 65.5 | Wear: 123
[21:47:49] Step 19  | Risk: 1.0000 | Alert: CRITICAL | Failure: HDF             | Air: 313.7 | ProcT: 323.9 | RPM: 946 | Torque: 67.6 | Wear: 127
[21:47:50] Step 20  | Risk: 1.0000 | Alert: CRITICAL | Failure: HDF             | Air: 315.0 | ProcT: 325.0 | RPM: 900 | Torque: 70.0 | Wear: 130
[21:49:27] --- Session Reset ---
[21:49:28] Step 1   | Risk: 0.0592 | Alert: HEALTHY  | Failure: None            | Air: 298.1 | ProcT: 308.3 | RPM: 1680 | Torque: 33.7 | Wear: 185
[21:49:29] Step 2   | Risk: 0.1047 | Alert: HEALTHY  | Failure: None            | Air: 297.8 | ProcT: 308.5 | RPM: 1448 | Torque: 40.0 | Wear: 192
[21:49:30] Step 3   | Risk: 0.2565 | Alert: HEALTHY  | Failure: None            | Air: 297.6 | ProcT: 309.2 | RPM: 1390 | Torque: 43.3 | Wear: 221
[21:49:31] Step 4   | Risk: 0.2454 | Alert: HEALTHY  | Failure: None            | Air: 297.5 | ProcT: 308.5 | RPM: 1546 | Torque: 40.4 | Wear: 129
[21:49:32] Step 5   | Risk: 0.3259 | Alert: HEALTHY  | Failure: None            | Air: 298.1 | ProcT: 308.5 | RPM: 1372 | Torque: 51.1 | Wear: 116
[21:49:33] Step 6   | Risk: 0.4096 | Alert: HEALTHY  | Failure: None            | Air: 298.9 | ProcT: 309.0 | RPM: 1924 | Torque: 22.6 | Wear: 193
[21:49:34] Step 7   | Risk: 0.4342 | Alert: HEALTHY  | Failure: None            | Air: 297.5 | ProcT: 308.2 | RPM: 2448 | Torque: 13.8 | Wear: 29
[21:49:35] Step 8   | Risk: 0.6303 | Alert: WARNING  | Failure: HDF             | Air: 298.8 | ProcT: 309.2 | RPM: 1452 | Torque: 48.6 | Wear: 98
[21:49:36] Step 9   | Risk: 0.3643 | Alert: HEALTHY  | Failure: None            | Air: 297.4 | ProcT: 308.6 | RPM: 1643 | Torque: 31.0 | Wear: 89
[21:49:37] Step 10  | Risk: 0.4268 | Alert: HEALTHY  | Failure: None            | Air: 298.2 | ProcT: 308.1 | RPM: 1306 | Torque: 58.3 | Wear: 35
[21:49:38] Step 11  | Risk: 0.4317 | Alert: HEALTHY  | Failure: None            | Air: 299.0 | ProcT: 308.6 | RPM: 1329 | Torque: 60.5 | Wear: 120
[21:49:39] Step 12  | Risk: 0.4834 | Alert: HEALTHY  | Failure: None            | Air: 298.4 | ProcT: 308.2 | RPM: 1850 | Torque: 27.0 | Wear: 194
[21:49:40] Step 13  | Risk: 0.5513 | Alert: HEALTHY  | Failure: None            | Air: 297.7 | ProcT: 309.5 | RPM: 2027 | Torque: 19.8 | Wear: 39
[21:49:41] Step 14  | Risk: 0.2323 | Alert: HEALTHY  | Failure: None            | Air: 297.4 | ProcT: 309.0 | RPM: 1833 | Torque: 22.6 | Wear: 161
[21:49:42] Step 15  | Risk: 0.1794 | Alert: HEALTHY  | Failure: None            | Air: 298.2 | ProcT: 308.3 | RPM: 1568 | Torque: 36.0 | Wear: 92
[21:50:09] --- Session Reset ---
[21:50:10] Step 1   | Risk: 0.0156 | Alert: HEALTHY  | Failure: None            | Air: 299.5 | ProcT: 309.6 | RPM: 1459 | Torque: 38.3 | Wear: 50
[21:50:11] Step 2   | Risk: 0.4572 | Alert: HEALTHY  | Failure: None            | Air: 301.9 | ProcT: 308.2 | RPM: 1480 | Torque: 39.5 | Wear: 52
[21:50:12] Step 3   | Risk: 0.6206 | Alert: WARNING  | Failure: HDF             | Air: 298.6 | ProcT: 310.7 | RPM: 1530 | Torque: 38.9 | Wear: 54
[21:50:13] Step 4   | Risk: 0.8336 | Alert: CRITICAL | Failure: TWF             | Air: 301.9 | ProcT: 309.5 | RPM: 1516 | Torque: 41.9 | Wear: 56
[21:50:14] Step 5   | Risk: 0.8586 | Alert: CRITICAL | Failure: TWF             | Air: 301.2 | ProcT: 311.0 | RPM: 1457 | Torque: 40.3 | Wear: 58
[21:50:15] Step 6   | Risk: 0.5960 | Alert: WARNING  | Failure: TWF             | Air: 299.4 | ProcT: 311.0 | RPM: 1490 | Torque: 41.7 | Wear: 60
[21:50:16] Step 7   | Risk: 0.3817 | Alert: HEALTHY  | Failure: None            | Air: 298.0 | ProcT: 310.4 | RPM: 1479 | Torque: 41.0 | Wear: 62
[21:50:17] Step 8   | Risk: 0.0822 | Alert: HEALTHY  | Failure: None            | Air: 301.5 | ProcT: 309.7 | RPM: 1546 | Torque: 38.2 | Wear: 64
[21:50:18] Step 9   | Risk: 0.0293 | Alert: HEALTHY  | Failure: None            | Air: 298.8 | ProcT: 308.4 | RPM: 1523 | Torque: 41.6 | Wear: 66
[21:50:19] Step 10  | Risk: 0.0379 | Alert: HEALTHY  | Failure: None            | Air: 299.0 | ProcT: 308.9 | RPM: 1461 | Torque: 38.2 | Wear: 68
[21:50:20] Step 11  | Risk: 0.3365 | Alert: HEALTHY  | Failure: None            | Air: 298.9 | ProcT: 311.7 | RPM: 1481 | Torque: 39.1 | Wear: 70
[21:50:21] Step 12  | Risk: 0.3363 | Alert: HEALTHY  | Failure: None            | Air: 300.9 | ProcT: 308.6 | RPM: 1489 | Torque: 39.9 | Wear: 72
[21:50:22] Step 13  | Risk: 0.6449 | Alert: WARNING  | Failure: OSF             | Air: 298.8 | ProcT: 311.4 | RPM: 1487 | Torque: 38.4 | Wear: 74
[21:50:23] Step 14  | Risk: 0.6545 | Alert: WARNING  | Failure: TWF             | Air: 302.8 | ProcT: 313.2 | RPM: 1395 | Torque: 44.7 | Wear: 84
[21:50:24] Step 15  | Risk: 0.9876 | Alert: CRITICAL | Failure: TWF             | Air: 305.3 | ProcT: 314.2 | RPM: 1327 | Torque: 47.2 | Wear: 93
[21:50:25] Step 16  | Risk: 0.9998 | Alert: CRITICAL | Failure: TWF             | Air: 306.1 | ProcT: 315.6 | RPM: 1244 | Torque: 53.2 | Wear: 101
[21:50:27] Step 17  | Risk: 1.0000 | Alert: CRITICAL | Failure: TWF             | Air: 309.3 | ProcT: 319.3 | RPM: 1140 | Torque: 56.4 | Wear: 109
[21:50:28] Step 18  | Risk: 1.0000 | Alert: CRITICAL | Failure: TWF             | Air: 311.1 | ProcT: 320.8 | RPM: 1058 | Torque: 61.5 | Wear: 117
[21:50:29] Step 19  | Risk: 1.0000 | Alert: CRITICAL | Failure: TWF             | Air: 312.6 | ProcT: 323.1 | RPM: 984 | Torque: 65.5 | Wear: 124
[21:50:30] Step 20  | Risk: 1.0000 | Alert: CRITICAL | Failure: TWF             | Air: 315.0 | ProcT: 325.0 | RPM: 900 | Torque: 70.0 | Wear: 130
[21:50:49] --- Session Reset ---
[21:50:50] Step 1   | Risk: 0.0432 | Alert: HEALTHY  | Failure: None            | Air: 299.6 | ProcT: 309.2 | RPM: 1459 | Torque: 41.8 | Wear: 50
[21:50:51] Step 2   | Risk: 0.5216 | Alert: HEALTHY  | Failure: None            | Air: 302.0 | ProcT: 311.9 | RPM: 1490 | Torque: 38.8 | Wear: 52
[21:50:52] Step 3   | Risk: 0.3499 | Alert: HEALTHY  | Failure: None            | Air: 298.9 | ProcT: 310.2 | RPM: 1539 | Torque: 39.3 | Wear: 54
[21:50:53] Step 4   | Risk: 0.6589 | Alert: WARNING  | Failure: TWF             | Air: 301.7 | ProcT: 311.3 | RPM: 1457 | Torque: 39.8 | Wear: 56
[21:50:54] Step 5   | Risk: 0.3303 | Alert: HEALTHY  | Failure: None            | Air: 299.0 | ProcT: 310.2 | RPM: 1466 | Torque: 41.1 | Wear: 58
[21:50:55] Step 6   | Risk: 0.3313 | Alert: HEALTHY  | Failure: None            | Air: 299.7 | ProcT: 310.2 | RPM: 1505 | Torque: 39.6 | Wear: 60
[21:50:56] Step 7   | Risk: 0.3192 | Alert: HEALTHY  | Failure: None            | Air: 300.9 | ProcT: 311.8 | RPM: 1492 | Torque: 40.4 | Wear: 62
[21:50:57] Step 8   | Risk: 0.3398 | Alert: HEALTHY  | Failure: None            | Air: 302.6 | ProcT: 310.8 | RPM: 1424 | Torque: 41.7 | Wear: 69
[21:50:58] Step 9   | Risk: 0.6662 | Alert: WARNING  | Failure: TWF             | Air: 303.5 | ProcT: 311.1 | RPM: 1397 | Torque: 44.3 | Wear: 76
[21:50:59] Step 10  | Risk: 0.6880 | Alert: WARNING  | Failure: TWF             | Air: 304.0 | ProcT: 312.4 | RPM: 1365 | Torque: 47.1 | Wear: 82
[21:51:00] Step 11  | Risk: 0.9960 | Alert: CRITICAL | Failure: TWF             | Air: 305.5 | ProcT: 315.9 | RPM: 1344 | Torque: 49.3 | Wear: 88
[21:51:01] Step 12  | Risk: 0.9995 | Alert: CRITICAL | Failure: TWF             | Air: 306.7 | ProcT: 315.4 | RPM: 1273 | Torque: 52.5 | Wear: 94
[21:51:02] Step 13  | Risk: 0.9997 | Alert: CRITICAL | Failure: OSF             | Air: 307.7 | ProcT: 317.8 | RPM: 1197 | Torque: 53.9 | Wear: 100
[21:51:03] Step 14  | Risk: 0.9996 | Alert: CRITICAL | Failure: TWF             | Air: 308.2 | ProcT: 318.1 | RPM: 1172 | Torque: 56.6 | Wear: 105
[21:51:04] Step 15  | Risk: 0.9997 | Alert: CRITICAL | Failure: HDF             | Air: 309.3 | ProcT: 318.7 | RPM: 1122 | Torque: 58.4 | Wear: 110
[21:51:05] Step 16  | Risk: 0.9997 | Alert: CRITICAL | Failure: HDF             | Air: 309.9 | ProcT: 319.9 | RPM: 1082 | Torque: 60.6 | Wear: 115
[21:51:06] Step 17  | Risk: 0.9997 | Alert: CRITICAL | Failure: HDF             | Air: 311.7 | ProcT: 321.6 | RPM: 1041 | Torque: 62.8 | Wear: 119
[21:51:07] Step 18  | Risk: 0.9999 | Alert: CRITICAL | Failure: HDF             | Air: 312.8 | ProcT: 322.7 | RPM: 995 | Torque: 65.6 | Wear: 123
[21:51:08] Step 19  | Risk: 1.0000 | Alert: CRITICAL | Failure: HDF             | Air: 314.0 | ProcT: 323.9 | RPM: 945 | Torque: 67.7 | Wear: 127
[21:51:09] Step 20  | Risk: 1.0000 | Alert: CRITICAL | Failure: HDF             | Air: 315.0 | ProcT: 325.0 | RPM: 900 | Torque: 70.0 | Wear: 130
[23:44:59] --- Session Reset ---
[23:45:01] Step 1   | Risk: 0.0043 | Alert: HEALTHY  | Failure: None            | Air: 299.5 | ProcT: 311.4 | RPM: 1455 | Torque: 41.3 | Wear: 50
[23:45:02] Step 2   | Risk: 0.3386 | Alert: HEALTHY  | Failure: None            | Air: 301.9 | ProcT: 310.0 | RPM: 1470 | Torque: 42.0 | Wear: 52
[23:45:03] Step 3   | Risk: 0.2522 | Alert: HEALTHY  | Failure: None            | Air: 300.4 | ProcT: 310.0 | RPM: 1485 | Torque: 38.4 | Wear: 54
[23:45:05] Step 4   | Risk: 0.2518 | Alert: HEALTHY  | Failure: None            | Air: 300.2 | ProcT: 308.2 | RPM: 1484 | Torque: 41.3 | Wear: 56
[23:45:06] Step 5   | Risk: 0.2758 | Alert: HEALTHY  | Failure: None            | Air: 301.8 | ProcT: 309.1 | RPM: 1462 | Torque: 39.5 | Wear: 58
[23:45:08] Step 6   | Risk: 0.5159 | Alert: HEALTHY  | Failure: None            | Air: 299.8 | ProcT: 311.0 | RPM: 1522 | Torque: 40.7 | Wear: 60
[23:45:10] Step 7   | Risk: 0.5614 | Alert: HEALTHY  | Failure: None            | Air: 298.8 | ProcT: 311.5 | RPM: 1534 | Torque: 38.2 | Wear: 62
[23:45:11] Step 8   | Risk: 0.3135 | Alert: HEALTHY  | Failure: None            | Air: 299.5 | ProcT: 308.8 | RPM: 1544 | Torque: 38.7 | Wear: 64
[23:45:13] Step 9   | Risk: 0.3032 | Alert: HEALTHY  | Failure: None            | Air: 298.6 | ProcT: 311.7 | RPM: 1498 | Torque: 39.8 | Wear: 66
[23:45:15] Step 10  | Risk: 0.2568 | Alert: HEALTHY  | Failure: None            | Air: 299.1 | ProcT: 309.1 | RPM: 1529 | Torque: 40.1 | Wear: 68
[23:45:16] Step 11  | Risk: 0.5841 | Alert: HEALTHY  | Failure: None            | Air: 303.2 | ProcT: 310.2 | RPM: 1413 | Torque: 42.0 | Wear: 76
[23:45:18] Step 12  | Risk: 0.6610 | Alert: WARNING  | Failure: TWF             | Air: 303.0 | ProcT: 312.4 | RPM: 1342 | Torque: 45.9 | Wear: 84
[23:45:19] Step 13  | Risk: 0.9944 | Alert: CRITICAL | Failure: TWF             | Air: 305.6 | ProcT: 315.7 | RPM: 1297 | Torque: 48.7 | Wear: 91
[23:45:20] Step 14  | Risk: 1.0000 | Alert: CRITICAL | Failure: TWF             | Air: 305.1 | ProcT: 316.2 | RPM: 1261 | Torque: 52.2 | Wear: 98
[23:45:21] Step 15  | Risk: 1.0000 | Alert: CRITICAL | Failure: TWF             | Air: 307.0 | ProcT: 317.0 | RPM: 1214 | Torque: 54.3 | Wear: 104
[23:45:22] Step 16  | Risk: 1.0000 | Alert: CRITICAL | Failure: TWF             | Air: 309.3 | ProcT: 319.7 | RPM: 1133 | Torque: 57.5 | Wear: 110
[23:45:24] Step 17  | Risk: 1.0000 | Alert: CRITICAL | Failure: TWF             | Air: 310.4 | ProcT: 320.7 | RPM: 1073 | Torque: 61.4 | Wear: 116
[23:45:26] Step 18  | Risk: 1.0000 | Alert: CRITICAL | Failure: TWF             | Air: 312.0 | ProcT: 322.3 | RPM: 1022 | Torque: 64.3 | Wear: 121
[23:45:27] Step 19  | Risk: 1.0000 | Alert: CRITICAL | Failure: TWF             | Air: 313.7 | ProcT: 323.3 | RPM: 957 | Torque: 66.9 | Wear: 126
[23:45:28] Step 20  | Risk: 1.0000 | Alert: CRITICAL | Failure: HDF             | Air: 315.0 | ProcT: 325.0 | RPM: 900 | Torque: 70.0 | Wear: 130
[23:47:42] --- Session Reset ---
[23:47:43] Step 1   | Risk: 0.0053 | Alert: HEALTHY  | Failure: None            | Air: 300.1 | ProcT: 311.8 | RPM: 1450 | Torque: 41.4 | Wear: 50
[23:47:44] Step 2   | Risk: 0.0027 | Alert: HEALTHY  | Failure: None            | Air: 299.9 | ProcT: 310.8 | RPM: 1465 | Torque: 38.9 | Wear: 52
[23:47:46] Step 3   | Risk: 0.0019 | Alert: HEALTHY  | Failure: None            | Air: 300.7 | ProcT: 308.4 | RPM: 1461 | Torque: 40.5 | Wear: 54
[23:47:47] Step 4   | Risk: 0.0014 | Alert: HEALTHY  | Failure: None            | Air: 298.8 | ProcT: 308.4 | RPM: 1532 | Torque: 38.8 | Wear: 56
[23:47:49] Step 5   | Risk: 0.1207 | Alert: HEALTHY  | Failure: None            | Air: 300.2 | ProcT: 309.9 | RPM: 1491 | Torque: 38.2 | Wear: 58
[23:47:50] Step 6   | Risk: 0.4128 | Alert: HEALTHY  | Failure: None            | Air: 301.5 | ProcT: 310.8 | RPM: 1520 | Torque: 40.3 | Wear: 60
[23:47:52] Step 7   | Risk: 0.4181 | Alert: HEALTHY  | Failure: None            | Air: 300.1 | ProcT: 309.2 | RPM: 1498 | Torque: 41.1 | Wear: 62
[23:47:53] Step 8   | Risk: 0.5292 | Alert: HEALTHY  | Failure: None            | Air: 300.6 | ProcT: 309.7 | RPM: 1459 | Torque: 39.4 | Wear: 64
[23:47:54] Step 9   | Risk: 0.4944 | Alert: HEALTHY  | Failure: None            | Air: 298.6 | ProcT: 311.8 | RPM: 1505 | Torque: 41.6 | Wear: 66
[23:47:55] Step 10  | Risk: 0.4878 | Alert: WARNING  | Failure: TWF             | Air: 298.7 | ProcT: 308.2 | RPM: 1506 | Torque: 39.7 | Wear: 68
[23:47:57] Step 11  | Risk: 0.5706 | Alert: WARNING  | Failure: HDF             | Air: 301.4 | ProcT: 309.9 | RPM: 1481 | Torque: 39.1 | Wear: 70
[23:47:58] Step 12  | Risk: 0.6466 | Alert: WARNING  | Failure: OSF             | Air: 302.3 | ProcT: 313.1 | RPM: 1411 | Torque: 43.5 | Wear: 78
[23:48:00] Step 13  | Risk: 0.9798 | Alert: CRITICAL | Failure: TWF             | Air: 303.1 | ProcT: 314.7 | RPM: 1381 | Torque: 46.5 | Wear: 86
[23:48:01] Step 14  | Risk: 0.9997 | Alert: CRITICAL | Failure: TWF             | Air: 306.1 | ProcT: 313.8 | RPM: 1290 | Torque: 50.9 | Wear: 94
[23:48:02] Step 15  | Risk: 0.9998 | Alert: CRITICAL | Failure: OSF             | Air: 306.2 | ProcT: 317.3 | RPM: 1219 | Torque: 53.8 | Wear: 101
[23:48:04] Step 16  | Risk: 1.0000 | Alert: CRITICAL | Failure: TWF             | Air: 308.5 | ProcT: 318.5 | RPM: 1150 | Torque: 56.8 | Wear: 108
[23:48:05] Step 17  | Risk: 1.0000 | Alert: CRITICAL | Failure: TWF             | Air: 309.5 | ProcT: 320.1 | RPM: 1088 | Torque: 59.7 | Wear: 114
[23:48:07] Step 18  | Risk: 1.0000 | Alert: CRITICAL | Failure: TWF             | Air: 311.4 | ProcT: 321.8 | RPM: 1040 | Torque: 63.8 | Wear: 120
[23:48:08] Step 19  | Risk: 1.0000 | Alert: CRITICAL | Failure: TWF             | Air: 313.2 | ProcT: 323.5 | RPM: 967 | Torque: 66.5 | Wear: 125
[23:48:09] Step 20  | Risk: 1.0000 | Alert: CRITICAL | Failure: HDF             | Air: 315.0 | ProcT: 325.0 | RPM: 900 | Torque: 70.0 | Wear: 130
[23:48:09] --- Session Reset ---
[23:48:11] Step 1   | Risk: 0.0935 | Alert: HEALTHY  | Failure: None            | Air: 301.2 | ProcT: 309.6 | RPM: 1506 | Torque: 39.0 | Wear: 50
[23:48:12] Step 2   | Risk: 0.3020 | Alert: HEALTHY  | Failure: None            | Air: 300.3 | ProcT: 310.9 | RPM: 1550 | Torque: 39.7 | Wear: 52
[23:48:14] Step 3   | Risk: 0.2016 | Alert: HEALTHY  | Failure: None            | Air: 299.3 | ProcT: 309.8 | RPM: 1521 | Torque: 38.6 | Wear: 54
[23:48:16] Step 4   | Risk: 0.1707 | Alert: HEALTHY  | Failure: None            | Air: 298.1 | ProcT: 309.3 | RPM: 1464 | Torque: 39.2 | Wear: 56
[23:48:17] Step 5   | Risk: 0.1979 | Alert: HEALTHY  | Failure: None            | Air: 298.2 | ProcT: 311.7 | RPM: 1530 | Torque: 40.6 | Wear: 58
[23:48:18] Step 6   | Risk: 0.2036 | Alert: HEALTHY  | Failure: None            | Air: 299.5 | ProcT: 311.8 | RPM: 1459 | Torque: 39.6 | Wear: 60
[23:48:20] Step 7   | Risk: 0.2034 | Alert: HEALTHY  | Failure: None            | Air: 300.3 | ProcT: 308.5 | RPM: 1516 | Torque: 41.7 | Wear: 62
[23:48:22] Step 8   | Risk: 0.3393 | Alert: HEALTHY  | Failure: None            | Air: 302.3 | ProcT: 311.7 | RPM: 1443 | Torque: 42.7 | Wear: 69
[23:48:23] Step 9   | Risk: 0.6204 | Alert: WARNING  | Failure: TWF             | Air: 301.5 | ProcT: 312.0 | RPM: 1372 | Torque: 45.4 | Wear: 76
[23:48:24] Step 10  | Risk: 0.9535 | Alert: CRITICAL | Failure: OSF             | Air: 302.6 | ProcT: 314.9 | RPM: 1394 | Torque: 46.0 | Wear: 82
[23:48:26] Step 11  | Risk: 0.9515 | Alert: CRITICAL | Failure: TWF             | Air: 303.9 | ProcT: 314.6 | RPM: 1339 | Torque: 48.4 | Wear: 88
[23:48:28] Step 12  | Risk: 0.9975 | Alert: CRITICAL | Failure: TWF             | Air: 306.6 | ProcT: 315.1 | RPM: 1265 | Torque: 51.5 | Wear: 94
[23:48:30] Step 13  | Risk: 0.9976 | Alert: CRITICAL | Failure: TWF             | Air: 306.9 | ProcT: 317.8 | RPM: 1250 | Torque: 54.4 | Wear: 100
[23:48:31] Step 14  | Risk: 0.9997 | Alert: CRITICAL | Failure: TWF             | Air: 308.3 | ProcT: 318.5 | RPM: 1178 | Torque: 56.8 | Wear: 105
[23:48:33] Step 15  | Risk: 1.0000 | Alert: CRITICAL | Failure: TWF             | Air: 308.7 | ProcT: 319.4 | RPM: 1143 | Torque: 59.0 | Wear: 110
[23:48:34] Step 16  | Risk: 0.9999 | Alert: CRITICAL | Failure: HDF             | Air: 310.0 | ProcT: 320.3 | RPM: 1078 | Torque: 60.3 | Wear: 115
[23:48:35] Step 17  | Risk: 0.9999 | Alert: CRITICAL | Failure: HDF             | Air: 311.3 | ProcT: 321.7 | RPM: 1030 | Torque: 63.0 | Wear: 119
[23:48:37] Step 18  | Risk: 0.9999 | Alert: CRITICAL | Failure: HDF             | Air: 312.9 | ProcT: 322.9 | RPM: 992 | Torque: 65.2 | Wear: 123
[23:48:38] Step 19  | Risk: 1.0000 | Alert: CRITICAL | Failure: HDF             | Air: 314.0 | ProcT: 323.8 | RPM: 945 | Torque: 67.7 | Wear: 127
[23:48:40] Step 20  | Risk: 1.0000 | Alert: CRITICAL | Failure: HDF             | Air: 315.0 | ProcT: 325.0 | RPM: 900 | Torque: 70.0 | Wear: 130
[23:48:40] --- Session Reset ---
[23:48:42] Step 1   | Risk: 0.1517 | Alert: HEALTHY  | Failure: None            | Air: 300.7 | ProcT: 308.4 | RPM: 1513 | Torque: 38.1 | Wear: 50
[23:48:43] Step 2   | Risk: 0.1488 | Alert: HEALTHY  | Failure: None            | Air: 300.2 | ProcT: 308.6 | RPM: 1505 | Torque: 41.2 | Wear: 52
[23:48:45] Step 3   | Risk: 0.2028 | Alert: HEALTHY  | Failure: None            | Air: 298.6 | ProcT: 310.1 | RPM: 1506 | Torque: 39.4 | Wear: 54
[23:48:47] Step 4   | Risk: 0.4742 | Alert: HEALTHY  | Failure: None            | Air: 301.4 | ProcT: 311.3 | RPM: 1513 | Torque: 39.4 | Wear: 56
[23:48:49] Step 5   | Risk: 0.6410 | Alert: WARNING  | Failure: TWF             | Air: 301.3 | ProcT: 311.2 | RPM: 1519 | Torque: 41.3 | Wear: 58
[23:48:50] Step 6   | Risk: 0.5508 | Alert: WARNING  | Failure: TWF             | Air: 300.7 | ProcT: 309.7 | RPM: 1539 | Torque: 40.8 | Wear: 60
[23:48:52] Step 7   | Risk: 0.2687 | Alert: HEALTHY  | Failure: None            | Air: 298.4 | ProcT: 310.4 | RPM: 1528 | Torque: 38.1 | Wear: 62
[23:48:54] Step 8   | Risk: 0.0729 | Alert: HEALTHY  | Failure: None            | Air: 301.6 | ProcT: 309.9 | RPM: 1428 | Torque: 41.9 | Wear: 69
[23:48:56] Step 9   | Risk: 0.3885 | Alert: HEALTHY  | Failure: None            | Air: 302.4 | ProcT: 311.8 | RPM: 1406 | Torque: 45.1 | Wear: 76
[23:48:57] Step 10  | Risk: 0.6792 | Alert: WARNING  | Failure: TWF             | Air: 303.6 | ProcT: 312.1 | RPM: 1396 | Torque: 45.6 | Wear: 82
[23:48:59] Step 11  | Risk: 0.9929 | Alert: CRITICAL | Failure: TWF             | Air: 305.3 | ProcT: 313.5 | RPM: 1303 | Torque: 49.1 | Wear: 88
[23:49:01] Step 12  | Risk: 0.9973 | Alert: CRITICAL | Failure: TWF             | Air: 305.4 | ProcT: 314.9 | RPM: 1246 | Torque: 51.4 | Wear: 94
[23:49:03] Step 13  | Risk: 1.0000 | Alert: CRITICAL | Failure: TWF             | Air: 307.8 | ProcT: 317.5 | RPM: 1207 | Torque: 54.6 | Wear: 100
[23:49:04] Step 14  | Risk: 0.9999 | Alert: CRITICAL | Failure: TWF             | Air: 307.9 | ProcT: 317.3 | RPM: 1158 | Torque: 55.4 | Wear: 105
[23:49:05] Step 15  | Risk: 0.9999 | Alert: CRITICAL | Failure: HDF             | Air: 309.7 | ProcT: 319.0 | RPM: 1140 | Torque: 59.1 | Wear: 110
[23:49:07] Step 16  | Risk: 0.9999 | Alert: CRITICAL | Failure: HDF             | Air: 310.2 | ProcT: 319.9 | RPM: 1091 | Torque: 61.0 | Wear: 115
[23:49:08] Step 17  | Risk: 1.0000 | Alert: CRITICAL | Failure: HDF             | Air: 311.2 | ProcT: 321.3 | RPM: 1049 | Torque: 63.4 | Wear: 119
[23:49:09] Step 18  | Risk: 1.0000 | Alert: CRITICAL | Failure: HDF             | Air: 312.9 | ProcT: 322.9 | RPM: 992 | Torque: 65.3 | Wear: 123
[23:49:11] Step 19  | Risk: 1.0000 | Alert: CRITICAL | Failure: HDF             | Air: 314.0 | ProcT: 323.8 | RPM: 949 | Torque: 67.7 | Wear: 127
[23:49:12] Step 20  | Risk: 1.0000 | Alert: CRITICAL | Failure: HDF             | Air: 315.0 | ProcT: 325.0 | RPM: 900 | Torque: 70.0 | Wear: 130
[23:49:13] --- Session Reset ---
[23:49:14] Step 1   | Risk: 0.0614 | Alert: HEALTHY  | Failure: None            | Air: 301.0 | ProcT: 310.1 | RPM: 1516 | Torque: 40.4 | Wear: 50
[23:49:15] Step 2   | Risk: 0.0417 | Alert: HEALTHY  | Failure: None            | Air: 300.7 | ProcT: 310.1 | RPM: 1534 | Torque: 38.3 | Wear: 52
[23:49:17] Step 3   | Risk: 0.0867 | Alert: HEALTHY  | Failure: None            | Air: 299.1 | ProcT: 311.8 | RPM: 1503 | Torque: 38.8 | Wear: 54
[23:49:18] Step 4   | Risk: 0.0663 | Alert: HEALTHY  | Failure: None            | Air: 300.7 | ProcT: 308.7 | RPM: 1544 | Torque: 40.2 | Wear: 56
[23:49:20] Step 5   | Risk: 0.0741 | Alert: HEALTHY  | Failure: None            | Air: 299.1 | ProcT: 309.4 | RPM: 1478 | Torque: 40.3 | Wear: 58
[23:49:21] Step 6   | Risk: 0.1445 | Alert: HEALTHY  | Failure: None            | Air: 298.8 | ProcT: 311.5 | RPM: 1462 | Torque: 39.4 | Wear: 60
[23:49:22] Step 7   | Risk: 0.1445 | Alert: HEALTHY  | Failure: None            | Air: 298.6 | ProcT: 309.2 | RPM: 1520 | Torque: 40.5 | Wear: 62
[23:49:34] --- Session Reset ---
[23:49:36] Step 1   | Risk: 0.0613 | Alert: HEALTHY  | Failure: None            | Air: 301.2 | ProcT: 310.3 | RPM: 1523 | Torque: 40.3 | Wear: 50
[23:49:38] Step 2   | Risk: 0.0379 | Alert: HEALTHY  | Failure: None            | Air: 299.8 | ProcT: 311.0 | RPM: 1507 | Torque: 40.5 | Wear: 52
[23:49:40] Step 3   | Risk: 0.0265 | Alert: HEALTHY  | Failure: None            | Air: 298.6 | ProcT: 311.3 | RPM: 1471 | Torque: 41.5 | Wear: 54
[23:49:42] Step 4   | Risk: 0.0061 | Alert: HEALTHY  | Failure: None            | Air: 300.4 | ProcT: 308.9 | RPM: 1508 | Torque: 39.6 | Wear: 56
[23:49:43] Step 5   | Risk: 0.2903 | Alert: HEALTHY  | Failure: None            | Air: 301.3 | ProcT: 310.9 | RPM: 1502 | Torque: 40.1 | Wear: 58
[23:49:44] Step 6   | Risk: 0.3770 | Alert: HEALTHY  | Failure: None            | Air: 301.0 | ProcT: 311.2 | RPM: 1477 | Torque: 40.1 | Wear: 60
[23:49:46] Step 7   | Risk: 0.4493 | Alert: HEALTHY  | Failure: None            | Air: 300.6 | ProcT: 311.0 | RPM: 1487 | Torque: 41.1 | Wear: 62
[23:49:47] Step 8   | Risk: 0.1709 | Alert: HEALTHY  | Failure: None            | Air: 298.5 | ProcT: 311.3 | RPM: 1457 | Torque: 38.2 | Wear: 64
[23:49:48] Step 9   | Risk: 0.1390 | Alert: HEALTHY  | Failure: None            | Air: 302.0 | ProcT: 311.1 | RPM: 1462 | Torque: 41.1 | Wear: 71
[23:49:50] Step 10  | Risk: 0.3770 | Alert: HEALTHY  | Failure: None            | Air: 303.1 | ProcT: 311.8 | RPM: 1368 | Torque: 45.5 | Wear: 78
[23:49:51] Step 11  | Risk: 0.6998 | Alert: WARNING  | Failure: TWF             | Air: 305.2 | ProcT: 314.2 | RPM: 1339 | Torque: 47.9 | Wear: 85
[23:49:52] Step 12  | Risk: 0.9771 | Alert: CRITICAL | Failure: TWF             | Air: 303.9 | ProcT: 316.1 | RPM: 1283 | Torque: 50.3 | Wear: 91
[23:49:53] Step 13  | Risk: 0.9995 | Alert: CRITICAL | Failure: TWF             | Air: 305.9 | ProcT: 316.0 | RPM: 1261 | Torque: 52.6 | Wear: 97
[23:49:55] Step 14  | Risk: 0.9995 | Alert: CRITICAL | Failure: TWF             | Air: 307.7 | ProcT: 317.7 | RPM: 1202 | Torque: 54.4 | Wear: 103
[23:49:56] Step 15  | Risk: 0.9995 | Alert: CRITICAL | Failure: TWF             | Air: 308.5 | ProcT: 319.0 | RPM: 1170 | Torque: 57.7 | Wear: 108
[23:49:58] Step 16  | Risk: 0.9999 | Alert: CRITICAL | Failure: TWF             | Air: 310.4 | ProcT: 319.7 | RPM: 1107 | Torque: 59.7 | Wear: 113
[23:50:00] Step 17  | Risk: 1.0000 | Alert: CRITICAL | Failure: HDF             | Air: 311.7 | ProcT: 321.2 | RPM: 1052 | Torque: 62.4 | Wear: 118
[23:50:01] Step 18  | Risk: 1.0000 | Alert: CRITICAL | Failure: HDF             | Air: 312.2 | ProcT: 322.6 | RPM: 1004 | Torque: 65.2 | Wear: 122
[23:50:03] Step 19  | Risk: 1.0000 | Alert: CRITICAL | Failure: HDF             | Air: 313.7 | ProcT: 323.7 | RPM: 951 | Torque: 67.7 | Wear: 126
[23:50:04] Step 20  | Risk: 1.0000 | Alert: CRITICAL | Failure: HDF             | Air: 315.0 | ProcT: 325.0 | RPM: 900 | Torque: 70.0 | Wear: 130
[23:50:04] --- Session Reset ---
[23:50:06] Step 1   | Risk: 0.0261 | Alert: HEALTHY  | Failure: None            | Air: 299.2 | ProcT: 309.3 | RPM: 1474 | Torque: 41.5 | Wear: 50
[23:50:08] Step 2   | Risk: 0.0432 | Alert: HEALTHY  | Failure: None            | Air: 298.9 | ProcT: 309.9 | RPM: 1470 | Torque: 40.3 | Wear: 52
[23:50:10] Step 3   | Risk: 0.3453 | Alert: HEALTHY  | Failure: None            | Air: 301.7 | ProcT: 310.0 | RPM: 1494 | Torque: 39.3 | Wear: 54
[23:50:11] Step 4   | Risk: 0.3899 | Alert: HEALTHY  | Failure: None            | Air: 299.6 | ProcT: 310.0 | RPM: 1504 | Torque: 38.6 | Wear: 56
[23:50:13] Step 5   | Risk: 0.3723 | Alert: HEALTHY  | Failure: None            | Air: 300.0 | ProcT: 308.2 | RPM: 1493 | Torque: 39.9 | Wear: 58
[23:50:15] Step 6   | Risk: 0.3690 | Alert: HEALTHY  | Failure: None            | Air: 300.1 | ProcT: 310.1 | RPM: 1533 | Torque: 39.7 | Wear: 60
[23:50:25] --- Session Reset ---
[23:50:27] Step 1   | Risk: 0.1411 | Alert: HEALTHY  | Failure: None            | Air: 300.9 | ProcT: 308.9 | RPM: 1536 | Torque: 39.2 | Wear: 50
[23:50:28] Step 2   | Risk: 0.2351 | Alert: HEALTHY  | Failure: None            | Air: 299.3 | ProcT: 310.6 | RPM: 1527 | Torque: 39.0 | Wear: 52
[23:50:30] Step 3   | Risk: 0.1572 | Alert: HEALTHY  | Failure: None            | Air: 299.0 | ProcT: 309.5 | RPM: 1541 | Torque: 39.1 | Wear: 54
[23:50:31] Step 4   | Risk: 0.3517 | Alert: HEALTHY  | Failure: None            | Air: 300.6 | ProcT: 311.0 | RPM: 1483 | Torque: 38.8 | Wear: 56
[23:50:33] Step 5   | Risk: 0.2424 | Alert: HEALTHY  | Failure: None            | Air: 300.9 | ProcT: 308.3 | RPM: 1489 | Torque: 39.9 | Wear: 58
[23:50:35] Step 6   | Risk: 0.5605 | Alert: HEALTHY  | Failure: None            | Air: 300.9 | ProcT: 310.6 | RPM: 1526 | Torque: 38.0 | Wear: 60
[23:50:36] Step 7   | Risk: 0.3401 | Alert: HEALTHY  | Failure: None            | Air: 300.4 | ProcT: 309.3 | RPM: 1530 | Torque: 40.9 | Wear: 62
[23:50:37] Step 8   | Risk: 0.3582 | Alert: HEALTHY  | Failure: None            | Air: 300.3 | ProcT: 309.5 | RPM: 1525 | Torque: 38.0 | Wear: 64
[23:50:39] Step 9   | Risk: 0.3618 | Alert: HEALTHY  | Failure: None            | Air: 301.4 | ProcT: 311.3 | RPM: 1473 | Torque: 40.8 | Wear: 66
[23:50:40] Step 10  | Risk: 0.3411 | Alert: HEALTHY  | Failure: None            | Air: 300.7 | ProcT: 309.0 | RPM: 1461 | Torque: 41.3 | Wear: 68
[23:50:41] Step 11  | Risk: 0.6381 | Alert: WARNING  | Failure: OSF             | Air: 301.1 | ProcT: 310.7 | RPM: 1502 | Torque: 41.7 | Wear: 70
[23:50:43] Step 12  | Risk: 0.3222 | Alert: HEALTHY  | Failure: None            | Air: 298.4 | ProcT: 310.4 | RPM: 1470 | Torque: 40.0 | Wear: 72
[23:50:45] Step 13  | Risk: 0.3227 | Alert: HEALTHY  | Failure: None            | Air: 301.3 | ProcT: 308.2 | RPM: 1490 | Torque: 40.8 | Wear: 74
[23:50:46] Step 14  | Risk: 0.3405 | Alert: HEALTHY  | Failure: None            | Air: 300.7 | ProcT: 313.5 | RPM: 1450 | Torque: 45.5 | Wear: 84
[23:50:48] Step 15  | Risk: 0.6673 | Alert: WARNING  | Failure: TWF             | Air: 304.1 | ProcT: 314.7 | RPM: 1321 | Torque: 48.0 | Wear: 93
[23:50:49] Step 16  | Risk: 0.9997 | Alert: CRITICAL | Failure: TWF             | Air: 306.4 | ProcT: 315.8 | RPM: 1267 | Torque: 53.7 | Wear: 101
[23:50:51] Step 17  | Risk: 0.9997 | Alert: CRITICAL | Failure: TWF             | Air: 309.3 | ProcT: 318.1 | RPM: 1163 | Torque: 57.2 | Wear: 109
[23:50:52] Step 18  | Risk: 1.0000 | Alert: CRITICAL | Failure: TWF             | Air: 310.5 | ProcT: 320.2 | RPM: 1078 | Torque: 61.7 | Wear: 117
[23:50:53] Step 19  | Risk: 1.0000 | Alert: CRITICAL | Failure: TWF             | Air: 312.9 | ProcT: 322.8 | RPM: 985 | Torque: 65.5 | Wear: 124
[23:50:55] Step 20  | Risk: 1.0000 | Alert: CRITICAL | Failure: TWF             | Air: 315.0 | ProcT: 325.0 | RPM: 900 | Torque: 70.0 | Wear: 130
[23:50:56] --- Session Reset ---
[23:50:57] Step 1   | Risk: 0.0714 | Alert: HEALTHY  | Failure: None            | Air: 301.1 | ProcT: 310.1 | RPM: 1482 | Torque: 41.1 | Wear: 50
[23:50:59] Step 2   | Risk: 0.0362 | Alert: HEALTHY  | Failure: None            | Air: 299.7 | ProcT: 310.0 | RPM: 1460 | Torque: 40.2 | Wear: 52
[23:51:01] Step 3   | Risk: 0.0251 | Alert: HEALTHY  | Failure: None            | Air: 298.7 | ProcT: 310.3 | RPM: 1457 | Torque: 39.5 | Wear: 54
[23:51:02] Step 4   | Risk: 0.1387 | Alert: HEALTHY  | Failure: None            | Air: 300.4 | ProcT: 311.4 | RPM: 1518 | Torque: 39.5 | Wear: 56
[23:51:04] Step 5   | Risk: 0.1390 | Alert: HEALTHY  | Failure: None            | Air: 299.0 | ProcT: 310.4 | RPM: 1481 | Torque: 40.0 | Wear: 58
[23:51:05] Step 6   | Risk: 0.1382 | Alert: HEALTHY  | Failure: None            | Air: 298.8 | ProcT: 308.2 | RPM: 1522 | Torque: 41.9 | Wear: 60
[23:51:06] Step 7   | Risk: 0.3254 | Alert: HEALTHY  | Failure: None            | Air: 300.7 | ProcT: 310.8 | RPM: 1485 | Torque: 39.7 | Wear: 62
[23:51:08] Step 8   | Risk: 0.3607 | Alert: HEALTHY  | Failure: None            | Air: 300.6 | ProcT: 310.7 | RPM: 1520 | Torque: 41.9 | Wear: 64
[23:51:09] Step 9   | Risk: 0.3626 | Alert: HEALTHY  | Failure: None            | Air: 298.1 | ProcT: 309.7 | RPM: 1534 | Torque: 41.3 | Wear: 66
[23:51:11] Step 10  | Risk: 0.3509 | Alert: HEALTHY  | Failure: None            | Air: 301.6 | ProcT: 310.3 | RPM: 1546 | Torque: 38.6 | Wear: 68
[23:51:12] Step 11  | Risk: 0.3384 | Alert: HEALTHY  | Failure: None            | Air: 301.0 | ProcT: 309.9 | RPM: 1474 | Torque: 40.5 | Wear: 70
[23:51:14] Step 12  | Risk: 0.4105 | Alert: HEALTHY  | Failure: None            | Air: 299.0 | ProcT: 311.3 | RPM: 1464 | Torque: 39.1 | Wear: 72
[23:51:15] Step 13  | Risk: 0.4305 | Alert: HEALTHY  | Failure: None            | Air: 302.3 | ProcT: 313.0 | RPM: 1394 | Torque: 43.1 | Wear: 81
[23:51:17] Step 14  | Risk: 0.7392 | Alert: WARNING  | Failure: TWF             | Air: 304.6 | ProcT: 313.5 | RPM: 1325 | Torque: 47.3 | Wear: 90
[23:51:18] Step 15  | Risk: 0.9985 | Alert: CRITICAL | Failure: TWF             | Air: 304.8 | ProcT: 314.9 | RPM: 1258 | Torque: 50.6 | Wear: 98
[23:51:20] Step 16  | Risk: 0.9989 | Alert: CRITICAL | Failure: TWF             | Air: 308.3 | ProcT: 318.0 | RPM: 1205 | Torque: 54.5 | Wear: 105
[23:51:21] Step 17  | Risk: 1.0000 | Alert: CRITICAL | Failure: TWF             | Air: 308.7 | ProcT: 319.5 | RPM: 1110 | Torque: 59.1 | Wear: 112
[23:51:22] Step 18  | Risk: 1.0000 | Alert: CRITICAL | Failure: TWF             | Air: 311.7 | ProcT: 321.4 | RPM: 1050 | Torque: 62.5 | Wear: 118
[23:51:24] Step 19  | Risk: 1.0000 | Alert: CRITICAL | Failure: TWF             | Air: 313.1 | ProcT: 322.9 | RPM: 974 | Torque: 66.1 | Wear: 124
[23:51:25] Step 20  | Risk: 1.0000 | Alert: CRITICAL | Failure: HDF             | Air: 315.0 | ProcT: 325.0 | RPM: 900 | Torque: 70.0 | Wear: 130
[23:51:26] --- Session Reset ---
[23:51:27] Step 1   | Risk: 0.0139 | Alert: HEALTHY  | Failure: None            | Air: 298.4 | ProcT: 308.6 | RPM: 1486 | Torque: 38.0 | Wear: 50
[23:51:29] Step 2   | Risk: 0.5016 | Alert: HEALTHY  | Failure: None            | Air: 300.8 | ProcT: 308.2 | RPM: 1461 | Torque: 38.5 | Wear: 52
[23:51:31] Step 3   | Risk: 0.6678 | Alert: WARNING  | Failure: TWF             | Air: 301.9 | ProcT: 310.9 | RPM: 1549 | Torque: 39.7 | Wear: 54
[23:51:33] Step 4   | Risk: 0.6773 | Alert: WARNING  | Failure: TWF             | Air: 299.2 | ProcT: 309.3 | RPM: 1467 | Torque: 38.8 | Wear: 56
[23:51:34] Step 5   | Risk: 0.6399 | Alert: WARNING  | Failure: TWF             | Air: 299.1 | ProcT: 310.3 | RPM: 1507 | Torque: 41.5 | Wear: 58
[23:51:35] Step 6   | Risk: 0.3442 | Alert: HEALTHY  | Failure: None            | Air: 300.8 | ProcT: 309.5 | RPM: 1523 | Torque: 38.2 | Wear: 60
[23:51:36] Step 7   | Risk: 0.3918 | Alert: HEALTHY  | Failure: None            | Air: 300.1 | ProcT: 310.3 | RPM: 1517 | Torque: 41.9 | Wear: 62
[23:51:38] Step 8   | Risk: 0.1156 | Alert: HEALTHY  | Failure: None            | Air: 300.0 | ProcT: 309.6 | RPM: 1455 | Torque: 41.6 | Wear: 64
[23:51:39] Step 9   | Risk: 0.0803 | Alert: HEALTHY  | Failure: None            | Air: 298.4 | ProcT: 308.9 | RPM: 1520 | Torque: 40.2 | Wear: 66
[23:51:41] Step 10  | Risk: 0.0294 | Alert: HEALTHY  | Failure: None            | Air: 298.7 | ProcT: 309.2 | RPM: 1481 | Torque: 40.9 | Wear: 68
[23:51:42] Step 11  | Risk: 0.3277 | Alert: HEALTHY  | Failure: None            | Air: 300.3 | ProcT: 311.8 | RPM: 1489 | Torque: 39.2 | Wear: 70
[23:51:44] Step 12  | Risk: 0.3256 | Alert: HEALTHY  | Failure: None            | Air: 301.1 | ProcT: 308.4 | RPM: 1456 | Torque: 40.5 | Wear: 72
[23:51:46] Step 13  | Risk: 0.5028 | Alert: HEALTHY  | Failure: None            | Air: 299.0 | ProcT: 309.3 | RPM: 1539 | Torque: 38.4 | Wear: 74
[23:51:47] Step 14  | Risk: 0.5218 | Alert: HEALTHY  | Failure: None            | Air: 303.3 | ProcT: 313.4 | RPM: 1447 | Torque: 44.0 | Wear: 84
[23:51:49] Step 15  | Risk: 0.8544 | Alert: CRITICAL | Failure: TWF             | Air: 305.4 | ProcT: 313.0 | RPM: 1309 | Torque: 49.8 | Wear: 93
[23:51:51] Step 16  | Risk: 0.9995 | Alert: CRITICAL | Failure: TWF             | Air: 306.3 | ProcT: 316.6 | RPM: 1218 | Torque: 51.7 | Wear: 101
[23:51:53] Step 17  | Risk: 0.9995 | Alert: CRITICAL | Failure: TWF             | Air: 308.7 | ProcT: 319.0 | RPM: 1171 | Torque: 57.5 | Wear: 109
[23:51:54] Step 18  | Risk: 1.0000 | Alert: CRITICAL | Failure: TWF             | Air: 311.2 | ProcT: 320.4 | RPM: 1073 | Torque: 61.6 | Wear: 117
[23:51:55] Step 19  | Risk: 1.0000 | Alert: CRITICAL | Failure: TWF             | Air: 312.8 | ProcT: 322.9 | RPM: 985 | Torque: 65.6 | Wear: 124
[23:51:57] Step 20  | Risk: 1.0000 | Alert: CRITICAL | Failure: TWF             | Air: 315.0 | ProcT: 325.0 | RPM: 900 | Torque: 70.0 | Wear: 130
[23:51:57] --- Session Reset ---
[23:51:58] Step 1   | Risk: 0.1888 | Alert: HEALTHY  | Failure: None            | Air: 301.8 | ProcT: 309.6 | RPM: 1524 | Torque: 40.2 | Wear: 50
[23:51:59] Step 2   | Risk: 0.1785 | Alert: HEALTHY  | Failure: None            | Air: 299.0 | ProcT: 311.9 | RPM: 1461 | Torque: 40.6 | Wear: 52
[23:52:01] Step 3   | Risk: 0.1192 | Alert: HEALTHY  | Failure: None            | Air: 301.3 | ProcT: 308.8 | RPM: 1469 | Torque: 40.5 | Wear: 54
[23:52:02] Step 4   | Risk: 0.1149 | Alert: HEALTHY  | Failure: None            | Air: 298.3 | ProcT: 310.6 | RPM: 1464 | Torque: 41.1 | Wear: 56
[23:52:04] Step 5   | Risk: 0.0592 | Alert: HEALTHY  | Failure: None            | Air: 299.9 | ProcT: 308.8 | RPM: 1473 | Torque: 39.1 | Wear: 58
[23:52:05] Step 6   | Risk: 0.3386 | Alert: HEALTHY  | Failure: None            | Air: 298.4 | ProcT: 311.4 | RPM: 1534 | Torque: 41.3 | Wear: 60
[23:52:07] Step 7   | Risk: 0.2827 | Alert: HEALTHY  | Failure: None            | Air: 298.3 | ProcT: 310.9 | RPM: 1522 | Torque: 39.5 | Wear: 62
[23:52:08] Step 8   | Risk: 0.2832 | Alert: HEALTHY  | Failure: None            | Air: 298.3 | ProcT: 309.8 | RPM: 1538 | Torque: 40.8 | Wear: 64
[23:52:09] Step 9   | Risk: 0.1090 | Alert: HEALTHY  | Failure: None            | Air: 300.3 | ProcT: 310.3 | RPM: 1534 | Torque: 40.5 | Wear: 66
[23:52:11] Step 10  | Risk: 0.2293 | Alert: HEALTHY  | Failure: None            | Air: 300.2 | ProcT: 311.2 | RPM: 1433 | Torque: 42.5 | Wear: 74
[23:52:13] Step 11  | Risk: 0.5601 | Alert: HEALTHY  | Failure: None            | Air: 302.8 | ProcT: 312.3 | RPM: 1372 | Torque: 46.0 | Wear: 81
[23:52:14] Step 12  | Risk: 0.7880 | Alert: CRITICAL | Failure: TWF             | Air: 303.9 | ProcT: 314.7 | RPM: 1331 | Torque: 47.6 | Wear: 88
[23:52:16] Step 13  | Risk: 0.9983 | Alert: CRITICAL | Failure: TWF             | Air: 306.7 | ProcT: 315.6 | RPM: 1275 | Torque: 50.4 | Wear: 94
[23:52:17] Step 14  | Risk: 1.0000 | Alert: CRITICAL | Failure: TWF             | Air: 306.4 | ProcT: 317.2 | RPM: 1226 | Torque: 53.5 | Wear: 101
[23:52:19] Step 15  | Risk: 1.0000 | Alert: CRITICAL | Failure: TWF             | Air: 307.3 | ProcT: 318.5 | RPM: 1180 | Torque: 56.2 | Wear: 106
[23:52:20] Step 16  | Risk: 1.0000 | Alert: CRITICAL | Failure: TWF             | Air: 309.5 | ProcT: 319.2 | RPM: 1117 | Torque: 59.3 | Wear: 112
[23:52:22] Step 17  | Risk: 1.0000 | Alert: CRITICAL | Failure: HDF             | Air: 311.3 | ProcT: 321.2 | RPM: 1061 | Torque: 62.2 | Wear: 117
[23:52:23] Step 18  | Risk: 1.0000 | Alert: CRITICAL | Failure: TWF             | Air: 312.4 | ProcT: 322.1 | RPM: 1002 | Torque: 64.8 | Wear: 122
[23:52:25] Step 19  | Risk: 1.0000 | Alert: CRITICAL | Failure: HDF             | Air: 313.5 | ProcT: 323.5 | RPM: 956 | Torque: 67.3 | Wear: 126
[23:52:27] Step 20  | Risk: 1.0000 | Alert: CRITICAL | Failure: HDF             | Air: 315.0 | ProcT: 325.0 | RPM: 900 | Torque: 70.0 | Wear: 130
[23:52:27] --- Session Reset ---
[23:52:28] Step 1   | Risk: 0.0182 | Alert: HEALTHY  | Failure: None            | Air: 298.7 | ProcT: 308.7 | RPM: 1496 | Torque: 38.4 | Wear: 50
[23:52:30] Step 2   | Risk: 0.5026 | Alert: HEALTHY  | Failure: None            | Air: 298.2 | ProcT: 311.5 | RPM: 1488 | Torque: 41.6 | Wear: 52
[23:52:31] Step 3   | Risk: 0.3473 | Alert: HEALTHY  | Failure: None            | Air: 298.2 | ProcT: 311.3 | RPM: 1549 | Torque: 40.4 | Wear: 54
[23:52:32] Step 4   | Risk: 0.3654 | Alert: HEALTHY  | Failure: None            | Air: 299.7 | ProcT: 311.0 | RPM: 1464 | Torque: 39.9 | Wear: 56
[23:52:34] Step 5   | Risk: 0.1391 | Alert: HEALTHY  | Failure: None            | Air: 299.9 | ProcT: 311.4 | RPM: 1532 | Torque: 40.1 | Wear: 58
[23:52:36] Step 6   | Risk: 0.1271 | Alert: HEALTHY  | Failure: None            | Air: 300.3 | ProcT: 308.8 | RPM: 1541 | Torque: 41.5 | Wear: 60
[23:52:37] Step 7   | Risk: 0.4309 | Alert: HEALTHY  | Failure: None            | Air: 301.9 | ProcT: 310.8 | RPM: 1451 | Torque: 42.0 | Wear: 62
[23:52:39] Step 8   | Risk: 0.6576 | Alert: WARNING  | Failure: TWF             | Air: 302.4 | ProcT: 312.3 | RPM: 1442 | Torque: 44.0 | Wear: 69
[23:52:40] Step 9   | Risk: 0.9396 | Alert: CRITICAL | Failure: TWF             | Air: 302.6 | ProcT: 312.1 | RPM: 1448 | Torque: 44.8 | Wear: 76
[23:52:42] Step 10  | Risk: 0.9449 | Alert: CRITICAL | Failure: TWF             | Air: 304.6 | ProcT: 313.7 | RPM: 1338 | Torque: 46.4 | Wear: 82
[23:52:43] Step 11  | Risk: 0.9487 | Alert: CRITICAL | Failure: TWF             | Air: 306.0 | ProcT: 314.4 | RPM: 1309 | Torque: 49.0 | Wear: 88
[23:52:44] Step 12  | Risk: 0.9998 | Alert: CRITICAL | Failure: TWF             | Air: 307.0 | ProcT: 316.3 | RPM: 1245 | Torque: 50.6 | Wear: 94
[23:52:46] Step 13  | Risk: 0.9997 | Alert: CRITICAL | Failure: TWF             | Air: 306.1 | ProcT: 317.3 | RPM: 1242 | Torque: 54.1 | Wear: 100
[23:52:47] Step 14  | Risk: 0.9999 | Alert: CRITICAL | Failure: TWF             | Air: 309.0 | ProcT: 318.7 | RPM: 1179 | Torque: 55.5 | Wear: 105
[23:52:49] Step 15  | Risk: 0.9999 | Alert: CRITICAL | Failure: TWF             | Air: 309.8 | ProcT: 319.4 | RPM: 1135 | Torque: 58.5 | Wear: 110
[23:52:50] Step 16  | Risk: 0.9997 | Alert: CRITICAL | Failure: HDF             | Air: 309.8 | ProcT: 319.9 | RPM: 1088 | Torque: 61.2 | Wear: 115
[23:52:52] Step 17  | Risk: 0.9997 | Alert: CRITICAL | Failure: HDF             | Air: 311.1 | ProcT: 321.3 | RPM: 1028 | Torque: 62.9 | Wear: 119
[23:52:54] Step 18  | Risk: 0.9997 | Alert: CRITICAL | Failure: HDF             | Air: 312.9 | ProcT: 322.8 | RPM: 995 | Torque: 65.6 | Wear: 123
[23:52:55] Step 19  | Risk: 1.0000 | Alert: CRITICAL | Failure: HDF             | Air: 313.7 | ProcT: 323.9 | RPM: 944 | Torque: 67.8 | Wear: 127
[23:52:57] Step 20  | Risk: 1.0000 | Alert: CRITICAL | Failure: HDF             | Air: 315.0 | ProcT: 325.0 | RPM: 900 | Torque: 70.0 | Wear: 130
[23:52:57] --- Session Reset ---
[23:52:58] Step 1   | Risk: 0.0090 | Alert: HEALTHY  | Failure: None            | Air: 300.7 | ProcT: 311.7 | RPM: 1502 | Torque: 39.9 | Wear: 50
[23:52:59] Step 2   | Risk: 0.0045 | Alert: HEALTHY  | Failure: None            | Air: 298.6 | ProcT: 311.3 | RPM: 1544 | Torque: 41.1 | Wear: 52
[23:53:01] Step 3   | Risk: 0.0989 | Alert: HEALTHY  | Failure: None            | Air: 301.5 | ProcT: 311.7 | RPM: 1517 | Torque: 40.7 | Wear: 54
[23:53:02] Step 4   | Risk: 0.0959 | Alert: HEALTHY  | Failure: None            | Air: 299.6 | ProcT: 310.0 | RPM: 1539 | Torque: 40.5 | Wear: 56
[23:53:04] Step 5   | Risk: 0.2224 | Alert: HEALTHY  | Failure: None            | Air: 301.2 | ProcT: 311.4 | RPM: 1496 | Torque: 38.7 | Wear: 58
[23:53:05] Step 6   | Risk: 0.1266 | Alert: HEALTHY  | Failure: None            | Air: 298.4 | ProcT: 308.4 | RPM: 1471 | Torque: 41.8 | Wear: 60
[23:53:06] Step 7   | Risk: 0.4562 | Alert: HEALTHY  | Failure: None            | Air: 301.2 | ProcT: 311.9 | RPM: 1478 | Torque: 41.6 | Wear: 62
[23:53:08] Step 8   | Risk: 0.3315 | Alert: HEALTHY  | Failure: None            | Air: 301.8 | ProcT: 308.6 | RPM: 1531 | Torque: 40.8 | Wear: 64
[23:53:10] Step 9   | Risk: 0.6629 | Alert: WARNING  | Failure: OSF             | Air: 299.7 | ProcT: 312.8 | RPM: 1438 | Torque: 41.5 | Wear: 71
[23:53:11] Step 10  | Risk: 0.6202 | Alert: WARNING  | Failure: TWF             | Air: 302.8 | ProcT: 311.3 | RPM: 1374 | Torque: 44.3 | Wear: 78
[23:53:12] Step 11  | Risk: 0.9517 | Alert: CRITICAL | Failure: OSF             | Air: 303.0 | ProcT: 314.4 | RPM: 1345 | Torque: 48.8 | Wear: 85
[23:54:55] --- Session Reset ---
[23:54:57] Step 1   | Risk: 0.0661 | Alert: HEALTHY  | Failure: None            | Air: 299.3 | ProcT: 308.4 | RPM: 1541 | Torque: 40.8 | Wear: 50
[23:54:58] Step 2   | Risk: 0.4542 | Alert: HEALTHY  | Failure: None            | Air: 298.4 | ProcT: 310.6 | RPM: 1492 | Torque: 39.5 | Wear: 52
[23:55:00] Step 3   | Risk: 0.6330 | Alert: WARNING  | Failure: TWF             | Air: 301.6 | ProcT: 310.8 | RPM: 1543 | Torque: 39.7 | Wear: 54
[23:55:01] Step 4   | Risk: 0.6118 | Alert: WARNING  | Failure: TWF             | Air: 298.2 | ProcT: 309.0 | RPM: 1496 | Torque: 41.9 | Wear: 56
[23:55:02] Step 5   | Risk: 0.6213 | Alert: WARNING  | Failure: TWF             | Air: 300.2 | ProcT: 310.6 | RPM: 1476 | Torque: 38.6 | Wear: 58
[23:55:04] Step 6   | Risk: 0.3078 | Alert: HEALTHY  | Failure: None            | Air: 299.7 | ProcT: 309.9 | RPM: 1548 | Torque: 38.7 | Wear: 60
[23:55:05] Step 7   | Risk: 0.3091 | Alert: HEALTHY  | Failure: None            | Air: 299.0 | ProcT: 309.7 | RPM: 1461 | Torque: 41.4 | Wear: 62
[23:55:06] Step 8   | Risk: 0.2415 | Alert: HEALTHY  | Failure: None            | Air: 299.4 | ProcT: 310.9 | RPM: 1476 | Torque: 40.7 | Wear: 64
[23:55:08] Step 9   | Risk: 0.3758 | Alert: HEALTHY  | Failure: None            | Air: 301.9 | ProcT: 310.8 | RPM: 1524 | Torque: 40.8 | Wear: 66
[23:55:10] Step 10  | Risk: 0.3771 | Alert: HEALTHY  | Failure: None            | Air: 300.1 | ProcT: 309.3 | RPM: 1471 | Torque: 41.6 | Wear: 68
[23:55:11] Step 11  | Risk: 0.3348 | Alert: HEALTHY  | Failure: None            | Air: 301.6 | ProcT: 308.8 | RPM: 1517 | Torque: 41.5 | Wear: 70
[23:55:13] Step 12  | Risk: 0.5162 | Alert: HEALTHY  | Failure: None            | Air: 301.7 | ProcT: 311.8 | RPM: 1497 | Torque: 38.5 | Wear: 72
[23:55:14] Step 13  | Risk: 0.5135 | Alert: HEALTHY  | Failure: None            | Air: 300.5 | ProcT: 309.8 | RPM: 1515 | Torque: 40.9 | Wear: 74
[23:55:16] Step 14  | Risk: 0.5836 | Alert: WARNING  | Failure: RandomFailure   | Air: 300.5 | ProcT: 310.6 | RPM: 1506 | Torque: 41.7 | Wear: 76
[23:55:17] Step 15  | Risk: 0.2524 | Alert: HEALTHY  | Failure: None            | Air: 299.5 | ProcT: 308.8 | RPM: 1545 | Torque: 41.8 | Wear: 78
[23:55:19] Step 16  | Risk: 0.5416 | Alert: HEALTHY  | Failure: None            | Air: 300.7 | ProcT: 311.4 | RPM: 1514 | Torque: 40.6 | Wear: 80
[23:55:21] Step 17  | Risk: 0.2948 | Alert: HEALTHY  | Failure: None            | Air: 299.0 | ProcT: 310.9 | RPM: 1457 | Torque: 40.5 | Wear: 82
[23:55:22] Step 18  | Risk: 0.3373 | Alert: HEALTHY  | Failure: None            | Air: 300.1 | ProcT: 311.5 | RPM: 1478 | Torque: 39.5 | Wear: 84
[23:55:23] Step 19  | Risk: 0.0477 | Alert: HEALTHY  | Failure: None            | Air: 298.9 | ProcT: 309.3 | RPM: 1488 | Torque: 41.8 | Wear: 86
[23:55:25] Step 20  | Risk: 0.0689 | Alert: HEALTHY  | Failure: None            | Air: 300.2 | ProcT: 309.8 | RPM: 1474 | Torque: 41.9 | Wear: 88
[23:55:25] --- Session Reset ---
[23:55:27] Step 1   | Risk: 0.0079 | Alert: HEALTHY  | Failure: None            | Air: 299.5 | ProcT: 310.9 | RPM: 1492 | Torque: 41.7 | Wear: 50
[23:55:28] Step 2   | Risk: 0.0065 | Alert: HEALTHY  | Failure: None            | Air: 300.6 | ProcT: 309.0 | RPM: 1550 | Torque: 41.1 | Wear: 52
[23:55:30] Step 3   | Risk: 0.1450 | Alert: HEALTHY  | Failure: None            | Air: 299.8 | ProcT: 310.6 | RPM: 1537 | Torque: 38.0 | Wear: 54
[23:55:31] Step 4   | Risk: 0.4155 | Alert: HEALTHY  | Failure: None            | Air: 302.0 | ProcT: 311.3 | RPM: 1455 | Torque: 38.6 | Wear: 56
[23:55:33] Step 5   | Risk: 0.4410 | Alert: HEALTHY  | Failure: None            | Air: 301.5 | ProcT: 310.3 | RPM: 1512 | Torque: 38.9 | Wear: 58
[23:55:35] Step 6   | Risk: 0.3004 | Alert: HEALTHY  | Failure: None            | Air: 298.4 | ProcT: 308.0 | RPM: 1495 | Torque: 40.6 | Wear: 60
[23:55:36] Step 7   | Risk: 0.2578 | Alert: HEALTHY  | Failure: None            | Air: 299.2 | ProcT: 309.8 | RPM: 1455 | Torque: 41.4 | Wear: 62
[23:55:38] Step 8   | Risk: 0.2499 | Alert: HEALTHY  | Failure: None            | Air: 300.7 | ProcT: 309.7 | RPM: 1470 | Torque: 39.8 | Wear: 64
[23:55:39] Step 9   | Risk: 0.3784 | Alert: HEALTHY  | Failure: None            | Air: 299.6 | ProcT: 311.3 | RPM: 1466 | Torque: 38.2 | Wear: 66
[23:55:41] Step 10  | Risk: 0.1515 | Alert: HEALTHY  | Failure: None            | Air: 301.4 | ProcT: 308.3 | RPM: 1460 | Torque: 38.3 | Wear: 68
[23:55:42] Step 11  | Risk: 0.3339 | Alert: HEALTHY  | Failure: None            | Air: 298.1 | ProcT: 310.0 | RPM: 1505 | Torque: 40.8 | Wear: 70
[23:55:44] Step 12  | Risk: 0.2059 | Alert: HEALTHY  | Failure: None            | Air: 299.1 | ProcT: 308.1 | RPM: 1509 | Torque: 41.1 | Wear: 72
[23:55:46] Step 13  | Risk: 0.2181 | Alert: HEALTHY  | Failure: None            | Air: 298.5 | ProcT: 308.5 | RPM: 1489 | Torque: 40.2 | Wear: 74
[23:55:47] Step 14  | Risk: 0.3454 | Alert: HEALTHY  | Failure: None            | Air: 301.9 | ProcT: 309.7 | RPM: 1547 | Torque: 42.0 | Wear: 76
[23:55:49] Step 15  | Risk: 0.3769 | Alert: HEALTHY  | Failure: None            | Air: 299.3 | ProcT: 308.8 | RPM: 1533 | Torque: 40.6 | Wear: 78
[23:55:50] Step 16  | Risk: 0.6932 | Alert: WARNING  | Failure: OSF             | Air: 299.2 | ProcT: 311.7 | RPM: 1488 | Torque: 42.0 | Wear: 80
[23:55:52] Step 17  | Risk: 0.3698 | Alert: HEALTHY  | Failure: None            | Air: 298.5 | ProcT: 310.1 | RPM: 1466 | Torque: 42.0 | Wear: 82
[23:55:54] Step 18  | Risk: 0.3594 | Alert: HEALTHY  | Failure: None            | Air: 302.0 | ProcT: 308.9 | RPM: 1529 | Torque: 39.2 | Wear: 84
[23:55:56] Step 19  | Risk: 0.2866 | Alert: HEALTHY  | Failure: None            | Air: 301.5 | ProcT: 308.7 | RPM: 1535 | Torque: 40.8 | Wear: 86
[23:55:58] Step 20  | Risk: 0.3994 | Alert: HEALTHY  | Failure: None            | Air: 299.9 | ProcT: 309.2 | RPM: 1538 | Torque: 38.9 | Wear: 88
[23:55:58] --- Session Reset ---
[23:56:00] Step 1   | Risk: 0.0009 | Alert: HEALTHY  | Failure: None            | Air: 298.4 | ProcT: 311.6 | RPM: 1495 | Torque: 39.4 | Wear: 50
[23:56:02] Step 2   | Risk: 0.0007 | Alert: HEALTHY  | Failure: None            | Air: 299.8 | ProcT: 309.2 | RPM: 1541 | Torque: 39.7 | Wear: 52
[23:56:03] Step 3   | Risk: 0.2780 | Alert: HEALTHY  | Failure: None            | Air: 301.3 | ProcT: 309.9 | RPM: 1481 | Torque: 38.5 | Wear: 54
[23:56:05] Step 4   | Risk: 0.2779 | Alert: HEALTHY  | Failure: None            | Air: 298.2 | ProcT: 308.0 | RPM: 1520 | Torque: 41.8 | Wear: 56
[23:56:06] Step 5   | Risk: 0.3573 | Alert: HEALTHY  | Failure: None            | Air: 299.8 | ProcT: 308.4 | RPM: 1486 | Torque: 41.7 | Wear: 58
[23:56:08] Step 6   | Risk: 0.3912 | Alert: HEALTHY  | Failure: None            | Air: 300.6 | ProcT: 310.0 | RPM: 1490 | Torque: 40.3 | Wear: 60
[23:56:10] Step 7   | Risk: 0.5086 | Alert: HEALTHY  | Failure: None            | Air: 301.5 | ProcT: 309.7 | RPM: 1530 | Torque: 40.0 | Wear: 62
[23:56:12] Step 8   | Risk: 0.4690 | Alert: HEALTHY  | Failure: None            | Air: 298.7 | ProcT: 309.3 | RPM: 1468 | Torque: 38.5 | Wear: 64
[23:56:13] Step 9   | Risk: 0.4753 | Alert: WARNING  | Failure: TWF             | Air: 301.3 | ProcT: 310.5 | RPM: 1476 | Torque: 40.0 | Wear: 66
[23:56:14] Step 10  | Risk: 0.4668 | Alert: WARNING  | Failure: HDF             | Air: 298.9 | ProcT: 311.5 | RPM: 1496 | Torque: 41.0 | Wear: 68
[23:56:16] Step 11  | Risk: 0.4407 | Alert: HEALTHY  | Failure: None            | Air: 299.9 | ProcT: 311.3 | RPM: 1494 | Torque: 39.1 | Wear: 70
[23:56:17] Step 12  | Risk: 0.1362 | Alert: HEALTHY  | Failure: None            | Air: 300.0 | ProcT: 310.3 | RPM: 1537 | Torque: 38.1 | Wear: 72
[23:56:19] Step 13  | Risk: 0.0275 | Alert: HEALTHY  | Failure: None            | Air: 299.2 | ProcT: 309.4 | RPM: 1489 | Torque: 40.1 | Wear: 74
[23:56:20] Step 14  | Risk: 0.0212 | Alert: HEALTHY  | Failure: None            | Air: 298.9 | ProcT: 309.5 | RPM: 1543 | Torque: 40.9 | Wear: 76
[23:56:21] Step 15  | Risk: 0.0084 | Alert: HEALTHY  | Failure: None            | Air: 299.6 | ProcT: 308.3 | RPM: 1469 | Torque: 39.3 | Wear: 78
[23:56:23] Step 16  | Risk: 0.3295 | Alert: HEALTHY  | Failure: None            | Air: 300.1 | ProcT: 311.1 | RPM: 1473 | Torque: 42.0 | Wear: 80
[23:56:24] Step 17  | Risk: 0.3361 | Alert: HEALTHY  | Failure: None            | Air: 298.5 | ProcT: 310.7 | RPM: 1535 | Torque: 40.9 | Wear: 82
[23:56:26] Step 18  | Risk: 0.3372 | Alert: HEALTHY  | Failure: None            | Air: 299.5 | ProcT: 309.0 | RPM: 1516 | Torque: 39.2 | Wear: 84
[23:56:27] Step 19  | Risk: 0.0411 | Alert: HEALTHY  | Failure: None            | Air: 299.5 | ProcT: 308.9 | RPM: 1519 | Torque: 38.4 | Wear: 86
[23:56:29] Step 20  | Risk: 0.2450 | Alert: HEALTHY  | Failure: None            | Air: 298.7 | ProcT: 311.6 | RPM: 1504 | Torque: 39.6 | Wear: 88
[23:56:30] --- Session Reset ---
[23:56:31] Step 1   | Risk: 0.0049 | Alert: HEALTHY  | Failure: None            | Air: 300.1 | ProcT: 311.6 | RPM: 1471 | Torque: 39.4 | Wear: 50
[23:56:32] Step 2   | Risk: 0.0062 | Alert: HEALTHY  | Failure: None            | Air: 300.0 | ProcT: 311.9 | RPM: 1457 | Torque: 38.2 | Wear: 52
[23:56:34] Step 3   | Risk: 0.0042 | Alert: HEALTHY  | Failure: None            | Air: 301.0 | ProcT: 308.6 | RPM: 1499 | Torque: 38.1 | Wear: 54
[23:56:35] Step 4   | Risk: 0.0260 | Alert: HEALTHY  | Failure: None            | Air: 299.0 | ProcT: 310.0 | RPM: 1505 | Torque: 38.9 | Wear: 56
[23:56:37] Step 5   | Risk: 0.0284 | Alert: HEALTHY  | Failure: None            | Air: 300.7 | ProcT: 309.2 | RPM: 1507 | Torque: 39.3 | Wear: 58
[23:56:39] Step 6   | Risk: 0.2989 | Alert: HEALTHY  | Failure: None            | Air: 300.9 | ProcT: 310.9 | RPM: 1530 | Torque: 38.9 | Wear: 60
[23:56:41] Step 7   | Risk: 0.4633 | Alert: HEALTHY  | Failure: None            | Air: 299.6 | ProcT: 312.0 | RPM: 1514 | Torque: 40.1 | Wear: 62
[23:56:42] Step 8   | Risk: 0.4603 | Alert: HEALTHY  | Failure: None            | Air: 299.0 | ProcT: 310.4 | RPM: 1547 | Torque: 41.6 | Wear: 64
[23:56:44] Step 9   | Risk: 0.4472 | Alert: HEALTHY  | Failure: None            | Air: 301.1 | ProcT: 311.7 | RPM: 1520 | Torque: 40.1 | Wear: 66
[23:56:46] Step 10  | Risk: 0.2595 | Alert: HEALTHY  | Failure: None            | Air: 298.4 | ProcT: 310.9 | RPM: 1507 | Torque: 39.8 | Wear: 68
[23:56:47] Step 11  | Risk: 0.2599 | Alert: HEALTHY  | Failure: None            | Air: 302.0 | ProcT: 309.0 | RPM: 1524 | Torque: 38.4 | Wear: 70
[23:56:49] Step 12  | Risk: 0.2078 | Alert: HEALTHY  | Failure: None            | Air: 299.5 | ProcT: 310.2 | RPM: 1547 | Torque: 40.3 | Wear: 72
[23:56:50] Step 13  | Risk: 0.2088 | Alert: HEALTHY  | Failure: None            | Air: 299.5 | ProcT: 309.5 | RPM: 1460 | Torque: 40.0 | Wear: 74
[23:56:51] Step 14  | Risk: 0.2200 | Alert: HEALTHY  | Failure: None            | Air: 298.1 | ProcT: 309.5 | RPM: 1453 | Torque: 41.1 | Wear: 76
[23:56:53] Step 15  | Risk: 0.1424 | Alert: HEALTHY  | Failure: None            | Air: 300.9 | ProcT: 309.6 | RPM: 1513 | Torque: 42.0 | Wear: 78
[23:56:54] Step 16  | Risk: 0.1564 | Alert: HEALTHY  | Failure: None            | Air: 298.8 | ProcT: 309.4 | RPM: 1549 | Torque: 40.8 | Wear: 80
[23:56:56] Step 17  | Risk: 0.1504 | Alert: HEALTHY  | Failure: None            | Air: 298.5 | ProcT: 309.2 | RPM: 1466 | Torque: 40.2 | Wear: 82
[23:56:57] Step 18  | Risk: 0.0527 | Alert: HEALTHY  | Failure: None            | Air: 300.4 | ProcT: 308.1 | RPM: 1513 | Torque: 38.7 | Wear: 84
[23:56:59] Step 19  | Risk: 0.1547 | Alert: HEALTHY  | Failure: None            | Air: 299.5 | ProcT: 309.2 | RPM: 1480 | Torque: 40.9 | Wear: 86
[23:57:00] Step 20  | Risk: 0.2139 | Alert: HEALTHY  | Failure: None            | Air: 299.6 | ProcT: 309.1 | RPM: 1494 | Torque: 40.6 | Wear: 88
[23:57:01] --- Session Reset ---
[23:57:02] Step 1   | Risk: 0.0205 | Alert: HEALTHY  | Failure: None            | Air: 300.9 | ProcT: 310.8 | RPM: 1479 | Torque: 38.5 | Wear: 50
[23:57:35] --- Session Reset ---
[23:57:37] Step 1   | Risk: 0.0034 | Alert: HEALTHY  | Failure: None            | Air: 298.8 | ProcT: 311.0 | RPM: 1472 | Torque: 41.6 | Wear: 50
[23:57:39] Step 2   | Risk: 0.0017 | Alert: HEALTHY  | Failure: None            | Air: 298.0 | ProcT: 308.2 | RPM: 1516 | Torque: 38.2 | Wear: 52
[23:57:40] Step 3   | Risk: 0.0262 | Alert: HEALTHY  | Failure: None            | Air: 299.6 | ProcT: 308.9 | RPM: 1507 | Torque: 38.0 | Wear: 54
[23:57:42] Step 4   | Risk: 0.2446 | Alert: HEALTHY  | Failure: None            | Air: 298.6 | ProcT: 311.4 | RPM: 1466 | Torque: 39.9 | Wear: 56
[23:57:44] Step 5   | Risk: 0.2549 | Alert: HEALTHY  | Failure: None            | Air: 301.2 | ProcT: 309.9 | RPM: 1512 | Torque: 38.7 | Wear: 58
[23:57:46] Step 6   | Risk: 0.2321 | Alert: HEALTHY  | Failure: None            | Air: 298.3 | ProcT: 308.4 | RPM: 1501 | Torque: 38.4 | Wear: 60
[23:57:47] Step 7   | Risk: 0.2975 | Alert: HEALTHY  | Failure: None            | Air: 298.2 | ProcT: 311.1 | RPM: 1474 | Torque: 40.1 | Wear: 62
[23:57:49] Step 8   | Risk: 0.5214 | Alert: HEALTHY  | Failure: None            | Air: 301.2 | ProcT: 311.8 | RPM: 1456 | Torque: 39.0 | Wear: 64
[23:57:50] Step 9   | Risk: 0.5192 | Alert: HEALTHY  | Failure: None            | Air: 299.6 | ProcT: 308.0 | RPM: 1468 | Torque: 39.7 | Wear: 66
[23:57:51] Step 10  | Risk: 0.5090 | Alert: WARNING  | Failure: TWF             | Air: 299.0 | ProcT: 309.5 | RPM: 1486 | Torque: 40.7 | Wear: 68
[23:57:53] Step 11  | Risk: 0.4527 | Alert: HEALTHY  | Failure: None            | Air: 298.6 | ProcT: 311.2 | RPM: 1508 | Torque: 38.1 | Wear: 70
[23:57:54] Step 12  | Risk: 0.4986 | Alert: HEALTHY  | Failure: None            | Air: 300.7 | ProcT: 311.6 | RPM: 1472 | Torque: 39.9 | Wear: 72
[23:57:56] Step 13  | Risk: 0.3049 | Alert: HEALTHY  | Failure: None            | Air: 300.0 | ProcT: 311.3 | RPM: 1525 | Torque: 39.9 | Wear: 74
[23:57:58] Step 14  | Risk: 0.1293 | Alert: HEALTHY  | Failure: None            | Air: 301.9 | ProcT: 308.3 | RPM: 1464 | Torque: 41.3 | Wear: 76
[23:57:59] Step 15  | Risk: 0.3325 | Alert: HEALTHY  | Failure: None            | Air: 299.1 | ProcT: 310.2 | RPM: 1490 | Torque: 40.7 | Wear: 78
[23:58:00] Step 16  | Risk: 0.2535 | Alert: HEALTHY  | Failure: None            | Air: 301.8 | ProcT: 308.3 | RPM: 1454 | Torque: 38.4 | Wear: 80
[23:58:02] Step 17  | Risk: 0.4883 | Alert: HEALTHY  | Failure: None            | Air: 298.0 | ProcT: 310.4 | RPM: 1484 | Torque: 41.6 | Wear: 82
[23:58:04] Step 18  | Risk: 0.5267 | Alert: HEALTHY  | Failure: None            | Air: 299.9 | ProcT: 311.9 | RPM: 1457 | Torque: 40.0 | Wear: 84
[23:58:05] Step 19  | Risk: 0.7591 | Alert: WARNING  | Failure: TWF             | Air: 301.9 | ProcT: 311.5 | RPM: 1483 | Torque: 39.2 | Wear: 86
[23:58:06] Step 20  | Risk: 0.5220 | Alert: WARNING  | Failure: TWF             | Air: 298.7 | ProcT: 308.0 | RPM: 1515 | Torque: 38.5 | Wear: 88
[23:58:08] Step 21  | Risk: 0.5049 | Alert: WARNING  | Failure: HDF             | Air: 301.9 | ProcT: 308.3 | RPM: 1482 | Torque: 39.3 | Wear: 50
[23:58:10] Step 22  | Risk: 0.5967 | Alert: WARNING  | Failure: HDF             | Air: 301.7 | ProcT: 310.2 | RPM: 1526 | Torque: 39.8 | Wear: 52
[23:58:11] Step 23  | Risk: 0.5995 | Alert: WARNING  | Failure: HDF             | Air: 301.5 | ProcT: 308.2 | RPM: 1488 | Torque: 40.6 | Wear: 54
[23:58:13] Step 24  | Risk: 0.6501 | Alert: WARNING  | Failure: HDF             | Air: 300.3 | ProcT: 309.0 | RPM: 1484 | Torque: 41.6 | Wear: 56
[23:58:15] Step 25  | Risk: 0.3310 | Alert: HEALTHY  | Failure: None            | Air: 299.8 | ProcT: 308.1 | RPM: 1523 | Torque: 38.3 | Wear: 58
[23:58:16] Step 26  | Risk: 0.6211 | Alert: WARNING  | Failure: HDF             | Air: 301.8 | ProcT: 309.7 | RPM: 1468 | Torque: 38.3 | Wear: 60
[23:58:18] Step 27  | Risk: 0.3013 | Alert: HEALTHY  | Failure: None            | Air: 298.6 | ProcT: 308.1 | RPM: 1534 | Torque: 39.0 | Wear: 62
[23:58:20] Step 28  | Risk: 0.6101 | Alert: WARNING  | Failure: OSF             | Air: 298.9 | ProcT: 310.7 | RPM: 1518 | Torque: 38.9 | Wear: 64
[23:58:21] Step 29  | Risk: 0.4720 | Alert: WARNING  | Failure: TWF             | Air: 300.7 | ProcT: 310.3 | RPM: 1510 | Torque: 39.0 | Wear: 66
[23:58:23] Step 30  | Risk: 0.4724 | Alert: WARNING  | Failure: TWF             | Air: 300.0 | ProcT: 308.8 | RPM: 1533 | Torque: 40.0 | Wear: 68
[23:58:24] Step 31  | Risk: 0.3471 | Alert: HEALTHY  | Failure: None            | Air: 298.2 | ProcT: 310.0 | RPM: 1530 | Torque: 41.0 | Wear: 70
[23:58:26] Step 32  | Risk: 0.1980 | Alert: HEALTHY  | Failure: None            | Air: 298.5 | ProcT: 309.8 | RPM: 1454 | Torque: 41.5 | Wear: 72
[23:58:27] Step 33  | Risk: 0.3766 | Alert: HEALTHY  | Failure: None            | Air: 300.7 | ProcT: 310.7 | RPM: 1524 | Torque: 40.1 | Wear: 74
[23:58:29] Step 34  | Risk: 0.2511 | Alert: HEALTHY  | Failure: None            | Air: 301.8 | ProcT: 309.4 | RPM: 1500 | Torque: 40.8 | Wear: 76
[23:58:30] Step 35  | Risk: 0.5289 | Alert: HEALTHY  | Failure: None            | Air: 300.9 | ProcT: 309.9 | RPM: 1498 | Torque: 41.0 | Wear: 78
[23:58:32] Step 36  | Risk: 0.6260 | Alert: WARNING  | Failure: TWF             | Air: 298.9 | ProcT: 311.7 | RPM: 1482 | Torque: 38.1 | Wear: 80
[23:58:33] Step 37  | Risk: 0.5622 | Alert: WARNING  | Failure: TWF             | Air: 300.7 | ProcT: 309.7 | RPM: 1528 | Torque: 38.8 | Wear: 82
[23:58:35] Step 38  | Risk: 0.5992 | Alert: WARNING  | Failure: OSF             | Air: 301.0 | ProcT: 311.8 | RPM: 1543 | Torque: 40.5 | Wear: 84
[23:58:36] Step 39  | Risk: 0.3268 | Alert: HEALTHY  | Failure: None            | Air: 301.8 | ProcT: 310.0 | RPM: 1494 | Torque: 38.8 | Wear: 86
[23:58:38] Step 40  | Risk: 0.3263 | Alert: HEALTHY  | Failure: None            | Air: 298.8 | ProcT: 308.5 | RPM: 1530 | Torque: 39.2 | Wear: 88
[23:58:40] Step 41  | Risk: 0.0208 | Alert: HEALTHY  | Failure: None            | Air: 298.6 | ProcT: 308.8 | RPM: 1547 | Torque: 39.8 | Wear: 50
[23:58:42] Step 42  | Risk: 0.1884 | Alert: HEALTHY  | Failure: None            | Air: 301.6 | ProcT: 309.5 | RPM: 1509 | Torque: 39.8 | Wear: 52
[23:58:43] Step 43  | Risk: 0.4708 | Alert: HEALTHY  | Failure: None            | Air: 299.7 | ProcT: 311.9 | RPM: 1454 | Torque: 38.8 | Wear: 54
[23:58:45] Step 44  | Risk: 0.5294 | Alert: HEALTHY  | Failure: None            | Air: 302.0 | ProcT: 309.8 | RPM: 1501 | Torque: 40.0 | Wear: 56
[23:58:46] Step 45  | Risk: 0.6888 | Alert: WARNING  | Failure: TWF             | Air: 301.3 | ProcT: 311.8 | RPM: 1548 | Torque: 38.2 | Wear: 58
[23:58:47] Step 46  | Risk: 0.4063 | Alert: HEALTHY  | Failure: None            | Air: 300.5 | ProcT: 309.7 | RPM: 1511 | Torque: 39.7 | Wear: 60
[23:58:49] Step 47  | Risk: 0.6386 | Alert: WARNING  | Failure: HDF             | Air: 301.7 | ProcT: 311.6 | RPM: 1489 | Torque: 38.5 | Wear: 62
[23:58:50] Step 48  | Risk: 0.3067 | Alert: HEALTHY  | Failure: None            | Air: 300.2 | ProcT: 309.1 | RPM: 1539 | Torque: 40.5 | Wear: 64
[23:58:52] Step 49  | Risk: 0.3074 | Alert: HEALTHY  | Failure: None            | Air: 299.1 | ProcT: 309.0 | RPM: 1512 | Torque: 38.4 | Wear: 66
[23:58:53] Step 50  | Risk: 0.0591 | Alert: HEALTHY  | Failure: None            | Air: 298.5 | ProcT: 310.3 | RPM: 1497 | Torque: 38.2 | Wear: 68
[23:58:55] Step 51  | Risk: 0.0590 | Alert: HEALTHY  | Failure: None            | Air: 298.7 | ProcT: 309.0 | RPM: 1453 | Torque: 38.2 | Wear: 70
[23:58:56] Step 52  | Risk: 0.3891 | Alert: HEALTHY  | Failure: None            | Air: 301.3 | ProcT: 311.9 | RPM: 1486 | Torque: 38.1 | Wear: 72
[23:58:58] Step 53  | Risk: 0.3322 | Alert: HEALTHY  | Failure: None            | Air: 298.0 | ProcT: 309.9 | RPM: 1503 | Torque: 41.5 | Wear: 74
[23:59:00] Step 54  | Risk: 0.3991 | Alert: HEALTHY  | Failure: None            | Air: 301.3 | ProcT: 308.7 | RPM: 1550 | Torque: 40.0 | Wear: 76
[23:59:01] Step 55  | Risk: 0.3391 | Alert: HEALTHY  | Failure: None            | Air: 300.8 | ProcT: 308.9 | RPM: 1528 | Torque: 40.3 | Wear: 78
[23:59:03] Step 56  | Risk: 0.3934 | Alert: HEALTHY  | Failure: None            | Air: 298.6 | ProcT: 310.3 | RPM: 1529 | Torque: 40.0 | Wear: 80
[23:59:04] Step 57  | Risk: 0.5043 | Alert: HEALTHY  | Failure: None            | Air: 298.9 | ProcT: 311.0 | RPM: 1503 | Torque: 39.6 | Wear: 82
[23:59:06] Step 58  | Risk: 0.2350 | Alert: HEALTHY  | Failure: None            | Air: 300.6 | ProcT: 309.2 | RPM: 1472 | Torque: 39.0 | Wear: 84
[23:59:08] Step 59  | Risk: 0.2540 | Alert: HEALTHY  | Failure: None            | Air: 300.2 | ProcT: 309.5 | RPM: 1505 | Torque: 40.2 | Wear: 86
[23:59:09] Step 60  | Risk: 0.2477 | Alert: HEALTHY  | Failure: None            | Air: 299.3 | ProcT: 310.9 | RPM: 1462 | Torque: 39.2 | Wear: 88
[23:59:10] Step 61  | Risk: 0.3357 | Alert: HEALTHY  | Failure: None            | Air: 301.9 | ProcT: 310.2 | RPM: 1503 | Torque: 39.9 | Wear: 50
[23:59:12] Step 62  | Risk: 0.3539 | Alert: HEALTHY  | Failure: None            | Air: 298.7 | ProcT: 311.3 | RPM: 1495 | Torque: 39.7 | Wear: 52
[23:59:13] Step 63  | Risk: 0.2612 | Alert: HEALTHY  | Failure: None            | Air: 301.2 | ProcT: 310.7 | RPM: 1513 | Torque: 41.5 | Wear: 54
[23:59:15] Step 64  | Risk: 0.1880 | Alert: HEALTHY  | Failure: None            | Air: 298.9 | ProcT: 310.8 | RPM: 1526 | Torque: 39.7 | Wear: 56
[23:59:16] Step 65  | Risk: 0.0960 | Alert: HEALTHY  | Failure: None            | Air: 299.3 | ProcT: 309.2 | RPM: 1478 | Torque: 39.3 | Wear: 58
[23:59:18] Step 66  | Risk: 0.0198 | Alert: HEALTHY  | Failure: None            | Air: 299.2 | ProcT: 308.3 | RPM: 1534 | Torque: 41.5 | Wear: 60
[23:59:20] Step 67  | Risk: 0.0176 | Alert: HEALTHY  | Failure: None            | Air: 298.1 | ProcT: 309.7 | RPM: 1520 | Torque: 39.2 | Wear: 62
[23:59:22] Step 68  | Risk: 0.0178 | Alert: HEALTHY  | Failure: None            | Air: 298.0 | ProcT: 308.5 | RPM: 1483 | Torque: 40.9 | Wear: 64
[23:59:23] Step 69  | Risk: 0.1320 | Alert: HEALTHY  | Failure: None            | Air: 300.7 | ProcT: 308.5 | RPM: 1451 | Torque: 41.8 | Wear: 66
[23:59:24] Step 70  | Risk: 0.4445 | Alert: HEALTHY  | Failure: None            | Air: 298.9 | ProcT: 311.3 | RPM: 1526 | Torque: 39.8 | Wear: 68
[23:59:25] Step 71  | Risk: 0.5334 | Alert: HEALTHY  | Failure: None            | Air: 299.4 | ProcT: 311.1 | RPM: 1522 | Torque: 40.6 | Wear: 70
[23:59:27] Step 72  | Risk: 0.5688 | Alert: HEALTHY  | Failure: None            | Air: 301.4 | ProcT: 309.9 | RPM: 1545 | Torque: 38.9 | Wear: 72
[23:59:28] Step 73  | Risk: 0.4652 | Alert: WARNING  | Failure: OSF             | Air: 299.1 | ProcT: 311.5 | RPM: 1512 | Torque: 41.1 | Wear: 74
[23:59:30] Step 74  | Risk: 0.3769 | Alert: HEALTHY  | Failure: None            | Air: 301.5 | ProcT: 308.8 | RPM: 1505 | Torque: 39.6 | Wear: 76
[23:59:32] Step 75  | Risk: 0.5149 | Alert: HEALTHY  | Failure: None            | Air: 300.6 | ProcT: 310.6 | RPM: 1455 | Torque: 41.1 | Wear: 78
[23:59:33] Step 76  | Risk: 0.2925 | Alert: HEALTHY  | Failure: None            | Air: 300.6 | ProcT: 308.7 | RPM: 1500 | Torque: 40.3 | Wear: 80
[23:59:34] Step 77  | Risk: 0.4469 | Alert: HEALTHY  | Failure: None            | Air: 299.1 | ProcT: 310.4 | RPM: 1454 | Torque: 38.3 | Wear: 82
[23:59:36] Step 78  | Risk: 0.1787 | Alert: HEALTHY  | Failure: None            | Air: 299.2 | ProcT: 310.5 | RPM: 1503 | Torque: 38.3 | Wear: 84
[23:59:38] Step 79  | Risk: 0.1787 | Alert: HEALTHY  | Failure: None            | Air: 299.7 | ProcT: 308.9 | RPM: 1536 | Torque: 41.2 | Wear: 86
[23:59:40] Step 80  | Risk: 0.3555 | Alert: HEALTHY  | Failure: None            | Air: 301.7 | ProcT: 311.3 | RPM: 1503 | Torque: 41.7 | Wear: 88
[23:59:41] Step 81  | Risk: 0.3629 | Alert: HEALTHY  | Failure: None            | Air: 298.1 | ProcT: 311.6 | RPM: 1545 | Torque: 41.4 | Wear: 50
[23:59:43] Step 82  | Risk: 0.3626 | Alert: HEALTHY  | Failure: None            | Air: 300.3 | ProcT: 309.4 | RPM: 1456 | Torque: 41.2 | Wear: 52
[23:59:44] Step 83  | Risk: 0.2419 | Alert: HEALTHY  | Failure: None            | Air: 301.4 | ProcT: 309.5 | RPM: 1482 | Torque: 41.2 | Wear: 54
[23:59:46] Step 84  | Risk: 0.3533 | Alert: HEALTHY  | Failure: None            | Air: 301.2 | ProcT: 310.4 | RPM: 1459 | Torque: 41.9 | Wear: 56
[23:59:48] Step 85  | Risk: 0.3935 | Alert: HEALTHY  | Failure: None            | Air: 299.5 | ProcT: 310.4 | RPM: 1484 | Torque: 39.7 | Wear: 58
[23:59:49] Step 86  | Risk: 0.4979 | Alert: HEALTHY  | Failure: None            | Air: 301.9 | ProcT: 311.3 | RPM: 1546 | Torque: 40.5 | Wear: 60
[23:59:51] Step 87  | Risk: 0.3570 | Alert: HEALTHY  | Failure: None            | Air: 299.0 | ProcT: 308.5 | RPM: 1470 | Torque: 39.6 | Wear: 62
[23:59:52] Step 88  | Risk: 0.6321 | Alert: WARNING  | Failure: OSF             | Air: 300.5 | ProcT: 311.2 | RPM: 1540 | Torque: 38.5 | Wear: 64
[23:59:54] Step 89  | Risk: 0.3194 | Alert: HEALTHY  | Failure: None            | Air: 298.3 | ProcT: 310.4 | RPM: 1543 | Torque: 39.7 | Wear: 66
[23:59:55] Step 90  | Risk: 0.3526 | Alert: HEALTHY  | Failure: None            | Air: 301.5 | ProcT: 310.4 | RPM: 1519 | Torque: 38.0 | Wear: 68
[23:59:57] Step 91  | Risk: 0.0605 | Alert: HEALTHY  | Failure: None            | Air: 300.3 | ProcT: 309.2 | RPM: 1539 | Torque: 38.8 | Wear: 70
[23:59:58] Step 92  | Risk: 0.0745 | Alert: HEALTHY  | Failure: None            | Air: 300.5 | ProcT: 308.9 | RPM: 1482 | Torque: 41.9 | Wear: 72
[23:59:59] Step 93  | Risk: 0.3624 | Alert: HEALTHY  | Failure: None            | Air: 298.2 | ProcT: 311.6 | RPM: 1524 | Torque: 41.7 | Wear: 74
