[19:27:20] --- Session Reset ---
[19:27:22] --- Session Reset ---
[19:27:24] --- Session Reset ---
[19:27:26] --- Session Reset ---
[19:27:28] --- Session Reset ---
[19:27:30] --- Session Reset ---
[19:27:32] --- Session Reset ---
[19:27:34] --- Session Reset ---
[19:27:36] --- Session Reset ---
[19:27:38] --- Session Reset ---
[19:27:40] --- Session Reset ---
[19:27:42] --- Session Reset ---
[19:27:44] --- Session Reset ---
[19:27:46] --- Session Reset ---
[19:27:48] --- Session Reset ---
[19:27:50] --- Session Reset ---
[19:27:52] --- Session Reset ---
[19:27:54] --- Session Reset ---
[19:27:56] --- Session Reset ---
[19:27:58] --- Session Reset ---
[19:28:00] --- Session Reset ---
[19:28:02] --- Session Reset ---
[19:28:04] --- Session Reset ---
[19:28:06] --- Session Reset ---
[19:28:08] --- Session Reset ---
[19:28:10] --- Session Reset ---
[19:28:12] --- Session Reset ---
[19:28:14] --- Session Reset ---
[19:28:16] --- Session Reset ---
[19:28:18] --- Session Reset ---
[19:28:20] --- Session Reset ---
[19:28:22] --- Session Reset ---
[19:28:26] --- Session Reset ---
[19:28:29] --- Session Reset ---
[19:28:31] --- Session Reset ---
[19:28:33] --- Session Reset ---
[19:28:37] --- Session Reset ---
[19:28:40] --- Session Reset ---
[19:28:42] --- Session Reset ---
[19:28:44] --- Session Reset ---
[19:29:01] --- Session Reset ---
[19:29:02] Step 1   | Risk: 0.0181 | Alert: HEALTHY  | Failure: None            | Air: 300.3 | ProcT: 310.4 | RPM: 1550 | Torque: 38.0 | Wear: 54
[19:29:03] Step 2   | Risk: 0.0158 | Alert: HEALTHY  | Failure: None            | Air: 300.3 | ProcT: 310.3 | RPM: 1547 | Torque: 38.0 | Wear: 50
[19:29:05] Step 3   | Risk: 0.0240 | Alert: HEALTHY  | Failure: None            | Air: 300.5 | ProcT: 310.4 | RPM: 1547 | Torque: 38.0 | Wear: 60
[19:29:06] Step 4   | Risk: 0.0386 | Alert: HEALTHY  | Failure: None            | Air: 300.6 | ProcT: 310.6 | RPM: 1549 | Torque: 38.0 | Wear: 67
[19:29:08] Step 5   | Risk: 0.0429 | Alert: HEALTHY  | Failure: None            | Air: 300.5 | ProcT: 310.5 | RPM: 1546 | Torque: 38.0 | Wear: 62
[19:29:09] --- Session Reset ---
[19:29:09] Step 1   | Risk: 0.0261 | Alert: HEALTHY  | Failure: None            | Air: 300.6 | ProcT: 310.5 | RPM: 1552 | Torque: 38.0 | Wear: 66
[19:29:11] Step 2   | Risk: 0.0131 | Alert: HEALTHY  | Failure: None            | Air: 298.8 | ProcT: 310.2 | RPM: 1459 | Torque: 40.6 | Wear: 50
[19:29:11] Step 3   | Risk: 0.0471 | Alert: HEALTHY  | Failure: None            | Air: 300.5 | ProcT: 310.5 | RPM: 1548 | Torque: 38.0 | Wear: 63
[19:29:12] Step 4   | Risk: 0.0390 | Alert: HEALTHY  | Failure: None            | Air: 300.6 | ProcT: 308.6 | RPM: 1486 | Torque: 40.7 | Wear: 52
[19:29:13] Step 5   | Risk: 0.2966 | Alert: HEALTHY  | Failure: None            | Air: 300.5 | ProcT: 310.5 | RPM: 1548 | Torque: 38.0 | Wear: 64
[19:29:13] Step 6   | Risk: 0.2590 | Alert: HEALTHY  | Failure: None            | Air: 298.5 | ProcT: 309.0 | RPM: 1528 | Torque: 39.1 | Wear: 54
[19:29:14] Step 7   | Risk: 0.4858 | Alert: HEALTHY  | Failure: None            | Air: 300.5 | ProcT: 310.5 | RPM: 1553 | Torque: 38.0 | Wear: 63
[19:29:14] Step 8   | Risk: 0.2506 | Alert: HEALTHY  | Failure: None            | Air: 301.2 | ProcT: 309.6 | RPM: 1464 | Torque: 38.7 | Wear: 56
[19:29:15] Step 9   | Risk: 0.4540 | Alert: HEALTHY  | Failure: None            | Air: 300.7 | ProcT: 310.7 | RPM: 1545 | Torque: 38.0 | Wear: 72
[19:29:15] Step 10  | Risk: 0.2472 | Alert: HEALTHY  | Failure: None            | Air: 301.9 | ProcT: 308.6 | RPM: 1465 | Torque: 38.5 | Wear: 58
[19:29:17] Step 11  | Risk: 0.4770 | Alert: HEALTHY  | Failure: None            | Air: 300.4 | ProcT: 310.3 | RPM: 1550 | Torque: 38.0 | Wear: 54
[19:29:17] Step 12  | Risk: 0.2884 | Alert: HEALTHY  | Failure: None            | Air: 300.5 | ProcT: 309.6 | RPM: 1545 | Torque: 38.7 | Wear: 60
[19:29:18] Step 13  | Risk: 0.4299 | Alert: HEALTHY  | Failure: None            | Air: 300.6 | ProcT: 310.6 | RPM: 1546 | Torque: 38.0 | Wear: 68
[19:29:19] Step 14  | Risk: 0.3745 | Alert: WARNING  | Failure: OSF             | Air: 301.1 | ProcT: 311.3 | RPM: 1472 | Torque: 41.2 | Wear: 62
[19:29:19] Step 15  | Risk: 0.3624 | Alert: WARNING  | Failure: TWF             | Air: 300.4 | ProcT: 310.4 | RPM: 1547 | Torque: 38.0 | Wear: 62
[19:29:20] Step 16  | Risk: 0.4942 | Alert: WARNING  | Failure: OSF             | Air: 301.3 | ProcT: 311.9 | RPM: 1466 | Torque: 42.2 | Wear: 69
[19:29:21] Step 17  | Risk: 0.2984 | Alert: HEALTHY  | Failure: None            | Air: 300.4 | ProcT: 310.5 | RPM: 1547 | Torque: 38.0 | Wear: 62
[19:29:21] Step 18  | Risk: 0.6251 | Alert: CRITICAL | Failure: TWF             | Air: 303.6 | ProcT: 312.0 | RPM: 1439 | Torque: 44.6 | Wear: 76
[19:29:22] Step 19  | Risk: 0.3348 | Alert: WARNING  | Failure: TWF             | Air: 300.4 | ProcT: 310.5 | RPM: 1554 | Torque: 38.0 | Wear: 61
[19:29:23] Step 20  | Risk: 0.6647 | Alert: CRITICAL | Failure: HDF             | Air: 302.1 | ProcT: 313.2 | RPM: 1332 | Torque: 45.4 | Wear: 82
[19:29:24] Step 21  | Risk: 0.6679 | Alert: CRITICAL | Failure: TWF             | Air: 305.0 | ProcT: 314.7 | RPM: 1289 | Torque: 48.3 | Wear: 88
[19:29:24] Step 22  | Risk: 0.6642 | Alert: CRITICAL | Failure: TWF             | Air: 300.7 | ProcT: 310.6 | RPM: 1552 | Torque: 38.0 | Wear: 71
[19:29:25] Step 23  | Risk: 0.6666 | Alert: CRITICAL | Failure: HDF             | Air: 306.8 | ProcT: 315.5 | RPM: 1243 | Torque: 50.4 | Wear: 94
[19:29:25] Step 24  | Risk: 0.3334 | Alert: WARNING  | Failure: TWF             | Air: 300.5 | ProcT: 310.5 | RPM: 1546 | Torque: 38.0 | Wear: 61
[19:29:26] Step 25  | Risk: 0.6667 | Alert: CRITICAL | Failure: HDF             | Air: 306.6 | ProcT: 316.4 | RPM: 1210 | Torque: 54.6 | Wear: 100
[19:29:27] Step 26  | Risk: 0.3334 | Alert: WARNING  | Failure: TWF             | Air: 300.6 | ProcT: 310.6 | RPM: 1546 | Torque: 38.0 | Wear: 65
[19:29:28] Step 27  | Risk: 0.6667 | Alert: CRITICAL | Failure: HDF             | Air: 307.4 | ProcT: 317.8 | RPM: 1189 | Torque: 55.3 | Wear: 105
[19:29:28] Step 28  | Risk: 0.3334 | Alert: WARNING  | Failure: TWF             | Air: 300.5 | ProcT: 310.4 | RPM: 1548 | Torque: 38.0 | Wear: 60
[19:29:29] Step 29  | Risk: 0.6667 | Alert: CRITICAL | Failure: HDF             | Air: 309.0 | ProcT: 319.0 | RPM: 1113 | Torque: 59.2 | Wear: 110
[19:29:30] Step 30  | Risk: 0.3333 | Alert: WARNING  | Failure: TWF             | Air: 300.6 | ProcT: 310.6 | RPM: 1550 | Torque: 38.0 | Wear: 69
[19:29:31] Step 31  | Risk: 0.6667 | Alert: CRITICAL | Failure: HDF             | Air: 310.5 | ProcT: 320.8 | RPM: 1089 | Torque: 60.8 | Wear: 115
[19:31:22] Step 32  | Risk: 0.6667 | Alert: CRITICAL | Failure: TWF             | Air: 314.5 | ProcT: 324.5 | RPM: 1133 | Torque: 58.4 | Wear: 135
[19:31:24] Step 33  | Risk: 0.6667 | Alert: CRITICAL | Failure: TWF             | Air: 300.5 | ProcT: 310.6 | RPM: 1554 | Torque: 38.0 | Wear: 66
[19:31:25] Step 34  | Risk: 0.6627 | Alert: CRITICAL | Failure: TWF             | Air: 300.4 | ProcT: 310.4 | RPM: 1549 | Torque: 38.0 | Wear: 55
[19:31:27] Step 35  | Risk: 0.3300 | Alert: WARNING  | Failure: HDF             | Air: 300.3 | ProcT: 310.4 | RPM: 1548 | Torque: 38.0 | Wear: 55
[19:31:28] Step 36  | Risk: 0.6633 | Alert: CRITICAL | Failure: HDF             | Air: 312.7 | ProcT: 322.7 | RPM: 1188 | Torque: 56.0 | Wear: 127
[19:31:29] Step 37  | Risk: 0.6672 | Alert: CRITICAL | Failure: TWF             | Air: 315.5 | ProcT: 325.5 | RPM: 1105 | Torque: 60.0 | Wear: 139
[19:31:31] Step 38  | Risk: 0.6667 | Alert: CRITICAL | Failure: TWF             | Air: 303.5 | ProcT: 313.5 | RPM: 1468 | Torque: 42.1 | Wear: 88
[19:31:33] Step 39  | Risk: 0.5231 | Alert: CRITICAL | Failure: TWF             | Air: 300.6 | ProcT: 310.6 | RPM: 1551 | Torque: 38.0 | Wear: 71
[19:31:34] Step 40  | Risk: 0.1898 | Alert: HEALTHY  | Failure: None            | Air: 300.6 | ProcT: 310.6 | RPM: 1546 | Torque: 38.0 | Wear: 68
[19:31:36] Step 41  | Risk: 0.1898 | Alert: HEALTHY  | Failure: None            | Air: 300.7 | ProcT: 310.7 | RPM: 1546 | Torque: 38.0 | Wear: 74
[19:31:37] Step 42  | Risk: 0.0008 | Alert: HEALTHY  | Failure: None            | Air: 300.4 | ProcT: 310.4 | RPM: 1551 | Torque: 38.0 | Wear: 55
[19:31:39] Step 43  | Risk: 0.0120 | Alert: HEALTHY  | Failure: None            | Air: 300.6 | ProcT: 310.5 | RPM: 1547 | Torque: 38.0 | Wear: 66
[19:31:40] Step 44  | Risk: 0.0237 | Alert: HEALTHY  | Failure: None            | Air: 300.6 | ProcT: 310.6 | RPM: 1549 | Torque: 38.0 | Wear: 67
[19:31:41] Step 45  | Risk: 0.3563 | Alert: HEALTHY  | Failure: None            | Air: 311.1 | ProcT: 321.2 | RPM: 1233 | Torque: 53.7 | Wear: 121
[19:31:43] Step 46  | Risk: 0.3450 | Alert: WARNING  | Failure: TWF             | Air: 302.9 | ProcT: 312.8 | RPM: 1487 | Torque: 41.2 | Wear: 85
[19:31:45] Step 47  | Risk: 0.6272 | Alert: CRITICAL | Failure: TWF             | Air: 301.7 | ProcT: 311.7 | RPM: 1520 | Torque: 39.5 | Wear: 80
[19:31:46] Step 48  | Risk: 0.6272 | Alert: CRITICAL | Failure: TWF             | Air: 307.7 | ProcT: 317.7 | RPM: 1343 | Torque: 48.5 | Wear: 106
[19:31:47] Step 49  | Risk: 0.6272 | Alert: CRITICAL | Failure: TWF             | Air: 300.5 | ProcT: 310.4 | RPM: 1547 | Torque: 38.0 | Wear: 57
[19:31:48] Step 50  | Risk: 0.3905 | Alert: WARNING  | Failure: HDF             | Air: 300.7 | ProcT: 310.7 | RPM: 1548 | Torque: 38.0 | Wear: 75
[19:31:50] Step 51  | Risk: 0.1176 | Alert: HEALTHY  | Failure: None            | Air: 300.4 | ProcT: 310.5 | RPM: 1550 | Torque: 38.0 | Wear: 60
[19:54:08] --- Session Reset ---
[19:54:10] Step 1   | Risk: 0.0209 | Alert: HEALTHY  | Failure: None            | Air: 300.4 | ProcT: 310.4 | RPM: 1552 | Torque: 38.0 | Wear: 57
[19:54:11] Step 2   | Risk: 0.0212 | Alert: HEALTHY  | Failure: None            | Air: 300.4 | ProcT: 310.4 | RPM: 1554 | Torque: 38.0 | Wear: 58
[19:54:12] Step 3   | Risk: 0.0211 | Alert: HEALTHY  | Failure: None            | Air: 300.4 | ProcT: 310.4 | RPM: 1549 | Torque: 38.0 | Wear: 58
[19:54:14] Step 4   | Risk: 0.0248 | Alert: HEALTHY  | Failure: None            | Air: 300.5 | ProcT: 310.5 | RPM: 1549 | Torque: 38.0 | Wear: 59
[19:54:15] Step 5   | Risk: 0.0271 | Alert: HEALTHY  | Failure: None            | Air: 300.5 | ProcT: 310.5 | RPM: 1553 | Torque: 38.0 | Wear: 63
[19:54:17] Step 6   | Risk: 0.0351 | Alert: HEALTHY  | Failure: None            | Air: 300.6 | ProcT: 310.6 | RPM: 1554 | Torque: 38.0 | Wear: 71
[19:54:18] Step 7   | Risk: 0.0323 | Alert: HEALTHY  | Failure: None            | Air: 300.5 | ProcT: 310.5 | RPM: 1553 | Torque: 38.0 | Wear: 64
[19:54:20] Step 8   | Risk: 0.0268 | Alert: HEALTHY  | Failure: None            | Air: 300.3 | ProcT: 310.3 | RPM: 1549 | Torque: 38.0 | Wear: 53
[19:54:21] Step 9   | Risk: 0.0238 | Alert: HEALTHY  | Failure: None            | Air: 300.5 | ProcT: 310.5 | RPM: 1547 | Torque: 38.0 | Wear: 59
[19:54:21] --- Session Reset ---
[19:54:22] Step 1   | Risk: 0.0205 | Alert: HEALTHY  | Failure: None            | Air: 300.4 | ProcT: 310.4 | RPM: 1548 | Torque: 38.0 | Wear: 56
[19:54:23] Step 2   | Risk: 0.0102 | Alert: HEALTHY  | Failure: None            | Air: 297.4 | ProcT: 309.4 | RPM: 1620 | Torque: 35.4 | Wear: 51
[19:54:24] Step 3   | Risk: 0.0075 | Alert: HEALTHY  | Failure: None            | Air: 298.1 | ProcT: 308.5 | RPM: 1372 | Torque: 51.1 | Wear: 116
[19:54:24] Step 4   | Risk: 0.2714 | Alert: HEALTHY  | Failure: None            | Air: 300.3 | ProcT: 310.4 | RPM: 1550 | Torque: 38.0 | Wear: 55
[19:54:25] Step 5   | Risk: 0.2714 | Alert: HEALTHY  | Failure: None            | Air: 297.5 | ProcT: 308.1 | RPM: 1469 | Torque: 44.8 | Wear: 5
[19:54:26] Step 6   | Risk: 0.6033 | Alert: CRITICAL | Failure: TWF             | Air: 300.6 | ProcT: 310.6 | RPM: 1550 | Torque: 38.0 | Wear: 70
[19:54:27] Step 7   | Risk: 0.3485 | Alert: WARNING  | Failure: TWF             | Air: 298.7 | ProcT: 308.5 | RPM: 1420 | Torque: 45.7 | Wear: 143
[19:54:27] Step 8   | Risk: 0.6818 | Alert: CRITICAL | Failure: PWF             | Air: 302.2 | ProcT: 312.3 | RPM: 1498 | Torque: 40.4 | Wear: 82
[19:54:28] Step 9   | Risk: 0.3495 | Alert: WARNING  | Failure: TWF             | Air: 297.4 | ProcT: 308.3 | RPM: 1490 | Torque: 42.6 | Wear: 164
[19:54:29] Step 10  | Risk: 0.6328 | Alert: CRITICAL | Failure: PWF             | Air: 300.4 | ProcT: 310.4 | RPM: 1545 | Torque: 38.0 | Wear: 56
[19:54:29] Step 11  | Risk: 0.3137 | Alert: WARNING  | Failure: TWF             | Air: 298.8 | ProcT: 309.1 | RPM: 1439 | Torque: 39.2 | Wear: 104
[19:54:30] Step 12  | Risk: 0.4234 | Alert: WARNING  | Failure: PWF             | Air: 300.4 | ProcT: 310.5 | RPM: 1547 | Torque: 38.0 | Wear: 62
[19:54:30] Step 13  | Risk: 0.1559 | Alert: HEALTHY  | Failure: None            | Air: 298.7 | ProcT: 309.0 | RPM: 1843 | Torque: 25.8 | Wear: 130
[19:54:31] Step 14  | Risk: 0.4191 | Alert: HEALTHY  | Failure: None            | Air: 300.7 | ProcT: 310.6 | RPM: 1549 | Torque: 38.0 | Wear: 72
[19:54:32] Step 15  | Risk: 0.3093 | Alert: WARNING  | Failure: TWF             | Air: 297.5 | ProcT: 308.3 | RPM: 1521 | Torque: 38.2 | Wear: 74
[19:54:33] Step 16  | Risk: 0.5870 | Alert: CRITICAL | Failure: PWF             | Air: 300.5 | ProcT: 310.5 | RPM: 1546 | Torque: 38.0 | Wear: 61
[19:54:33] Step 17  | Risk: 0.3188 | Alert: WARNING  | Failure: HDF             | Air: 297.8 | ProcT: 309.4 | RPM: 1445 | Torque: 48.2 | Wear: 10
[19:54:34] Step 18  | Risk: 0.5455 | Alert: CRITICAL | Failure: HDF             | Air: 300.6 | ProcT: 310.6 | RPM: 1549 | Torque: 38.0 | Wear: 69
[19:54:35] Step 19  | Risk: 0.2411 | Alert: HEALTHY  | Failure: None            | Air: 297.8 | ProcT: 308.4 | RPM: 1512 | Torque: 39.9 | Wear: 181
[19:54:36] Step 20  | Risk: 0.5304 | Alert: CRITICAL | Failure: PWF             | Air: 300.6 | ProcT: 310.6 | RPM: 1552 | Torque: 38.0 | Wear: 67
[19:54:36] Step 21  | Risk: 0.3039 | Alert: WARNING  | Failure: TWF             | Air: 297.4 | ProcT: 308.3 | RPM: 1431 | Torque: 43.0 | Wear: 113
[19:54:37] Step 22  | Risk: 0.3218 | Alert: WARNING  | Failure: TWF             | Air: 297.4 | ProcT: 309.0 | RPM: 1468 | Torque: 41.4 | Wear: 156
[19:54:37] Step 23  | Risk: 0.3566 | Alert: WARNING  | Failure: PWF             | Air: 308.5 | ProcT: 318.5 | RPM: 1313 | Torque: 49.7 | Wear: 109
[19:54:39] Step 24  | Risk: 0.3561 | Alert: WARNING  | Failure: TWF             | Air: 297.9 | ProcT: 308.6 | RPM: 1468 | Torque: 36.0 | Wear: 168
[19:54:48] Step 25  | Risk: 0.6666 | Alert: CRITICAL | Failure: TWF             | Air: 300.4 | ProcT: 310.4 | RPM: 1552 | Torque: 38.0 | Wear: 57
[19:54:49] Step 26  | Risk: 0.6657 | Alert: CRITICAL | Failure: HDF             | Air: 300.6 | ProcT: 310.6 | RPM: 1553 | Torque: 38.0 | Wear: 68
[19:54:51] Step 27  | Risk: 0.9990 | Alert: CRITICAL | Failure: HDF             | Air: 305.9 | ProcT: 315.9 | RPM: 1388 | Torque: 45.8 | Wear: 98
[19:54:52] Step 28  | Risk: 0.6663 | Alert: CRITICAL | Failure: TWF             | Air: 300.5 | ProcT: 310.5 | RPM: 1545 | Torque: 38.0 | Wear: 65
[19:54:53] Step 29  | Risk: 0.4973 | Alert: WARNING  | Failure: TWF             | Air: 300.6 | ProcT: 310.6 | RPM: 1545 | Torque: 38.0 | Wear: 71
[19:54:55] Step 30  | Risk: 0.2449 | Alert: HEALTHY  | Failure: None            | Air: 300.5 | ProcT: 310.4 | RPM: 1547 | Torque: 38.0 | Wear: 58
[19:54:57] Step 31  | Risk: 0.2446 | Alert: HEALTHY  | Failure: None            | Air: 300.3 | ProcT: 310.3 | RPM: 1549 | Torque: 38.0 | Wear: 53
[19:54:58] Step 32  | Risk: 0.0947 | Alert: HEALTHY  | Failure: None            | Air: 300.5 | ProcT: 310.5 | RPM: 1545 | Torque: 38.0 | Wear: 65
[19:54:59] Step 33  | Risk: 0.0223 | Alert: HEALTHY  | Failure: None            | Air: 300.5 | ProcT: 310.5 | RPM: 1548 | Torque: 38.0 | Wear: 64
[19:55:01] Step 34  | Risk: 0.3456 | Alert: HEALTHY  | Failure: None            | Air: 302.2 | ProcT: 312.3 | RPM: 1498 | Torque: 40.4 | Wear: 82
[19:55:03] Step 35  | Risk: 0.3332 | Alert: WARNING  | Failure: TWF             | Air: 300.5 | ProcT: 310.5 | RPM: 1551 | Torque: 38.0 | Wear: 66
[19:55:04] Step 36  | Risk: 0.3348 | Alert: WARNING  | Failure: HDF             | Air: 300.3 | ProcT: 310.3 | RPM: 1551 | Torque: 38.0 | Wear: 53
[19:55:05] Step 37  | Risk: 0.0320 | Alert: HEALTHY  | Failure: None            | Air: 300.4 | ProcT: 310.4 | RPM: 1547 | Torque: 38.0 | Wear: 56
[19:55:06] Step 38  | Risk: 0.0369 | Alert: HEALTHY  | Failure: None            | Air: 300.6 | ProcT: 310.6 | RPM: 1550 | Torque: 38.0 | Wear: 67
[19:55:07] Step 39  | Risk: 0.3601 | Alert: HEALTHY  | Failure: None            | Air: 315.2 | ProcT: 325.2 | RPM: 1110 | Torque: 59.6 | Wear: 138
[19:55:09] Step 40  | Risk: 0.3394 | Alert: WARNING  | Failure: TWF             | Air: 300.6 | ProcT: 310.7 | RPM: 1549 | Torque: 38.0 | Wear: 70
[19:55:11] Step 41  | Risk: 0.6651 | Alert: CRITICAL | Failure: TWF             | Air: 300.6 | ProcT: 310.7 | RPM: 1547 | Torque: 38.0 | Wear: 73
[19:55:12] Step 42  | Risk: 0.6633 | Alert: CRITICAL | Failure: TWF             | Air: 300.7 | ProcT: 310.7 | RPM: 1550 | Torque: 38.0 | Wear: 72
[19:55:14] Step 43  | Risk: 0.6633 | Alert: CRITICAL | Failure: HDF             | Air: 300.7 | ProcT: 310.6 | RPM: 1550 | Torque: 38.0 | Wear: 73
[19:55:16] Step 44  | Risk: 0.3372 | Alert: WARNING  | Failure: OSF             | Air: 300.5 | ProcT: 310.5 | RPM: 1548 | Torque: 38.0 | Wear: 63
[19:55:18] Step 45  | Risk: 0.0109 | Alert: HEALTHY  | Failure: None            | Air: 300.4 | ProcT: 310.4 | RPM: 1550 | Torque: 38.0 | Wear: 55
[19:55:20] Step 46  | Risk: 0.0202 | Alert: HEALTHY  | Failure: None            | Air: 300.5 | ProcT: 310.5 | RPM: 1553 | Torque: 38.0 | Wear: 63
[19:55:21] Step 47  | Risk: 0.0262 | Alert: HEALTHY  | Failure: None            | Air: 300.6 | ProcT: 310.6 | RPM: 1550 | Torque: 38.0 | Wear: 70
[19:55:23] Step 48  | Risk: 0.0244 | Alert: HEALTHY  | Failure: None            | Air: 300.3 | ProcT: 310.3 | RPM: 1549 | Torque: 38.0 | Wear: 53
[19:55:24] Step 49  | Risk: 0.0374 | Alert: HEALTHY  | Failure: None            | Air: 300.6 | ProcT: 310.6 | RPM: 1554 | Torque: 38.0 | Wear: 70
[19:55:25] Step 50  | Risk: 0.0365 | Alert: HEALTHY  | Failure: None            | Air: 300.6 | ProcT: 310.6 | RPM: 1546 | Torque: 38.0 | Wear: 68
[19:55:27] Step 51  | Risk: 0.0455 | Alert: HEALTHY  | Failure: None            | Air: 300.7 | ProcT: 310.6 | RPM: 1550 | Torque: 38.0 | Wear: 73
[19:55:29] Step 52  | Risk: 0.0393 | Alert: HEALTHY  | Failure: None            | Air: 300.7 | ProcT: 310.6 | RPM: 1549 | Torque: 38.0 | Wear: 72
[19:55:30] Step 53  | Risk: 0.0347 | Alert: HEALTHY  | Failure: None            | Air: 300.5 | ProcT: 310.5 | RPM: 1549 | Torque: 38.0 | Wear: 59
[19:55:32] Step 54  | Risk: 0.0273 | Alert: HEALTHY  | Failure: None            | Air: 300.3 | ProcT: 310.4 | RPM: 1549 | Torque: 38.0 | Wear: 55
[19:55:33] Step 55  | Risk: 0.0201 | Alert: HEALTHY  | Failure: None            | Air: 300.5 | ProcT: 310.5 | RPM: 1546 | Torque: 38.0 | Wear: 58
[19:55:35] Step 56  | Risk: 0.0220 | Alert: HEALTHY  | Failure: None            | Air: 300.5 | ProcT: 310.5 | RPM: 1546 | Torque: 38.0 | Wear: 64
[19:55:36] Step 57  | Risk: 0.0372 | Alert: HEALTHY  | Failure: None            | Air: 300.7 | ProcT: 310.7 | RPM: 1554 | Torque: 38.0 | Wear: 74
[19:55:38] Step 58  | Risk: 0.0321 | Alert: HEALTHY  | Failure: None            | Air: 300.4 | ProcT: 310.3 | RPM: 1550 | Torque: 38.0 | Wear: 54
[19:55:39] Step 59  | Risk: 0.0313 | Alert: HEALTHY  | Failure: None            | Air: 300.4 | ProcT: 310.3 | RPM: 1550 | Torque: 38.0 | Wear: 52
[19:55:41] Step 60  | Risk: 0.0894 | Alert: HEALTHY  | Failure: None            | Air: 301.0 | ProcT: 311.0 | RPM: 1540 | Torque: 38.2 | Wear: 77
[19:55:42] Step 61  | Risk: 0.0875 | Alert: HEALTHY  | Failure: None            | Air: 300.3 | ProcT: 310.4 | RPM: 1547 | Torque: 38.0 | Wear: 53
[19:55:44] Step 62  | Risk: 0.0972 | Alert: HEALTHY  | Failure: None            | Air: 300.5 | ProcT: 310.5 | RPM: 1553 | Torque: 38.0 | Wear: 64
[19:55:46] Step 63  | Risk: 0.0247 | Alert: HEALTHY  | Failure: None            | Air: 300.3 | ProcT: 310.3 | RPM: 1552 | Torque: 38.0 | Wear: 50
[19:55:47] Step 64  | Risk: 0.0313 | Alert: HEALTHY  | Failure: None            | Air: 300.4 | ProcT: 310.5 | RPM: 1554 | Torque: 38.0 | Wear: 60
[19:55:50] Step 65  | Risk: 0.0254 | Alert: HEALTHY  | Failure: None            | Air: 300.5 | ProcT: 310.5 | RPM: 1551 | Torque: 38.0 | Wear: 66
[19:55:51] Step 66  | Risk: 0.0324 | Alert: HEALTHY  | Failure: None            | Air: 300.6 | ProcT: 310.6 | RPM: 1550 | Torque: 38.0 | Wear: 69
[19:55:53] Step 67  | Risk: 0.0295 | Alert: HEALTHY  | Failure: None            | Air: 300.4 | ProcT: 310.4 | RPM: 1547 | Torque: 38.0 | Wear: 57
[19:55:55] Step 68  | Risk: 0.0345 | Alert: HEALTHY  | Failure: None            | Air: 300.6 | ProcT: 310.6 | RPM: 1549 | Torque: 38.0 | Wear: 67
[19:55:56] Step 69  | Risk: 0.0259 | Alert: HEALTHY  | Failure: None            | Air: 300.3 | ProcT: 310.4 | RPM: 1550 | Torque: 38.0 | Wear: 54
[19:55:57] Step 70  | Risk: 0.0302 | Alert: HEALTHY  | Failure: None            | Air: 300.5 | ProcT: 310.5 | RPM: 1550 | Torque: 38.0 | Wear: 64
[19:55:58] Step 71  | Risk: 0.3478 | Alert: HEALTHY  | Failure: None            | Air: 310.3 | ProcT: 320.2 | RPM: 1261 | Torque: 52.1 | Wear: 117
[19:56:00] Step 72  | Risk: 0.3435 | Alert: WARNING  | Failure: TWF             | Air: 300.4 | ProcT: 310.4 | RPM: 1545 | Torque: 38.0 | Wear: 56
[19:56:02] Step 73  | Risk: 0.6297 | Alert: CRITICAL | Failure: TWF             | Air: 300.4 | ProcT: 310.4 | RPM: 1545 | Torque: 38.0 | Wear: 56
[19:56:03] Step 74  | Risk: 0.6101 | Alert: CRITICAL | Failure: TWF             | Air: 300.6 | ProcT: 310.6 | RPM: 1547 | Torque: 38.0 | Wear: 71
[19:56:05] Step 75  | Risk: 0.6102 | Alert: CRITICAL | Failure: HDF             | Air: 300.5 | ProcT: 310.5 | RPM: 1550 | Torque: 38.0 | Wear: 62
[19:56:06] Step 76  | Risk: 0.3352 | Alert: WARNING  | Failure: TWF             | Air: 300.7 | ProcT: 310.7 | RPM: 1550 | Torque: 38.0 | Wear: 72
[19:56:08] Step 77  | Risk: 0.0628 | Alert: HEALTHY  | Failure: None            | Air: 301.0 | ProcT: 311.0 | RPM: 1540 | Torque: 38.2 | Wear: 77
[19:56:09] Step 78  | Risk: 0.0653 | Alert: HEALTHY  | Failure: None            | Air: 300.4 | ProcT: 310.4 | RPM: 1553 | Torque: 38.0 | Wear: 56
[19:56:10] Step 79  | Risk: 0.3771 | Alert: HEALTHY  | Failure: None            | Air: 307.7 | ProcT: 317.7 | RPM: 1343 | Torque: 48.5 | Wear: 106
[19:56:12] Step 80  | Risk: 0.3359 | Alert: WARNING  | Failure: TWF             | Air: 300.4 | ProcT: 310.4 | RPM: 1552 | Torque: 38.0 | Wear: 54
[19:56:14] Step 81  | Risk: 0.5650 | Alert: CRITICAL | Failure: TWF             | Air: 300.6 | ProcT: 310.7 | RPM: 1552 | Torque: 38.0 | Wear: 72
[19:56:16] Step 82  | Risk: 0.4516 | Alert: WARNING  | Failure: TWF             | Air: 300.6 | ProcT: 310.6 | RPM: 1550 | Torque: 38.0 | Wear: 71
[19:56:17] Step 83  | Risk: 0.4517 | Alert: WARNING  | Failure: HDF             | Air: 300.3 | ProcT: 310.4 | RPM: 1550 | Torque: 38.0 | Wear: 55
[19:56:19] Step 84  | Risk: 0.2373 | Alert: HEALTHY  | Failure: None            | Air: 300.6 | ProcT: 310.6 | RPM: 1549 | Torque: 38.0 | Wear: 69
[19:56:20] Step 85  | Risk: 0.0294 | Alert: HEALTHY  | Failure: None            | Air: 300.6 | ProcT: 310.7 | RPM: 1552 | Torque: 38.0 | Wear: 72
[19:56:22] Step 86  | Risk: 0.0341 | Alert: HEALTHY  | Failure: None            | Air: 300.4 | ProcT: 310.5 | RPM: 1550 | Torque: 38.0 | Wear: 60
[19:56:24] Step 87  | Risk: 0.0224 | Alert: HEALTHY  | Failure: None            | Air: 300.4 | ProcT: 310.3 | RPM: 1554 | Torque: 38.0 | Wear: 53
[19:56:25] Step 88  | Risk: 0.3428 | Alert: HEALTHY  | Failure: None            | Air: 302.9 | ProcT: 312.8 | RPM: 1487 | Torque: 41.2 | Wear: 85
[19:56:27] Step 89  | Risk: 0.3388 | Alert: WARNING  | Failure: TWF             | Air: 300.6 | ProcT: 310.6 | RPM: 1554 | Torque: 38.0 | Wear: 71
[19:56:29] Step 90  | Risk: 0.3723 | Alert: WARNING  | Failure: TWF             | Air: 300.6 | ProcT: 310.6 | RPM: 1551 | Torque: 38.0 | Wear: 71
[19:56:30] Step 91  | Risk: 0.0527 | Alert: HEALTHY  | Failure: None            | Air: 300.3 | ProcT: 310.3 | RPM: 1547 | Torque: 38.0 | Wear: 50
[19:56:32] Step 92  | Risk: 0.0561 | Alert: HEALTHY  | Failure: None            | Air: 300.6 | ProcT: 310.5 | RPM: 1547 | Torque: 38.0 | Wear: 66
[19:56:34] Step 93  | Risk: 0.0229 | Alert: HEALTHY  | Failure: None            | Air: 300.4 | ProcT: 310.4 | RPM: 1550 | Torque: 38.0 | Wear: 57
[19:56:35] Step 94  | Risk: 0.0264 | Alert: HEALTHY  | Failure: None            | Air: 300.6 | ProcT: 310.6 | RPM: 1554 | Torque: 38.0 | Wear: 70
[19:56:37] Step 95  | Risk: 0.0313 | Alert: HEALTHY  | Failure: None            | Air: 300.5 | ProcT: 310.5 | RPM: 1546 | Torque: 38.0 | Wear: 62
[19:56:38] Step 96  | Risk: 0.0314 | Alert: HEALTHY  | Failure: None            | Air: 300.4 | ProcT: 310.4 | RPM: 1554 | Torque: 38.0 | Wear: 58
[19:56:39] Step 97  | Risk: 0.0361 | Alert: HEALTHY  | Failure: None            | Air: 300.6 | ProcT: 310.7 | RPM: 1549 | Torque: 38.0 | Wear: 70
[19:56:41] Step 98  | Risk: 0.0312 | Alert: HEALTHY  | Failure: None            | Air: 300.5 | ProcT: 310.4 | RPM: 1547 | Torque: 38.0 | Wear: 58
[19:56:43] Step 99  | Risk: 0.0407 | Alert: HEALTHY  | Failure: None            | Air: 300.6 | ProcT: 310.6 | RPM: 1549 | Torque: 38.0 | Wear: 69
[19:56:45] Step 100 | Risk: 0.0317 | Alert: HEALTHY  | Failure: None            | Air: 300.6 | ProcT: 310.6 | RPM: 1550 | Torque: 38.0 | Wear: 71
[19:56:47] Step 101 | Risk: 0.0356 | Alert: HEALTHY  | Failure: None            | Air: 300.5 | ProcT: 310.6 | RPM: 1552 | Torque: 38.0 | Wear: 68
[19:56:48] Step 102 | Risk: 0.0282 | Alert: HEALTHY  | Failure: None            | Air: 300.6 | ProcT: 310.5 | RPM: 1545 | Torque: 38.0 | Wear: 67
[19:56:50] Step 103 | Risk: 0.0228 | Alert: HEALTHY  | Failure: None            | Air: 300.4 | ProcT: 310.5 | RPM: 1554 | Torque: 38.0 | Wear: 60
[19:56:51] Step 104 | Risk: 0.0191 | Alert: HEALTHY  | Failure: None            | Air: 300.4 | ProcT: 310.3 | RPM: 1550 | Torque: 38.0 | Wear: 54
[19:56:52] Step 105 | Risk: 0.0168 | Alert: HEALTHY  | Failure: None            | Air: 300.3 | ProcT: 310.3 | RPM: 1548 | Torque: 38.0 | Wear: 51
[19:56:53] Step 106 | Risk: 0.0294 | Alert: HEALTHY  | Failure: None            | Air: 300.6 | ProcT: 310.6 | RPM: 1552 | Torque: 38.0 | Wear: 67
[19:56:54] Step 107 | Risk: 0.3585 | Alert: HEALTHY  | Failure: None            | Air: 314.9 | ProcT: 324.9 | RPM: 1114 | Torque: 59.3 | Wear: 137
[19:56:56] Step 108 | Risk: 0.3527 | Alert: WARNING  | Failure: TWF             | Air: 300.5 | ProcT: 310.5 | RPM: 1548 | Torque: 38.0 | Wear: 64
[19:56:57] Step 109 | Risk: 0.6637 | Alert: CRITICAL | Failure: TWF             | Air: 300.4 | ProcT: 310.4 | RPM: 1546 | Torque: 38.0 | Wear: 58
[19:56:58] Step 110 | Risk: 0.6626 | Alert: CRITICAL | Failure: TWF             | Air: 300.7 | ProcT: 310.7 | RPM: 1546 | Torque: 38.0 | Wear: 74
[19:57:00] Step 111 | Risk: 0.6626 | Alert: CRITICAL | Failure: HDF             | Air: 300.5 | ProcT: 310.5 | RPM: 1549 | Torque: 38.0 | Wear: 59
[19:57:02] Step 112 | Risk: 0.6656 | Alert: CRITICAL | Failure: TWF             | Air: 311.1 | ProcT: 321.2 | RPM: 1233 | Torque: 53.7 | Wear: 121
[19:57:04] Step 113 | Risk: 0.3333 | Alert: WARNING  | Failure: TWF             | Air: 300.5 | ProcT: 310.6 | RPM: 1550 | Torque: 38.0 | Wear: 65
[19:57:06] Step 114 | Risk: 0.6314 | Alert: CRITICAL | Failure: TWF             | Air: 300.5 | ProcT: 310.5 | RPM: 1545 | Torque: 38.0 | Wear: 64
[19:57:07] Step 115 | Risk: 0.5929 | Alert: CRITICAL | Failure: TWF             | Air: 300.3 | ProcT: 310.4 | RPM: 1549 | Torque: 38.0 | Wear: 55
[19:57:09] Step 116 | Risk: 0.5929 | Alert: CRITICAL | Failure: HDF             | Air: 300.5 | ProcT: 310.5 | RPM: 1546 | Torque: 38.0 | Wear: 62
[19:57:10] Step 117 | Risk: 0.3073 | Alert: WARNING  | Failure: TWF             | Air: 300.6 | ProcT: 310.6 | RPM: 1549 | Torque: 38.0 | Wear: 69
[19:57:12] Step 118 | Risk: 0.0289 | Alert: HEALTHY  | Failure: None            | Air: 300.7 | ProcT: 310.7 | RPM: 1547 | Torque: 38.0 | Wear: 75
[19:57:13] Step 119 | Risk: 0.0451 | Alert: HEALTHY  | Failure: None            | Air: 300.7 | ProcT: 310.7 | RPM: 1551 | Torque: 38.0 | Wear: 74
[19:57:15] Step 120 | Risk: 0.0379 | Alert: HEALTHY  | Failure: None            | Air: 300.4 | ProcT: 310.5 | RPM: 1550 | Torque: 38.0 | Wear: 60
[19:57:17] Step 121 | Risk: 0.3547 | Alert: HEALTHY  | Failure: None            | Air: 305.9 | ProcT: 315.9 | RPM: 1388 | Torque: 45.8 | Wear: 98
[19:57:18] Step 122 | Risk: 0.6718 | Alert: CRITICAL | Failure: TWF             | Air: 314.0 | ProcT: 324.0 | RPM: 1150 | Torque: 57.6 | Wear: 133
[19:57:20] Step 123 | Risk: 0.6667 | Alert: CRITICAL | Failure: TWF             | Air: 300.8 | ProcT: 310.7 | RPM: 1543 | Torque: 38.2 | Wear: 76
[19:57:21] Step 124 | Risk: 0.6599 | Alert: CRITICAL | Failure: TWF             | Air: 300.6 | ProcT: 310.6 | RPM: 1550 | Torque: 38.0 | Wear: 67
[19:57:24] Step 125 | Risk: 0.3609 | Alert: WARNING  | Failure: HDF             | Air: 300.6 | ProcT: 310.5 | RPM: 1552 | Torque: 38.0 | Wear: 66
[19:57:26] Step 126 | Risk: 0.3609 | Alert: WARNING  | Failure: HDF             | Air: 300.7 | ProcT: 310.6 | RPM: 1549 | Torque: 38.0 | Wear: 72
[19:57:27] Step 127 | Risk: 0.0426 | Alert: HEALTHY  | Failure: None            | Air: 300.6 | ProcT: 310.6 | RPM: 1549 | Torque: 38.0 | Wear: 69
[19:57:29] Step 128 | Risk: 0.0131 | Alert: HEALTHY  | Failure: None            | Air: 300.5 | ProcT: 310.4 | RPM: 1547 | Torque: 38.0 | Wear: 58
[19:57:31] Step 129 | Risk: 0.0193 | Alert: HEALTHY  | Failure: None            | Air: 300.3 | ProcT: 310.4 | RPM: 1550 | Torque: 38.0 | Wear: 54
[19:57:32] Step 130 | Risk: 0.3434 | Alert: HEALTHY  | Failure: None            | Air: 302.9 | ProcT: 312.8 | RPM: 1487 | Torque: 41.2 | Wear: 85
[19:57:34] Step 131 | Risk: 0.3397 | Alert: WARNING  | Failure: TWF             | Air: 300.7 | ProcT: 310.7 | RPM: 1551 | Torque: 38.0 | Wear: 74
[19:57:35] Step 132 | Risk: 0.6667 | Alert: CRITICAL | Failure: TWF             | Air: 314.5 | ProcT: 324.5 | RPM: 1133 | Torque: 58.4 | Wear: 135
[19:57:37] Step 133 | Risk: 0.6677 | Alert: CRITICAL | Failure: TWF             | Air: 310.3 | ProcT: 320.2 | RPM: 1261 | Torque: 52.1 | Wear: 117
[19:57:38] Step 134 | Risk: 0.6667 | Alert: CRITICAL | Failure: TWF             | Air: 300.3 | ProcT: 310.3 | RPM: 1547 | Torque: 38.0 | Wear: 50
[19:57:40] Step 135 | Risk: 0.6652 | Alert: CRITICAL | Failure: TWF             | Air: 300.6 | ProcT: 310.6 | RPM: 1547 | Torque: 38.0 | Wear: 70
[19:57:41] Step 136 | Risk: 0.3319 | Alert: WARNING  | Failure: HDF             | Air: 301.3 | ProcT: 311.3 | RPM: 1536 | Torque: 38.7 | Wear: 78
[19:57:42] Step 137 | Risk: 0.3319 | Alert: WARNING  | Failure: HDF             | Air: 300.7 | ProcT: 310.7 | RPM: 1548 | Torque: 38.0 | Wear: 75
[19:57:43] Step 138 | Risk: 0.0069 | Alert: HEALTHY  | Failure: None            | Air: 300.4 | ProcT: 310.4 | RPM: 1547 | Torque: 38.0 | Wear: 57
[19:57:45] Step 139 | Risk: 0.0138 | Alert: HEALTHY  | Failure: None            | Air: 300.4 | ProcT: 310.3 | RPM: 1552 | Torque: 38.0 | Wear: 51
[19:57:47] Step 140 | Risk: 0.0256 | Alert: HEALTHY  | Failure: None            | Air: 300.6 | ProcT: 310.6 | RPM: 1550 | Torque: 38.0 | Wear: 69
[19:57:49] Step 141 | Risk: 0.0253 | Alert: HEALTHY  | Failure: None            | Air: 300.5 | ProcT: 310.5 | RPM: 1550 | Torque: 38.0 | Wear: 63
[19:57:50] Step 142 | Risk: 0.0256 | Alert: HEALTHY  | Failure: None            | Air: 300.5 | ProcT: 310.4 | RPM: 1547 | Torque: 38.0 | Wear: 57
[19:57:52] Step 143 | Risk: 0.3395 | Alert: HEALTHY  | Failure: None            | Air: 302.2 | ProcT: 312.3 | RPM: 1498 | Torque: 40.4 | Wear: 82
[19:57:53] Step 144 | Risk: 0.3334 | Alert: WARNING  | Failure: TWF             | Air: 300.3 | ProcT: 310.3 | RPM: 1551 | Torque: 38.0 | Wear: 53
[19:57:55] Step 145 | Risk: 0.3588 | Alert: WARNING  | Failure: TWF             | Air: 300.5 | ProcT: 310.5 | RPM: 1552 | Torque: 38.0 | Wear: 65
[19:57:56] Step 146 | Risk: 0.2150 | Alert: HEALTHY  | Failure: None            | Air: 301.3 | ProcT: 311.3 | RPM: 1536 | Torque: 38.7 | Wear: 78
[19:57:58] Step 147 | Risk: 0.5453 | Alert: CRITICAL | Failure: HDF             | Air: 303.5 | ProcT: 313.5 | RPM: 1468 | Torque: 42.1 | Wear: 88
[19:57:59] Step 148 | Risk: 0.5128 | Alert: CRITICAL | Failure: TWF             | Air: 300.4 | ProcT: 310.4 | RPM: 1547 | Torque: 38.0 | Wear: 57
[19:58:01] Step 149 | Risk: 0.3533 | Alert: WARNING  | Failure: TWF             | Air: 300.3 | ProcT: 310.3 | RPM: 1549 | Torque: 38.0 | Wear: 50
[19:58:02] Step 150 | Risk: 0.0687 | Alert: HEALTHY  | Failure: None            | Air: 300.6 | ProcT: 310.7 | RPM: 1547 | Torque: 38.0 | Wear: 73
[19:58:03] Step 151 | Risk: 0.0693 | Alert: HEALTHY  | Failure: None            | Air: 300.3 | ProcT: 310.4 | RPM: 1553 | Torque: 38.0 | Wear: 51
[19:58:05] Step 152 | Risk: 0.0527 | Alert: HEALTHY  | Failure: None            | Air: 300.3 | ProcT: 310.3 | RPM: 1549 | Torque: 38.0 | Wear: 53
[19:58:06] Step 153 | Risk: 0.0430 | Alert: HEALTHY  | Failure: None            | Air: 300.7 | ProcT: 310.7 | RPM: 1551 | Torque: 38.0 | Wear: 74
[19:58:08] Step 154 | Risk: 0.0477 | Alert: HEALTHY  | Failure: None            | Air: 300.5 | ProcT: 310.5 | RPM: 1547 | Torque: 38.0 | Wear: 59
[19:58:10] Step 155 | Risk: 0.0492 | Alert: HEALTHY  | Failure: None            | Air: 300.4 | ProcT: 310.4 | RPM: 1548 | Torque: 38.0 | Wear: 56
[19:58:11] Step 156 | Risk: 0.0332 | Alert: HEALTHY  | Failure: None            | Air: 300.6 | ProcT: 310.6 | RPM: 1549 | Torque: 38.0 | Wear: 69
[19:58:13] Step 157 | Risk: 0.3450 | Alert: HEALTHY  | Failure: None            | Air: 302.2 | ProcT: 312.3 | RPM: 1498 | Torque: 40.4 | Wear: 82
[19:58:14] Step 158 | Risk: 0.3385 | Alert: WARNING  | Failure: TWF             | Air: 300.5 | ProcT: 310.5 | RPM: 1550 | Torque: 38.0 | Wear: 64
[19:58:16] Step 159 | Risk: 0.3290 | Alert: WARNING  | Failure: TWF             | Air: 300.3 | ProcT: 310.3 | RPM: 1551 | Torque: 38.0 | Wear: 52
[19:58:17] Step 160 | Risk: 0.0510 | Alert: HEALTHY  | Failure: None            | Air: 300.6 | ProcT: 310.6 | RPM: 1547 | Torque: 38.0 | Wear: 70
[19:58:19] Step 161 | Risk: 0.0520 | Alert: HEALTHY  | Failure: None            | Air: 300.4 | ProcT: 310.4 | RPM: 1550 | Torque: 38.0 | Wear: 57
[19:58:21] Step 162 | Risk: 0.0670 | Alert: HEALTHY  | Failure: None            | Air: 300.7 | ProcT: 310.7 | RPM: 1554 | Torque: 38.0 | Wear: 75
[19:58:22] Step 163 | Risk: 0.0326 | Alert: HEALTHY  | Failure: None            | Air: 300.3 | ProcT: 310.4 | RPM: 1550 | Torque: 38.0 | Wear: 55
[19:58:23] Step 164 | Risk: 0.0402 | Alert: HEALTHY  | Failure: None            | Air: 300.5 | ProcT: 310.5 | RPM: 1546 | Torque: 38.0 | Wear: 59
[19:58:25] Step 165 | Risk: 0.0210 | Alert: HEALTHY  | Failure: None            | Air: 300.4 | ProcT: 310.4 | RPM: 1547 | Torque: 38.0 | Wear: 56
[19:58:26] Step 166 | Risk: 0.3496 | Alert: HEALTHY  | Failure: None            | Air: 307.7 | ProcT: 317.7 | RPM: 1343 | Torque: 48.5 | Wear: 106
[19:58:28] Step 167 | Risk: 0.3401 | Alert: WARNING  | Failure: TWF             | Air: 300.5 | ProcT: 310.5 | RPM: 1554 | Torque: 38.0 | Wear: 62
[19:58:29] Step 168 | Risk: 0.6667 | Alert: CRITICAL | Failure: TWF             | Air: 303.5 | ProcT: 313.5 | RPM: 1468 | Torque: 42.1 | Wear: 88
[19:58:31] Step 169 | Risk: 0.3372 | Alert: WARNING  | Failure: TWF             | Air: 300.7 | ProcT: 310.6 | RPM: 1549 | Torque: 38.0 | Wear: 72
[19:58:33] Step 170 | Risk: 0.3374 | Alert: WARNING  | Failure: HDF             | Air: 300.6 | ProcT: 310.6 | RPM: 1551 | Torque: 38.0 | Wear: 71
[19:58:34] Step 171 | Risk: 0.0219 | Alert: HEALTHY  | Failure: None            | Air: 300.4 | ProcT: 310.3 | RPM: 1552 | Torque: 38.0 | Wear: 51
[19:58:35] Step 172 | Risk: 0.0207 | Alert: HEALTHY  | Failure: None            | Air: 300.5 | ProcT: 310.5 | RPM: 1553 | Torque: 38.0 | Wear: 63
[19:58:36] Step 173 | Risk: 0.0281 | Alert: HEALTHY  | Failure: None            | Air: 300.5 | ProcT: 310.5 | RPM: 1548 | Torque: 38.0 | Wear: 61
[19:58:38] Step 174 | Risk: 0.0157 | Alert: HEALTHY  | Failure: None            | Air: 300.4 | ProcT: 310.4 | RPM: 1545 | Torque: 38.0 | Wear: 59
[19:58:40] Step 175 | Risk: 0.0240 | Alert: HEALTHY  | Failure: None            | Air: 300.5 | ProcT: 310.5 | RPM: 1547 | Torque: 38.0 | Wear: 59
[19:58:42] Step 176 | Risk: 0.0221 | Alert: HEALTHY  | Failure: None            | Air: 300.4 | ProcT: 310.4 | RPM: 1552 | Torque: 38.0 | Wear: 56
[19:58:43] Step 177 | Risk: 0.0271 | Alert: HEALTHY  | Failure: None            | Air: 300.5 | ProcT: 310.5 | RPM: 1550 | Torque: 38.0 | Wear: 64
[19:58:45] Step 178 | Risk: 0.0253 | Alert: HEALTHY  | Failure: None            | Air: 300.5 | ProcT: 310.5 | RPM: 1547 | Torque: 38.0 | Wear: 63
[19:58:47] Step 179 | Risk: 0.0358 | Alert: HEALTHY  | Failure: None            | Air: 300.6 | ProcT: 310.7 | RPM: 1550 | Torque: 38.0 | Wear: 73
[19:58:48] Step 180 | Risk: 0.0349 | Alert: HEALTHY  | Failure: None            | Air: 300.6 | ProcT: 310.6 | RPM: 1550 | Torque: 38.0 | Wear: 69
[19:58:49] Step 181 | Risk: 0.0380 | Alert: HEALTHY  | Failure: None            | Air: 300.6 | ProcT: 310.7 | RPM: 1549 | Torque: 38.0 | Wear: 70
[19:58:50] Step 182 | Risk: 0.0296 | Alert: HEALTHY  | Failure: None            | Air: 300.6 | ProcT: 310.6 | RPM: 1549 | Torque: 38.0 | Wear: 69
[19:58:51] Step 183 | Risk: 0.0264 | Alert: HEALTHY  | Failure: None            | Air: 300.6 | ProcT: 310.5 | RPM: 1549 | Torque: 38.0 | Wear: 67
[19:58:53] Step 184 | Risk: 0.0210 | Alert: HEALTHY  | Failure: None            | Air: 300.5 | ProcT: 310.5 | RPM: 1548 | Torque: 38.0 | Wear: 60
[19:58:55] Step 185 | Risk: 0.0258 | Alert: HEALTHY  | Failure: None            | Air: 300.7 | ProcT: 310.6 | RPM: 1552 | Torque: 38.0 | Wear: 71
[19:58:56] Step 186 | Risk: 0.0320 | Alert: HEALTHY  | Failure: None            | Air: 300.6 | ProcT: 310.7 | RPM: 1554 | Torque: 38.0 | Wear: 72
[19:58:57] Step 187 | Risk: 0.1189 | Alert: HEALTHY  | Failure: None            | Air: 301.3 | ProcT: 311.3 | RPM: 1536 | Torque: 38.7 | Wear: 78
[19:58:59] Step 188 | Risk: 0.4394 | Alert: HEALTHY  | Failure: None            | Air: 306.8 | ProcT: 316.8 | RPM: 1361 | Torque: 47.1 | Wear: 102
[19:59:01] Step 189 | Risk: 0.4270 | Alert: WARNING  | Failure: TWF             | Air: 300.5 | ProcT: 310.4 | RPM: 1552 | Torque: 38.0 | Wear: 61
[19:59:02] Step 190 | Risk: 0.4968 | Alert: WARNING  | Failure: TWF             | Air: 300.5 | ProcT: 310.5 | RPM: 1550 | Torque: 38.0 | Wear: 66
[19:59:04] Step 191 | Risk: 0.2557 | Alert: HEALTHY  | Failure: None            | Air: 300.5 | ProcT: 310.5 | RPM: 1550 | Torque: 38.0 | Wear: 62
[19:59:05] Step 192 | Risk: 0.2559 | Alert: HEALTHY  | Failure: None            | Air: 300.4 | ProcT: 310.4 | RPM: 1550 | Torque: 38.0 | Wear: 55
[19:59:07] Step 193 | Risk: 0.1030 | Alert: HEALTHY  | Failure: None            | Air: 300.5 | ProcT: 310.5 | RPM: 1550 | Torque: 38.0 | Wear: 63
[19:59:09] Step 194 | Risk: 0.0151 | Alert: HEALTHY  | Failure: None            | Air: 300.4 | ProcT: 310.3 | RPM: 1550 | Torque: 38.0 | Wear: 52
[19:59:10] Step 195 | Risk: 0.3482 | Alert: HEALTHY  | Failure: None            | Air: 313.4 | ProcT: 323.4 | RPM: 1167 | Torque: 56.6 | Wear: 130
[20:00:30] --- Session Reset ---
[20:00:31] Step 1   | Risk: 0.0246 | Alert: HEALTHY  | Failure: None            | Air: 300.6 | ProcT: 310.6 | RPM: 1549 | Torque: 38.0 | Wear: 69
[20:00:33] Step 2   | Risk: 0.0249 | Alert: HEALTHY  | Failure: None            | Air: 300.6 | ProcT: 310.6 | RPM: 1553 | Torque: 38.0 | Wear: 66
[20:00:34] Step 3   | Risk: 0.0198 | Alert: HEALTHY  | Failure: None            | Air: 300.3 | ProcT: 310.4 | RPM: 1548 | Torque: 38.0 | Wear: 55
[20:00:35] Step 4   | Risk: 0.0176 | Alert: HEALTHY  | Failure: None            | Air: 300.4 | ProcT: 310.4 | RPM: 1554 | Torque: 38.0 | Wear: 50
[20:00:36] Step 5   | Risk: 0.0170 | Alert: HEALTHY  | Failure: None            | Air: 300.5 | ProcT: 310.4 | RPM: 1547 | Torque: 38.0 | Wear: 60
[20:00:38] Step 6   | Risk: 0.0286 | Alert: HEALTHY  | Failure: None            | Air: 300.6 | ProcT: 310.6 | RPM: 1549 | Torque: 38.0 | Wear: 69
[20:00:39] Step 7   | Risk: 0.0271 | Alert: HEALTHY  | Failure: None            | Air: 300.4 | ProcT: 310.3 | RPM: 1552 | Torque: 38.0 | Wear: 51
[20:00:41] Step 8   | Risk: 0.0330 | Alert: HEALTHY  | Failure: None            | Air: 300.5 | ProcT: 310.5 | RPM: 1547 | Torque: 38.0 | Wear: 61
[20:00:42] Step 9   | Risk: 0.3516 | Alert: HEALTHY  | Failure: None            | Air: 314.9 | ProcT: 324.9 | RPM: 1114 | Torque: 59.3 | Wear: 137
[20:00:43] Step 10  | Risk: 0.3470 | Alert: WARNING  | Failure: TWF             | Air: 300.4 | ProcT: 310.4 | RPM: 1553 | Torque: 38.0 | Wear: 52
[20:00:45] Step 11  | Risk: 0.6659 | Alert: CRITICAL | Failure: TWF             | Air: 300.7 | ProcT: 310.7 | RPM: 1546 | Torque: 38.0 | Wear: 74
[20:00:46] Step 12  | Risk: 0.6584 | Alert: CRITICAL | Failure: TWF             | Air: 300.3 | ProcT: 310.3 | RPM: 1554 | Torque: 38.0 | Wear: 52
[20:00:47] Step 13  | Risk: 0.9917 | Alert: CRITICAL | Failure: HDF             | Air: 308.5 | ProcT: 318.5 | RPM: 1313 | Torque: 49.7 | Wear: 109
[20:00:49] Step 14  | Risk: 0.6592 | Alert: CRITICAL | Failure: TWF             | Air: 300.5 | ProcT: 310.5 | RPM: 1552 | Torque: 38.0 | Wear: 65
[20:00:51] Step 15  | Risk: 0.6133 | Alert: CRITICAL | Failure: TWF             | Air: 300.7 | ProcT: 310.7 | RPM: 1554 | Torque: 38.0 | Wear: 75
[20:00:52] Step 16  | Risk: 0.6133 | Alert: CRITICAL | Failure: TWF             | Air: 306.8 | ProcT: 316.8 | RPM: 1361 | Torque: 47.1 | Wear: 102
[20:00:54] Step 17  | Risk: 0.6133 | Alert: CRITICAL | Failure: TWF             | Air: 300.6 | ProcT: 310.7 | RPM: 1547 | Torque: 38.0 | Wear: 73
[20:00:56] Step 18  | Risk: 0.4334 | Alert: WARNING  | Failure: TWF             | Air: 300.4 | ProcT: 310.4 | RPM: 1552 | Torque: 38.0 | Wear: 54
[20:00:57] Step 19  | Risk: 0.2688 | Alert: HEALTHY  | Failure: None            | Air: 300.5 | ProcT: 310.5 | RPM: 1553 | Torque: 38.0 | Wear: 64
[20:00:59] Step 20  | Risk: 0.2694 | Alert: HEALTHY  | Failure: None            | Air: 300.6 | ProcT: 310.7 | RPM: 1554 | Torque: 38.0 | Wear: 72
[20:01:00] Step 21  | Risk: 0.1721 | Alert: HEALTHY  | Failure: None            | Air: 300.4 | ProcT: 310.3 | RPM: 1548 | Torque: 38.0 | Wear: 54
[20:01:01] Step 22  | Risk: 0.0141 | Alert: HEALTHY  | Failure: None            | Air: 300.5 | ProcT: 310.4 | RPM: 1548 | Torque: 38.0 | Wear: 60
[20:01:03] Step 23  | Risk: 0.0187 | Alert: HEALTHY  | Failure: None            | Air: 300.3 | ProcT: 310.3 | RPM: 1553 | Torque: 38.0 | Wear: 51
[20:01:05] Step 24  | Risk: 0.0286 | Alert: HEALTHY  | Failure: None            | Air: 300.5 | ProcT: 310.5 | RPM: 1553 | Torque: 38.0 | Wear: 64
[20:01:06] Step 25  | Risk: 0.0244 | Alert: HEALTHY  | Failure: None            | Air: 300.4 | ProcT: 310.4 | RPM: 1553 | Torque: 38.0 | Wear: 52
[20:01:08] Step 26  | Risk: 0.0270 | Alert: HEALTHY  | Failure: None            | Air: 300.4 | ProcT: 310.4 | RPM: 1551 | Torque: 38.0 | Wear: 58
[20:01:09] Step 27  | Risk: 0.0200 | Alert: HEALTHY  | Failure: None            | Air: 300.3 | ProcT: 310.3 | RPM: 1545 | Torque: 38.0 | Wear: 51
[20:01:10] Step 28  | Risk: 0.0200 | Alert: HEALTHY  | Failure: None            | Air: 300.4 | ProcT: 310.3 | RPM: 1550 | Torque: 38.0 | Wear: 52
[20:01:12] Step 29  | Risk: 0.0291 | Alert: HEALTHY  | Failure: None            | Air: 300.6 | ProcT: 310.5 | RPM: 1545 | Torque: 38.0 | Wear: 67
[20:01:13] Step 30  | Risk: 0.0475 | Alert: HEALTHY  | Failure: None            | Air: 300.7 | ProcT: 310.7 | RPM: 1550 | Torque: 38.0 | Wear: 74
[20:01:15] Step 31  | Risk: 0.0593 | Alert: HEALTHY  | Failure: None            | Air: 300.7 | ProcT: 310.7 | RPM: 1547 | Torque: 38.0 | Wear: 75
[20:01:16] Step 32  | Risk: 0.0563 | Alert: HEALTHY  | Failure: None            | Air: 300.6 | ProcT: 310.7 | RPM: 1552 | Torque: 38.0 | Wear: 72
[20:01:18] Step 33  | Risk: 0.0361 | Alert: HEALTHY  | Failure: None            | Air: 300.4 | ProcT: 310.4 | RPM: 1554 | Torque: 38.0 | Wear: 50
[20:01:19] Step 34  | Risk: 0.0308 | Alert: HEALTHY  | Failure: None            | Air: 300.6 | ProcT: 310.6 | RPM: 1549 | Torque: 38.0 | Wear: 69
[20:01:20] Step 35  | Risk: 0.0258 | Alert: HEALTHY  | Failure: None            | Air: 300.6 | ProcT: 310.6 | RPM: 1553 | Torque: 38.0 | Wear: 68
[20:01:22] Step 36  | Risk: 0.0336 | Alert: HEALTHY  | Failure: None            | Air: 300.6 | ProcT: 310.7 | RPM: 1548 | Torque: 38.0 | Wear: 72
[20:01:24] Step 37  | Risk: 0.0347 | Alert: HEALTHY  | Failure: None            | Air: 300.7 | ProcT: 310.7 | RPM: 1552 | Torque: 38.0 | Wear: 75
[20:01:25] Step 38  | Risk: 0.0294 | Alert: HEALTHY  | Failure: None            | Air: 300.4 | ProcT: 310.4 | RPM: 1553 | Torque: 38.0 | Wear: 56
[20:01:26] Step 39  | Risk: 0.3513 | Alert: HEALTHY  | Failure: None            | Air: 311.1 | ProcT: 321.2 | RPM: 1233 | Torque: 53.7 | Wear: 121
[20:01:27] Step 40  | Risk: 0.3369 | Alert: WARNING  | Failure: TWF             | Air: 300.6 | ProcT: 310.7 | RPM: 1547 | Torque: 38.0 | Wear: 73
[20:01:29] Step 41  | Risk: 0.5914 | Alert: CRITICAL | Failure: TWF             | Air: 300.3 | ProcT: 310.3 | RPM: 1551 | Torque: 38.0 | Wear: 54
[20:01:31] Step 42  | Risk: 0.5776 | Alert: CRITICAL | Failure: TWF             | Air: 300.5 | ProcT: 310.5 | RPM: 1552 | Torque: 38.0 | Wear: 65
[20:01:32] Step 43  | Risk: 0.5777 | Alert: CRITICAL | Failure: HDF             | Air: 300.6 | ProcT: 310.7 | RPM: 1548 | Torque: 38.0 | Wear: 72
[20:01:33] Step 44  | Risk: 0.3249 | Alert: WARNING  | Failure: OSF             | Air: 300.5 | ProcT: 310.5 | RPM: 1547 | Torque: 38.0 | Wear: 63
[20:01:35] Step 45  | Risk: 0.0125 | Alert: HEALTHY  | Failure: None            | Air: 300.4 | ProcT: 310.4 | RPM: 1550 | Torque: 38.0 | Wear: 55
[20:01:36] Step 46  | Risk: 0.0244 | Alert: HEALTHY  | Failure: None            | Air: 300.6 | ProcT: 310.5 | RPM: 1545 | Torque: 38.0 | Wear: 67
[20:01:38] Step 47  | Risk: 0.0304 | Alert: HEALTHY  | Failure: None            | Air: 300.6 | ProcT: 310.6 | RPM: 1552 | Torque: 38.0 | Wear: 67
[20:01:39] Step 48  | Risk: 0.3566 | Alert: HEALTHY  | Failure: None            | Air: 307.7 | ProcT: 317.7 | RPM: 1343 | Torque: 48.5 | Wear: 106
[20:01:41] Step 49  | Risk: 0.3446 | Alert: WARNING  | Failure: TWF             | Air: 300.6 | ProcT: 310.6 | RPM: 1553 | Torque: 38.0 | Wear: 68
[20:01:42] Step 50  | Risk: 0.5529 | Alert: CRITICAL | Failure: TWF             | Air: 300.6 | ProcT: 310.6 | RPM: 1550 | Torque: 38.0 | Wear: 71
[20:01:44] Step 51  | Risk: 0.4306 | Alert: WARNING  | Failure: TWF             | Air: 300.6 | ProcT: 310.6 | RPM: 1550 | Torque: 38.0 | Wear: 69
[20:01:45] Step 52  | Risk: 0.4309 | Alert: WARNING  | Failure: HDF             | Air: 300.6 | ProcT: 310.6 | RPM: 1549 | Torque: 38.0 | Wear: 69
[20:01:46] Step 53  | Risk: 0.2199 | Alert: HEALTHY  | Failure: None            | Air: 300.6 | ProcT: 310.6 | RPM: 1551 | Torque: 38.0 | Wear: 71
[20:01:48] Step 54  | Risk: 0.0220 | Alert: HEALTHY  | Failure: None            | Air: 300.7 | ProcT: 310.7 | RPM: 1554 | Torque: 38.0 | Wear: 74
[20:01:50] Step 55  | Risk: 0.0256 | Alert: HEALTHY  | Failure: None            | Air: 300.5 | ProcT: 310.4 | RPM: 1547 | Torque: 38.0 | Wear: 58
[20:01:51] Step 56  | Risk: 0.0238 | Alert: HEALTHY  | Failure: None            | Air: 300.4 | ProcT: 310.4 | RPM: 1549 | Torque: 38.0 | Wear: 58
[20:01:53] Step 57  | Risk: 0.0206 | Alert: HEALTHY  | Failure: None            | Air: 300.5 | ProcT: 310.5 | RPM: 1550 | Torque: 38.0 | Wear: 63
[20:01:54] Step 58  | Risk: 0.0300 | Alert: HEALTHY  | Failure: None            | Air: 300.7 | ProcT: 310.6 | RPM: 1549 | Torque: 38.0 | Wear: 72
[20:01:55] Step 59  | Risk: 0.0348 | Alert: HEALTHY  | Failure: None            | Air: 300.6 | ProcT: 310.6 | RPM: 1550 | Torque: 38.0 | Wear: 69
[20:01:56] Step 60  | Risk: 0.0306 | Alert: HEALTHY  | Failure: None            | Air: 300.4 | ProcT: 310.4 | RPM: 1554 | Torque: 38.0 | Wear: 58
[20:01:58] Step 61  | Risk: 0.0370 | Alert: HEALTHY  | Failure: None            | Air: 300.7 | ProcT: 310.6 | RPM: 1551 | Torque: 38.0 | Wear: 75
[20:02:00] Step 62  | Risk: 0.0304 | Alert: HEALTHY  | Failure: None            | Air: 300.5 | ProcT: 310.4 | RPM: 1546 | Torque: 38.0 | Wear: 60
[20:02:01] Step 63  | Risk: 0.0422 | Alert: HEALTHY  | Failure: None            | Air: 300.7 | ProcT: 310.6 | RPM: 1546 | Torque: 38.0 | Wear: 74
[20:02:02] Step 64  | Risk: 0.0272 | Alert: HEALTHY  | Failure: None            | Air: 300.4 | ProcT: 310.3 | RPM: 1548 | Torque: 38.0 | Wear: 54
[20:02:04] Step 65  | Risk: 0.0347 | Alert: HEALTHY  | Failure: None            | Air: 300.5 | ProcT: 310.5 | RPM: 1550 | Torque: 38.0 | Wear: 63
[20:02:05] Step 66  | Risk: 0.0227 | Alert: HEALTHY  | Failure: None            | Air: 300.3 | ProcT: 310.4 | RPM: 1545 | Torque: 38.0 | Wear: 52
[20:02:06] Step 67  | Risk: 0.0332 | Alert: HEALTHY  | Failure: None            | Air: 300.6 | ProcT: 310.6 | RPM: 1553 | Torque: 38.0 | Wear: 66
[20:02:08] Step 68  | Risk: 0.0299 | Alert: HEALTHY  | Failure: None            | Air: 300.5 | ProcT: 310.5 | RPM: 1550 | Torque: 38.0 | Wear: 66
[20:02:10] Step 69  | Risk: 0.3576 | Alert: HEALTHY  | Failure: None            | Air: 304.3 | ProcT: 314.3 | RPM: 1442 | Torque: 43.4 | Wear: 91
[20:02:11] Step 70  | Risk: 0.3425 | Alert: WARNING  | Failure: TWF             | Air: 300.5 | ProcT: 310.4 | RPM: 1547 | Torque: 38.0 | Wear: 60
[20:02:12] Step 71  | Risk: 0.4460 | Alert: WARNING  | Failure: TWF             | Air: 300.7 | ProcT: 310.7 | RPM: 1546 | Torque: 38.0 | Wear: 74
[20:02:13] Step 72  | Risk: 0.1740 | Alert: HEALTHY  | Failure: None            | Air: 300.6 | ProcT: 310.6 | RPM: 1547 | Torque: 38.0 | Wear: 71
[20:02:15] Step 73  | Risk: 0.1748 | Alert: HEALTHY  | Failure: None            | Air: 300.5 | ProcT: 310.5 | RPM: 1547 | Torque: 38.0 | Wear: 63
[20:02:16] Step 74  | Risk: 0.3955 | Alert: HEALTHY  | Failure: None            | Air: 306.8 | ProcT: 316.8 | RPM: 1361 | Torque: 47.1 | Wear: 102
[20:02:18] Step 75  | Risk: 0.3342 | Alert: WARNING  | Failure: TWF             | Air: 300.5 | ProcT: 310.5 | RPM: 1550 | Torque: 38.0 | Wear: 62
[20:02:19] Step 76  | Risk: 0.4897 | Alert: WARNING  | Failure: TWF             | Air: 300.5 | ProcT: 310.5 | RPM: 1545 | Torque: 38.0 | Wear: 62
[20:02:20] Step 77  | Risk: 0.3759 | Alert: WARNING  | Failure: TWF             | Air: 300.6 | ProcT: 310.7 | RPM: 1548 | Torque: 38.0 | Wear: 72
[20:02:22] Step 78  | Risk: 0.3763 | Alert: WARNING  | Failure: HDF             | Air: 300.6 | ProcT: 310.7 | RPM: 1554 | Torque: 38.0 | Wear: 72
[20:02:23] Step 79  | Risk: 0.2239 | Alert: HEALTHY  | Failure: None            | Air: 300.4 | ProcT: 310.4 | RPM: 1549 | Torque: 38.0 | Wear: 58
[20:02:25] Step 80  | Risk: 0.3377 | Alert: HEALTHY  | Failure: None            | Air: 313.4 | ProcT: 323.4 | RPM: 1167 | Torque: 56.6 | Wear: 130
[20:02:26] Step 81  | Risk: 0.6706 | Alert: CRITICAL | Failure: TWF             | Air: 310.3 | ProcT: 320.2 | RPM: 1261 | Torque: 52.1 | Wear: 117
[20:02:28] Step 82  | Risk: 0.6667 | Alert: CRITICAL | Failure: TWF             | Air: 300.5 | ProcT: 310.5 | RPM: 1546 | Torque: 38.0 | Wear: 64
[20:02:30] Step 83  | Risk: 0.6608 | Alert: CRITICAL | Failure: TWF             | Air: 300.4 | ProcT: 310.4 | RPM: 1549 | Torque: 38.0 | Wear: 54
[20:02:31] Step 84  | Risk: 0.3275 | Alert: WARNING  | Failure: HDF             | Air: 300.5 | ProcT: 310.5 | RPM: 1545 | Torque: 38.0 | Wear: 64
[20:02:32] Step 85  | Risk: 0.3276 | Alert: WARNING  | Failure: HDF             | Air: 300.5 | ProcT: 310.4 | RPM: 1552 | Torque: 38.0 | Wear: 60
[20:02:34] --- Session Reset ---
[20:02:34] Step 1   | Risk: 0.0246 | Alert: HEALTHY  | Failure: None            | Air: 300.6 | ProcT: 310.6 | RPM: 1549 | Torque: 38.0 | Wear: 69
[20:02:35] Step 2   | Risk: 0.0123 | Alert: HEALTHY  | Failure: None            | Air: 297.4 | ProcT: 308.3 | RPM: 1493 | Torque: 41.2 | Wear: 43
[20:02:35] Step 3   | Risk: 0.3000 | Alert: HEALTHY  | Failure: None            | Air: 300.4 | ProcT: 310.4 | RPM: 1548 | Torque: 38.0 | Wear: 59
[20:02:36] Step 4   | Risk: 0.2939 | Alert: HEALTHY  | Failure: None            | Air: 298.4 | ProcT: 308.7 | RPM: 1344 | Torque: 52.9 | Wear: 130
[20:02:37] Step 5   | Risk: 0.5747 | Alert: CRITICAL | Failure: PWF             | Air: 300.5 | ProcT: 310.5 | RPM: 1545 | Torque: 38.0 | Wear: 65
[20:02:38] Step 6   | Risk: 0.2891 | Alert: HEALTHY  | Failure: None            | Air: 298.1 | ProcT: 308.1 | RPM: 1390 | Torque: 49.8 | Wear: 85
[20:02:39] Step 7   | Risk: 0.6087 | Alert: CRITICAL | Failure: PWF             | Air: 300.5 | ProcT: 310.6 | RPM: 1550 | Torque: 38.0 | Wear: 65
[20:02:39] Step 8   | Risk: 0.3279 | Alert: WARNING  | Failure: HDF             | Air: 298.0 | ProcT: 308.0 | RPM: 1615 | Torque: 29.5 | Wear: 15
[20:02:40] Step 10  | Risk: 0.3118 | Alert: WARNING  | Failure: TWF             | Air: 297.5 | ProcT: 308.3 | RPM: 1521 | Torque: 38.2 | Wear: 74
[20:02:40] Step 9   | Risk: 0.6326 | Alert: CRITICAL | Failure: HDF             | Air: 300.3 | ProcT: 310.3 | RPM: 1545 | Torque: 38.0 | Wear: 51
[20:02:42] Step 11  | Risk: 0.6049 | Alert: CRITICAL | Failure: PWF             | Air: 300.4 | ProcT: 310.4 | RPM: 1549 | Torque: 38.0 | Wear: 57
[20:02:42] Step 12  | Risk: 0.2970 | Alert: HEALTHY  | Failure: None            | Air: 297.3 | ProcT: 308.6 | RPM: 1486 | Torque: 42.6 | Wear: 105
[20:02:44] Step 13  | Risk: 0.5863 | Alert: CRITICAL | Failure: PWF             | Air: 300.5 | ProcT: 310.5 | RPM: 1554 | Torque: 38.0 | Wear: 62
[20:02:44] Step 14  | Risk: 0.3009 | Alert: WARNING  | Failure: TWF             | Air: 297.5 | ProcT: 309.1 | RPM: 1611 | Torque: 30.2 | Wear: 211
[20:02:45] Step 15  | Risk: 0.5679 | Alert: CRITICAL | Failure: PWF             | Air: 300.7 | ProcT: 310.7 | RPM: 1546 | Torque: 38.0 | Wear: 74
[20:02:45] Step 16  | Risk: 0.3099 | Alert: WARNING  | Failure: TWF             | Air: 297.9 | ProcT: 308.5 | RPM: 1300 | Torque: 53.0 | Wear: 172
[20:02:47] Step 17  | Risk: 0.5729 | Alert: CRITICAL | Failure: PWF             | Air: 300.3 | ProcT: 310.3 | RPM: 1554 | Torque: 38.0 | Wear: 52
[20:02:47] Step 18  | Risk: 0.3109 | Alert: WARNING  | Failure: HDF             | Air: 298.8 | ProcT: 308.6 | RPM: 1680 | Torque: 29.4 | Wear: 95
[20:02:48] Step 19  | Risk: 0.5931 | Alert: CRITICAL | Failure: PWF             | Air: 300.6 | ProcT: 310.7 | RPM: 1552 | Torque: 38.0 | Wear: 72
[20:02:48] Step 20  | Risk: 0.3239 | Alert: WARNING  | Failure: HDF             | Air: 299.0 | ProcT: 309.0 | RPM: 1544 | Torque: 31.8 | Wear: 25
[20:02:49] Step 21  | Risk: 0.5287 | Alert: CRITICAL | Failure: HDF             | Air: 300.4 | ProcT: 310.4 | RPM: 1551 | Torque: 38.0 | Wear: 55
[20:02:50] Step 22  | Risk: 0.2231 | Alert: HEALTHY  | Failure: None            | Air: 298.9 | ProcT: 309.2 | RPM: 1581 | Torque: 36.7 | Wear: 101
[20:02:51] Step 23  | Risk: 0.2225 | Alert: HEALTHY  | Failure: None            | Air: 297.4 | ProcT: 309.4 | RPM: 1620 | Torque: 35.4 | Wear: 51
[20:02:51] Step 24  | Risk: 0.3103 | Alert: HEALTHY  | Failure: None            | Air: 300.6 | ProcT: 310.7 | RPM: 1548 | Torque: 38.0 | Wear: 72
[20:02:52] Step 25  | Risk: 0.3179 | Alert: WARNING  | Failure: TWF             | Air: 300.4 | ProcT: 310.4 | RPM: 1553 | Torque: 38.0 | Wear: 52
[20:02:53] Step 26  | Risk: 0.3170 | Alert: WARNING  | Failure: HDF             | Air: 298.2 | ProcT: 308.2 | RPM: 1446 | Torque: 38.2 | Wear: 61
[20:02:54] Step 27  | Risk: 0.3475 | Alert: WARNING  | Failure: TWF             | Air: 300.5 | ProcT: 310.5 | RPM: 1547 | Torque: 38.0 | Wear: 59
[20:02:54] Step 28  | Risk: 0.3340 | Alert: WARNING  | Failure: TWF             | Air: 297.8 | ProcT: 308.5 | RPM: 1561 | Torque: 46.3 | Wear: 194
[20:02:55] Step 29  | Risk: 0.3642 | Alert: WARNING  | Failure: TWF             | Air: 297.6 | ProcT: 308.7 | RPM: 1455 | Torque: 48.2 | Wear: 145
[20:02:55] Step 30  | Risk: 0.3632 | Alert: WARNING  | Failure: PWF             | Air: 300.6 | ProcT: 310.6 | RPM: 1549 | Torque: 38.0 | Wear: 69
[20:02:57] Step 31  | Risk: 0.3609 | Alert: WARNING  | Failure: TWF             | Air: 298.7 | ProcT: 309.0 | RPM: 1691 | Torque: 30.1 | Wear: 154
[20:07:46] --- Session Reset ---
[20:07:48] Step 1   | Risk: 0.0262 | Alert: HEALTHY  | Failure: None            | Air: 300.6 | ProcT: 310.5 | RPM: 1545 | Torque: 38.0 | Wear: 67
[20:07:50] Step 2   | Risk: 0.0262 | Alert: HEALTHY  | Failure: None            | Air: 300.6 | ProcT: 310.5 | RPM: 1545 | Torque: 38.0 | Wear: 67
[20:07:51] Step 3   | Risk: 0.0291 | Alert: HEALTHY  | Failure: None            | Air: 300.6 | ProcT: 310.6 | RPM: 1550 | Torque: 38.0 | Wear: 67
[20:07:53] Step 4   | Risk: 0.0302 | Alert: HEALTHY  | Failure: None            | Air: 300.6 | ProcT: 310.6 | RPM: 1554 | Torque: 38.0 | Wear: 68
[20:07:54] Step 5   | Risk: 0.0309 | Alert: HEALTHY  | Failure: None            | Air: 300.6 | ProcT: 310.6 | RPM: 1553 | Torque: 38.0 | Wear: 68
[20:07:56] Step 6   | Risk: 0.0279 | Alert: HEALTHY  | Failure: None            | Air: 300.6 | ProcT: 310.6 | RPM: 1546 | Torque: 38.0 | Wear: 68
[20:07:57] Step 7   | Risk: 0.0258 | Alert: HEALTHY  | Failure: None            | Air: 300.5 | ProcT: 310.6 | RPM: 1552 | Torque: 38.0 | Wear: 68
[20:07:59] Step 8   | Risk: 0.0235 | Alert: HEALTHY  | Failure: None            | Air: 300.6 | ProcT: 310.5 | RPM: 1551 | Torque: 38.0 | Wear: 68
[20:08:01] Step 9   | Risk: 0.0249 | Alert: HEALTHY  | Failure: None            | Air: 300.6 | ProcT: 310.6 | RPM: 1546 | Torque: 38.0 | Wear: 68
[20:08:03] Step 10  | Risk: 0.0262 | Alert: HEALTHY  | Failure: None            | Air: 300.6 | ProcT: 310.6 | RPM: 1553 | Torque: 38.0 | Wear: 68
[20:08:04] Step 11  | Risk: 0.0286 | Alert: HEALTHY  | Failure: None            | Air: 300.6 | ProcT: 310.6 | RPM: 1550 | Torque: 38.0 | Wear: 69
[20:08:06] Step 12  | Risk: 0.0274 | Alert: HEALTHY  | Failure: None            | Air: 300.6 | ProcT: 310.6 | RPM: 1549 | Torque: 38.0 | Wear: 69
[20:08:07] Step 13  | Risk: 0.0267 | Alert: HEALTHY  | Failure: None            | Air: 300.6 | ProcT: 310.6 | RPM: 1550 | Torque: 38.0 | Wear: 69
[20:08:09] Step 14  | Risk: 0.0253 | Alert: HEALTHY  | Failure: None            | Air: 300.6 | ProcT: 310.6 | RPM: 1546 | Torque: 38.0 | Wear: 69
[20:08:11] Step 15  | Risk: 0.0247 | Alert: HEALTHY  | Failure: None            | Air: 300.6 | ProcT: 310.6 | RPM: 1549 | Torque: 38.0 | Wear: 69
[20:08:12] Step 16  | Risk: 0.0247 | Alert: HEALTHY  | Failure: None            | Air: 300.6 | ProcT: 310.6 | RPM: 1550 | Torque: 38.0 | Wear: 69
[20:08:13] Step 17  | Risk: 0.0249 | Alert: HEALTHY  | Failure: None            | Air: 300.6 | ProcT: 310.6 | RPM: 1549 | Torque: 38.0 | Wear: 69
[20:08:15] Step 18  | Risk: 0.0251 | Alert: HEALTHY  | Failure: None            | Air: 300.6 | ProcT: 310.6 | RPM: 1550 | Torque: 38.0 | Wear: 70
[20:08:17] Step 19  | Risk: 0.0269 | Alert: HEALTHY  | Failure: None            | Air: 300.6 | ProcT: 310.7 | RPM: 1547 | Torque: 38.0 | Wear: 70
[20:08:18] Step 20  | Risk: 0.0254 | Alert: HEALTHY  | Failure: None            | Air: 300.6 | ProcT: 310.6 | RPM: 1545 | Torque: 38.0 | Wear: 70
[20:08:20] Step 21  | Risk: 0.0226 | Alert: HEALTHY  | Failure: None            | Air: 300.5 | ProcT: 310.5 | RPM: 1546 | Torque: 38.0 | Wear: 61
[20:08:21] Step 22  | Risk: 0.0195 | Alert: HEALTHY  | Failure: None            | Air: 300.4 | ProcT: 310.5 | RPM: 1554 | Torque: 38.0 | Wear: 61
[20:08:23] Step 23  | Risk: 0.0187 | Alert: HEALTHY  | Failure: None            | Air: 300.5 | ProcT: 310.4 | RPM: 1552 | Torque: 38.0 | Wear: 61
[20:08:25] Step 24  | Risk: 0.0219 | Alert: HEALTHY  | Failure: None            | Air: 300.5 | ProcT: 310.5 | RPM: 1545 | Torque: 38.0 | Wear: 61
[20:08:26] Step 25  | Risk: 0.0227 | Alert: HEALTHY  | Failure: None            | Air: 300.5 | ProcT: 310.5 | RPM: 1547 | Torque: 38.0 | Wear: 61
[20:08:27] Step 26  | Risk: 0.0251 | Alert: HEALTHY  | Failure: None            | Air: 300.5 | ProcT: 310.5 | RPM: 1548 | Torque: 38.0 | Wear: 61
[20:08:28] Step 27  | Risk: 0.0238 | Alert: HEALTHY  | Failure: None            | Air: 300.4 | ProcT: 310.5 | RPM: 1547 | Torque: 38.0 | Wear: 62
[20:08:29] Step 28  | Risk: 0.0217 | Alert: HEALTHY  | Failure: None            | Air: 300.4 | ProcT: 310.4 | RPM: 1547 | Torque: 38.0 | Wear: 62
[20:08:31] Step 29  | Risk: 0.0216 | Alert: HEALTHY  | Failure: None            | Air: 300.4 | ProcT: 310.5 | RPM: 1547 | Torque: 38.0 | Wear: 62
[20:08:33] Step 30  | Risk: 0.0218 | Alert: HEALTHY  | Failure: None            | Air: 300.5 | ProcT: 310.5 | RPM: 1545 | Torque: 38.0 | Wear: 62
[20:08:34] Step 31  | Risk: 0.0246 | Alert: HEALTHY  | Failure: None            | Air: 300.5 | ProcT: 310.5 | RPM: 1550 | Torque: 38.0 | Wear: 62
[20:08:36] Step 32  | Risk: 0.0251 | Alert: HEALTHY  | Failure: None            | Air: 300.5 | ProcT: 310.5 | RPM: 1546 | Torque: 38.0 | Wear: 62
[20:08:37] Step 33  | Risk: 0.0262 | Alert: HEALTHY  | Failure: None            | Air: 300.5 | ProcT: 310.5 | RPM: 1554 | Torque: 38.0 | Wear: 62
[20:08:38] Step 34  | Risk: 0.0254 | Alert: HEALTHY  | Failure: None            | Air: 300.5 | ProcT: 310.5 | RPM: 1550 | Torque: 38.0 | Wear: 63
[20:08:40] Step 35  | Risk: 0.0241 | Alert: HEALTHY  | Failure: None            | Air: 300.5 | ProcT: 310.5 | RPM: 1548 | Torque: 38.0 | Wear: 63
[20:08:42] Step 36  | Risk: 0.0229 | Alert: HEALTHY  | Failure: None            | Air: 300.5 | ProcT: 310.5 | RPM: 1548 | Torque: 38.0 | Wear: 63
[20:08:42] --- Session Reset ---
[20:08:43] Step 1   | Risk: 0.1469 | Alert: HEALTHY  | Failure: None            | Air: 300.0 | ProcT: 308.3 | RPM: 1518 | Torque: 41.6 | Wear: 50
[20:08:44] Step 2   | Risk: 0.5730 | Alert: CRITICAL | Failure: OSF             | Air: 300.5 | ProcT: 310.5 | RPM: 1547 | Torque: 38.0 | Wear: 63
[20:08:45] Step 3   | Risk: 0.5565 | Alert: CRITICAL | Failure: OSF             | Air: 300.5 | ProcT: 310.5 | RPM: 1550 | Torque: 38.0 | Wear: 63
[20:08:45] Step 4   | Risk: 0.5193 | Alert: CRITICAL | Failure: TWF             | Air: 301.5 | ProcT: 308.6 | RPM: 1543 | Torque: 38.3 | Wear: 52
[20:08:46] Step 5   | Risk: 0.4989 | Alert: WARNING  | Failure: OSF             | Air: 300.5 | ProcT: 310.5 | RPM: 1553 | Torque: 38.0 | Wear: 63
[20:08:47] Step 6   | Risk: 0.5163 | Alert: CRITICAL | Failure: OSF             | Air: 301.6 | ProcT: 311.3 | RPM: 1527 | Torque: 38.3 | Wear: 54
[20:08:48] Step 7   | Risk: 0.5122 | Alert: CRITICAL | Failure: TWF             | Air: 300.5 | ProcT: 310.5 | RPM: 1548 | Torque: 38.0 | Wear: 63
[20:08:49] Step 8   | Risk: 0.2248 | Alert: HEALTHY  | Failure: None            | Air: 301.4 | ProcT: 309.9 | RPM: 1489 | Torque: 39.6 | Wear: 56
[20:08:58] --- Session Reset ---
[20:09:00] Step 1   | Risk: 0.0057 | Alert: HEALTHY  | Failure: None            | Air: 298.8 | ProcT: 310.1 | RPM: 1501 | Torque: 39.0 | Wear: 50
[20:09:01] Step 2   | Risk: 0.0072 | Alert: HEALTHY  | Failure: None            | Air: 299.5 | ProcT: 309.1 | RPM: 1535 | Torque: 39.3 | Wear: 52
[20:09:02] Step 3   | Risk: 0.0103 | Alert: HEALTHY  | Failure: None            | Air: 299.5 | ProcT: 308.7 | RPM: 1487 | Torque: 39.5 | Wear: 54
[20:09:03] Step 4   | Risk: 0.2250 | Alert: HEALTHY  | Failure: None            | Air: 300.9 | ProcT: 309.2 | RPM: 1531 | Torque: 39.0 | Wear: 56
[20:09:05] Step 5   | Risk: 0.2656 | Alert: HEALTHY  | Failure: None            | Air: 298.1 | ProcT: 309.8 | RPM: 1513 | Torque: 41.6 | Wear: 58
[20:09:06] Step 6   | Risk: 0.3530 | Alert: HEALTHY  | Failure: None            | Air: 301.3 | ProcT: 309.3 | RPM: 1492 | Torque: 38.7 | Wear: 60
[20:09:07] Step 7   | Risk: 0.3268 | Alert: WARNING  | Failure: TWF             | Air: 298.9 | ProcT: 310.3 | RPM: 1490 | Torque: 41.3 | Wear: 62
[20:09:09] Step 8   | Risk: 0.2912 | Alert: HEALTHY  | Failure: None            | Air: 298.4 | ProcT: 310.1 | RPM: 1502 | Torque: 41.9 | Wear: 64
[20:09:11] Step 9   | Risk: 0.5001 | Alert: CRITICAL | Failure: TWF             | Air: 301.5 | ProcT: 310.3 | RPM: 1545 | Torque: 41.7 | Wear: 66
[20:09:12] Step 10  | Risk: 0.6429 | Alert: CRITICAL | Failure: TWF             | Air: 303.1 | ProcT: 313.0 | RPM: 1484 | Torque: 42.4 | Wear: 74
[20:09:13] Step 11  | Risk: 0.8325 | Alert: CRITICAL | Failure: TWF             | Air: 301.3 | ProcT: 312.3 | RPM: 1387 | Torque: 44.7 | Wear: 81
[20:09:15] Step 12  | Risk: 0.8639 | Alert: CRITICAL | Failure: TWF             | Air: 302.9 | ProcT: 313.8 | RPM: 1344 | Torque: 48.2 | Wear: 88
[20:09:16] Step 13  | Risk: 0.8637 | Alert: CRITICAL | Failure: TWF             | Air: 304.3 | ProcT: 315.3 | RPM: 1295 | Torque: 50.1 | Wear: 94
[20:09:18] Step 14  | Risk: 0.9995 | Alert: CRITICAL | Failure: TWF             | Air: 306.5 | ProcT: 316.8 | RPM: 1208 | Torque: 52.8 | Wear: 101
[20:09:20] Step 15  | Risk: 0.9996 | Alert: CRITICAL | Failure: TWF             | Air: 308.3 | ProcT: 318.0 | RPM: 1150 | Torque: 56.6 | Wear: 106
[20:09:22] Step 16  | Risk: 0.9999 | Alert: CRITICAL | Failure: TWF             | Air: 309.1 | ProcT: 319.0 | RPM: 1131 | Torque: 59.4 | Wear: 112
[20:09:23] Step 17  | Risk: 1.0000 | Alert: CRITICAL | Failure: TWF             | Air: 310.8 | ProcT: 320.9 | RPM: 1067 | Torque: 62.1 | Wear: 117
[20:09:25] Step 18  | Risk: 1.0000 | Alert: CRITICAL | Failure: HDF             | Air: 312.0 | ProcT: 321.9 | RPM: 1010 | Torque: 64.3 | Wear: 122
[20:09:27] Step 19  | Risk: 1.0000 | Alert: CRITICAL | Failure: HDF             | Air: 313.6 | ProcT: 323.5 | RPM: 954 | Torque: 67.4 | Wear: 126
[20:09:29] Step 20  | Risk: 1.0000 | Alert: CRITICAL | Failure: HDF             | Air: 315.0 | ProcT: 325.0 | RPM: 900 | Torque: 70.0 | Wear: 130
[20:09:39] --- Session Reset ---
[20:09:41] Step 1   | Risk: 0.0044 | Alert: HEALTHY  | Failure: None            | Air: 298.0 | ProcT: 309.8 | RPM: 1463 | Torque: 40.8 | Wear: 50
[20:09:42] Step 2   | Risk: 0.0023 | Alert: HEALTHY  | Failure: None            | Air: 298.5 | ProcT: 308.3 | RPM: 1457 | Torque: 38.0 | Wear: 52
[20:09:44] Step 3   | Risk: 0.2415 | Alert: HEALTHY  | Failure: None            | Air: 299.6 | ProcT: 309.1 | RPM: 1501 | Torque: 41.4 | Wear: 54
[20:09:45] Step 4   | Risk: 0.5733 | Alert: CRITICAL | Failure: TWF             | Air: 301.2 | ProcT: 311.8 | RPM: 1520 | Torque: 40.8 | Wear: 56
[20:09:47] Step 5   | Risk: 0.6537 | Alert: CRITICAL | Failure: TWF             | Air: 300.3 | ProcT: 311.1 | RPM: 1466 | Torque: 40.6 | Wear: 58
[20:09:49] Step 6   | Risk: 0.4566 | Alert: WARNING  | Failure: TWF             | Air: 298.5 | ProcT: 311.0 | RPM: 1481 | Torque: 40.3 | Wear: 60
[20:09:50] Step 7   | Risk: 0.1247 | Alert: HEALTHY  | Failure: None            | Air: 301.5 | ProcT: 308.4 | RPM: 1452 | Torque: 39.3 | Wear: 62
[20:09:51] Step 8   | Risk: 0.0511 | Alert: HEALTHY  | Failure: None            | Air: 298.2 | ProcT: 309.5 | RPM: 1490 | Torque: 38.9 | Wear: 64
[20:09:53] Step 9   | Risk: 0.0160 | Alert: HEALTHY  | Failure: None            | Air: 298.6 | ProcT: 309.5 | RPM: 1480 | Torque: 41.5 | Wear: 80
[20:09:54] Step 10  | Risk: 0.3395 | Alert: HEALTHY  | Failure: None            | Air: 301.9 | ProcT: 310.1 | RPM: 1470 | Torque: 43.9 | Wear: 97
[20:09:56] Step 11  | Risk: 0.5568 | Alert: CRITICAL | Failure: TWF             | Air: 301.1 | ProcT: 309.8 | RPM: 1465 | Torque: 43.9 | Wear: 112
[20:09:58] Step 12  | Risk: 0.8763 | Alert: CRITICAL | Failure: TWF             | Air: 300.6 | ProcT: 310.5 | RPM: 1513 | Torque: 44.6 | Wear: 128
[20:09:58] --- Session Reset ---
[20:11:03] --- Session Reset ---
[20:11:03] --- Session Reset ---
[20:11:04] Step 1   | Risk: 0.0189 | Alert: HEALTHY  | Failure: None            | Air: 300.3 | ProcT: 310.3 | RPM: 1549 | Torque: 38.0 | Wear: 50
[20:11:05] Step 2   | Risk: 0.0523 | Alert: HEALTHY  | Failure: None            | Air: 300.5 | ProcT: 310.5 | RPM: 1546 | Torque: 38.0 | Wear: 65
[20:11:06] Step 3   | Risk: 0.0481 | Alert: HEALTHY  | Failure: None            | Air: 300.5 | ProcT: 310.5 | RPM: 1545 | Torque: 38.0 | Wear: 65
[20:11:06] Step 4   | Risk: 0.0490 | Alert: HEALTHY  | Failure: None            | Air: 300.4 | ProcT: 310.4 | RPM: 1554 | Torque: 38.0 | Wear: 50
[20:11:07] Step 5   | Risk: 0.0373 | Alert: HEALTHY  | Failure: None            | Air: 300.5 | ProcT: 310.6 | RPM: 1550 | Torque: 38.0 | Wear: 65
[20:11:08] Step 6   | Risk: 0.0274 | Alert: HEALTHY  | Failure: None            | Air: 300.3 | ProcT: 310.3 | RPM: 1552 | Torque: 38.0 | Wear: 50
[20:11:08] Step 7   | Risk: 0.0338 | Alert: HEALTHY  | Failure: None            | Air: 300.5 | ProcT: 310.5 | RPM: 1552 | Torque: 38.0 | Wear: 65
[20:11:09] Step 8   | Risk: 0.0223 | Alert: HEALTHY  | Failure: None            | Air: 300.3 | ProcT: 310.4 | RPM: 1553 | Torque: 38.0 | Wear: 51
[20:11:10] Step 9   | Risk: 0.0322 | Alert: HEALTHY  | Failure: None            | Air: 300.5 | ProcT: 310.6 | RPM: 1553 | Torque: 38.0 | Wear: 65
[20:11:11] Step 10  | Risk: 0.0225 | Alert: HEALTHY  | Failure: None            | Air: 300.3 | ProcT: 310.3 | RPM: 1548 | Torque: 38.0 | Wear: 51
[20:11:11] Step 11  | Risk: 0.0301 | Alert: HEALTHY  | Failure: None            | Air: 300.5 | ProcT: 310.5 | RPM: 1545 | Torque: 38.0 | Wear: 65
[20:11:12] Step 12  | Risk: 0.0311 | Alert: HEALTHY  | Failure: None            | Air: 300.6 | ProcT: 310.6 | RPM: 1546 | Torque: 38.0 | Wear: 65
[20:11:13] Step 13  | Risk: 0.0310 | Alert: HEALTHY  | Failure: None            | Air: 300.4 | ProcT: 310.3 | RPM: 1552 | Torque: 38.0 | Wear: 51
[20:11:13] Step 14  | Risk: 0.0356 | Alert: HEALTHY  | Failure: None            | Air: 300.5 | ProcT: 310.5 | RPM: 1551 | Torque: 38.0 | Wear: 66
[20:11:14] Step 15  | Risk: 0.0254 | Alert: HEALTHY  | Failure: None            | Air: 300.3 | ProcT: 310.3 | RPM: 1545 | Torque: 38.0 | Wear: 51
[20:11:15] Step 16  | Risk: 0.0360 | Alert: HEALTHY  | Failure: None            | Air: 300.6 | ProcT: 310.5 | RPM: 1547 | Torque: 38.0 | Wear: 66
[20:11:16] Step 17  | Risk: 0.0236 | Alert: HEALTHY  | Failure: None            | Air: 300.3 | ProcT: 310.3 | RPM: 1554 | Torque: 38.0 | Wear: 51
[20:11:16] --- Session Reset ---
[20:11:17] Step 1   | Risk: 0.0236 | Alert: HEALTHY  | Failure: None            | Air: 300.5 | ProcT: 310.5 | RPM: 1550 | Torque: 38.0 | Wear: 66
[20:14:37] Step 2   | Risk: 0.5097 | Alert: CRITICAL | Failure: TWF             | Air: 301.7 | ProcT: 311.7 | RPM: 1520 | Torque: 39.5 | Wear: 80
[20:14:38] Step 3   | Risk: 0.3407 | Alert: WARNING  | Failure: TWF             | Air: 300.3 | ProcT: 310.3 | RPM: 1554 | Torque: 38.0 | Wear: 51
[20:14:38] Step 4   | Risk: 0.6627 | Alert: CRITICAL | Failure: TWF             | Air: 302.2 | ProcT: 312.3 | RPM: 1498 | Torque: 40.4 | Wear: 82
[20:14:39] Step 5   | Risk: 0.3313 | Alert: WARNING  | Failure: TWF             | Air: 300.4 | ProcT: 310.3 | RPM: 1550 | Torque: 38.0 | Wear: 52
[20:14:40] Step 6   | Risk: 0.6611 | Alert: CRITICAL | Failure: HDF             | Air: 302.9 | ProcT: 312.8 | RPM: 1487 | Torque: 41.2 | Wear: 85
[20:14:41] Step 7   | Risk: 0.3316 | Alert: WARNING  | Failure: TWF             | Air: 300.3 | ProcT: 310.3 | RPM: 1554 | Torque: 38.0 | Wear: 52
[20:14:41] Step 8   | Risk: 0.6641 | Alert: CRITICAL | Failure: HDF             | Air: 303.5 | ProcT: 313.5 | RPM: 1468 | Torque: 42.1 | Wear: 88
[20:14:42] Step 9   | Risk: 0.3335 | Alert: WARNING  | Failure: TWF             | Air: 300.3 | ProcT: 310.4 | RPM: 1545 | Torque: 38.0 | Wear: 52
[20:14:42] Step 10  | Risk: 0.6665 | Alert: CRITICAL | Failure: HDF             | Air: 304.3 | ProcT: 314.3 | RPM: 1442 | Torque: 43.4 | Wear: 91
[20:14:44] Step 11  | Risk: 0.3335 | Alert: WARNING  | Failure: TWF             | Air: 300.4 | ProcT: 310.4 | RPM: 1553 | Torque: 38.0 | Wear: 52
[20:14:44] Step 12  | Risk: 0.6667 | Alert: CRITICAL | Failure: HDF             | Air: 305.1 | ProcT: 315.1 | RPM: 1416 | Torque: 44.6 | Wear: 94
[20:14:45] Step 13  | Risk: 0.3334 | Alert: WARNING  | Failure: TWF             | Air: 300.3 | ProcT: 310.3 | RPM: 1553 | Torque: 38.0 | Wear: 52
[20:14:46] Step 14  | Risk: 0.6667 | Alert: CRITICAL | Failure: HDF             | Air: 305.9 | ProcT: 315.9 | RPM: 1388 | Torque: 45.8 | Wear: 98
[20:14:46] --- Session Reset ---
[20:14:47] Step 1   | Risk: 0.0194 | Alert: HEALTHY  | Failure: None            | Air: 300.3 | ProcT: 310.3 | RPM: 1551 | Torque: 38.0 | Wear: 52
[20:15:29] Step 2   | Risk: 0.0512 | Alert: HEALTHY  | Failure: None            | Air: 300.5 | ProcT: 310.5 | RPM: 1547 | Torque: 38.0 | Wear: 59
[20:15:30] Step 3   | Risk: 0.0467 | Alert: HEALTHY  | Failure: None            | Air: 300.5 | ProcT: 310.5 | RPM: 1546 | Torque: 38.0 | Wear: 59
[20:15:32] Step 4   | Risk: 0.0479 | Alert: HEALTHY  | Failure: None            | Air: 300.4 | ProcT: 310.4 | RPM: 1548 | Torque: 38.0 | Wear: 59
[20:15:34] Step 5   | Risk: 0.0322 | Alert: HEALTHY  | Failure: None            | Air: 300.5 | ProcT: 310.5 | RPM: 1547 | Torque: 38.0 | Wear: 59
[20:15:35] Step 6   | Risk: 0.0273 | Alert: HEALTHY  | Failure: None            | Air: 300.5 | ProcT: 310.5 | RPM: 1549 | Torque: 38.0 | Wear: 59
[20:15:37] Step 7   | Risk: 0.0267 | Alert: HEALTHY  | Failure: None            | Air: 300.4 | ProcT: 310.5 | RPM: 1550 | Torque: 38.0 | Wear: 60
[20:15:39] Step 8   | Risk: 0.0222 | Alert: HEALTHY  | Failure: None            | Air: 300.5 | ProcT: 310.4 | RPM: 1552 | Torque: 38.0 | Wear: 60
[20:15:40] Step 9   | Risk: 0.0219 | Alert: HEALTHY  | Failure: None            | Air: 300.5 | ProcT: 310.4 | RPM: 1547 | Torque: 38.0 | Wear: 60
[20:15:42] Step 10  | Risk: 0.0224 | Alert: HEALTHY  | Failure: None            | Air: 300.5 | ProcT: 310.4 | RPM: 1546 | Torque: 38.0 | Wear: 60
[20:15:43] Step 11  | Risk: 0.0235 | Alert: HEALTHY  | Failure: None            | Air: 300.5 | ProcT: 310.4 | RPM: 1548 | Torque: 38.0 | Wear: 60
[20:15:43] --- Session Reset ---
